--------- beginning of system
04-06 16:57:47.500  1708  1910 I ActivityManager: Start proc 5958:com.android.chrome:privileged_process0/u0a43 for service com.android.chrome/org.chromium.content.app.PrivilegedProcessService0
04-06 16:57:48.511  1708  3752 I ActivityManager: Start proc 6007:com.android.chrome:sandboxed_process1/u0i1 for webview_service com.android.chrome/org.chromium.content.app.SandboxedProcessService1
04-06 16:57:48.589  1708  3124 I ActivityManager: Start proc 6024:com.android.providers.partnerbookmarks/u0a64 for content provider com.android.providers.partnerbookmarks/.PartnerBookmarksProvider
04-06 16:57:48.598  1708  1724 I ActivityManager: Force stopping com.android.chrome appid=10043 user=-1: installPackageLI
04-06 16:57:48.599  1708  1724 I ActivityManager: Killing 2654:com.google.android.googlequicksearchbox:search/u0a30 (adj 500): stop com.android.chrome
--------- beginning of crash
04-06 16:57:48.604  6007  6007 E AndroidRuntime: FATAL EXCEPTION: main
04-06 16:57:48.604  6007  6007 E AndroidRuntime: Process: com.android.chrome:sandboxed_process1, PID: 6007
04-06 16:57:48.604  6007  6007 E AndroidRuntime: java.lang.RuntimeException: Unable to instantiate application org.chromium.chrome.browser.MonochromeApplicationInternal: java.lang.IllegalStateException: Unable to get package info for com.android.chrome; is package not installed?
04-06 16:57:48.604  6007  6007 E AndroidRuntime: 	at android.app.LoadedApk.makeApplication(LoadedApk.java:971)
04-06 16:57:48.604  6007  6007 E AndroidRuntime: 	at android.app.ActivityThread.handleBindApplication(ActivityThread.java:5765)
04-06 16:57:48.604  6007  6007 E AndroidRuntime: 	at android.app.ActivityThread.-wrap1(Unknown Source:0)
04-06 16:57:48.604  6007  6007 E AndroidRuntime: 	at android.app.ActivityThread$H.handleMessage(ActivityThread.java:1661)
04-06 16:57:48.604  6007  6007 E AndroidRuntime: 	at android.os.Handler.dispatchMessage(Handler.java:105)
04-06 16:57:48.604  6007  6007 E AndroidRuntime: 	at android.os.Looper.loop(Looper.java:164)
04-06 16:57:48.604  6007  6007 E AndroidRuntime: 	at android.app.ActivityThread.main(ActivityThread.java:6541)
04-06 16:57:48.604  6007  6007 E AndroidRuntime: 	at java.lang.reflect.Method.invoke(Native Method)
04-06 16:57:48.604  6007  6007 E AndroidRuntime: 	at com.android.internal.os.Zygote$MethodAndArgsCaller.run(Zygote.java:240)
04-06 16:57:48.604  6007  6007 E AndroidRuntime: 	at com.android.internal.os.WebViewZygoteInit.main(WebViewZygoteInit.java:121)
04-06 16:57:48.604  6007  6007 E AndroidRuntime: Caused by: java.lang.IllegalStateException: Unable to get package info for com.android.chrome; is package not installed?
04-06 16:57:48.604  6007  6007 E AndroidRuntime: 	at android.app.LoadedApk.initializeJavaContextClassLoader(LoadedApk.java:793)
04-06 16:57:48.604  6007  6007 E AndroidRuntime: 	at android.app.LoadedApk.makeApplication(LoadedApk.java:961)
04-06 16:57:48.604  6007  6007 E AndroidRuntime: 	... 9 more
04-06 16:57:48.604  1708  1724 W ActivityManager: Scheduling restart of crashed service com.google.android.googlequicksearchbox/com.google.android.apps.gsa.search.core.service.SearchService in 1000ms
04-06 16:57:48.604  1708  1724 W ActivityManager: Scheduling restart of crashed service com.google.android.googlequicksearchbox/com.google.android.apps.gsa.nowoverlayservice.DrawerOverlayService in 11000ms
04-06 16:57:48.608  1708  1724 I ActivityManager: Killing 5958:com.android.chrome:privileged_process0/u0a43 (adj 0): stop com.android.chrome
04-06 16:57:48.608  1708  1724 W ActivityManager: Scheduling restart of crashed service com.android.chrome/org.chromium.content.app.PrivilegedProcessService0 in 20997ms
04-06 16:57:48.613  1708  1724 I ActivityManager: Killing 5884:com.android.chrome/u0a43 (adj 0): stop com.android.chrome
04-06 16:57:48.615  1708  1738 W PackageManager: Trying to update system app code path from /system/app/Chrome to /data/app/com.android.chrome-QyyER_Jfffru-w6NRbnn5g==
04-06 16:57:48.616  1708  1738 W PackageManager: Code path for com.android.chrome changing from /system/app/Chrome to /data/app/com.android.chrome-QyyER_Jfffru-w6NRbnn5g==
04-06 16:57:48.616  1708  1738 W PackageManager: Resource path for com.android.chrome changing from /system/app/Chrome to /data/app/com.android.chrome-QyyER_Jfffru-w6NRbnn5g==
04-06 16:57:48.623  1708  1910 D ConnectivityService: ConnectivityService NetworkRequestInfo binderDied(NetworkRequest [ LISTEN id=6, [ Capabilities: INTERNET&NOT_RESTRICTED&TRUSTED] ], android.os.BinderProxy@44c0cfa)
04-06 16:57:48.628  1708  1724 W ActivityManager: Force removing ActivityRecord{179d513 u0 com.android.chrome/org.chromium.chrome.browser.firstrun.FirstRunActivity t9}: app died, no saved state
04-06 16:57:48.632  1708  1857 E ConnectivityService: RemoteException caught trying to send a callback msg for NetworkRequest [ LISTEN id=6, [ Capabilities: INTERNET&NOT_RESTRICTED&TRUSTED] ]
04-06 16:57:48.664  1708  1724 I WindowManager: Failed to capture screenshot of Token{f7db350 ActivityRecord{179d513 u0 com.android.chrome/org.chromium.chrome.browser.firstrun.FirstRunActivity t9 f}} appWin=Window{4bb1d67 u0 com.android.chrome/org.chromium.chrome.browser.firstrun.FirstRunActivity} drawState=4
04-06 16:57:48.675  1708  2483 I WindowManager: WIN DEATH: Window{a03f4a6 u0 com.google.android.apps.nexuslauncher/com.google.android.apps.nexuslauncher.NexusLauncherActivity}
04-06 16:57:48.708  1708  3656 D ConnectivityService: ConnectivityService NetworkRequestInfo binderDied(NetworkRequest [ LISTEN id=7, [ Capabilities: INTERNET&NOT_RESTRICTED&TRUSTED&FOREGROUND] ], android.os.BinderProxy@3bdfec6)
04-06 16:57:48.713  1708  1857 E ConnectivityService: RemoteException caught trying to send a callback msg for NetworkRequest [ LISTEN id=7, [ Capabilities: INTERNET&NOT_RESTRICTED&TRUSTED&FOREGROUND] ]
04-06 16:57:48.717  1708  2264 D ConnectivityService: ConnectivityService NetworkRequestInfo binderDied(NetworkRequest [ LISTEN id=8, [ Capabilities: INTERNET&NOT_RESTRICTED&TRUSTED&FOREGROUND] ], android.os.BinderProxy@ea9fe87)
04-06 16:57:48.718  1708  2487 I WindowManager: WIN DEATH: Window{cdc2802 u0 com.android.chrome/org.chromium.chrome.browser.ChromeTabbedActivity}
04-06 16:57:48.721  1708  1857 E ConnectivityService: RemoteException caught trying to send a callback msg for NetworkRequest [ LISTEN id=8, [ Capabilities: INTERNET&NOT_RESTRICTED&TRUSTED&FOREGROUND] ]
04-06 16:57:48.808  1708  1724 I ActivityManager: Start proc 6049:com.android.chrome/u0a43 for activity com.android.chrome/org.chromium.chrome.browser.ChromeTabbedActivity
04-06 16:57:48.812  1708  1724 I ActivityManager: Killing 6007:com.android.chrome:sandboxed_process1/u0a43i1 (adj 0): isolated not needed
04-06 16:57:48.813  1708  1724 I ActivityManager: Killing 5916:com.android.chrome:sandboxed_process0/u0a43i0 (adj 0): isolated not needed
04-06 16:57:48.815  1708  1724 I ActivityManager:   Force finishing activity ActivityRecord{3bab1fa u0 com.android.chrome/org.chromium.chrome.browser.ChromeTabbedActivity t9}
04-06 16:57:48.831  1708  1724 I ActivityManager:   Force finishing activity ActivityRecord{3bab1fa u0 com.android.chrome/org.chromium.chrome.browser.ChromeTabbedActivity t9 f}
04-06 16:57:48.833  1708  1724 W ActivityManager: Duplicate finish request for ActivityRecord{3bab1fa u0 com.android.chrome/org.chromium.chrome.browser.ChromeTabbedActivity t9 f}
04-06 16:57:48.870  1708  1727 E KernelCpuSpeedReader: Failed to read cpu-freq: /sys/devices/system/cpu/cpu0/cpufreq/stats/time_in_state (No such file or directory)
04-06 16:57:48.872  1708  1727 E KernelUidCpuFreqTimeReader: Failed to read /proc/uid_time_in_state: java.io.FileNotFoundException: /proc/uid_time_in_state (No such file or directory)
04-06 16:57:48.908  1708  1727 E KernelCpuSpeedReader: Failed to read cpu-freq: /sys/devices/system/cpu/cpu0/cpufreq/stats/time_in_state (No such file or directory)
04-06 16:57:48.910  1708  1727 E KernelUidCpuFreqTimeReader: Failed to read /proc/uid_time_in_state: java.io.FileNotFoundException: /proc/uid_time_in_state (No such file or directory)
04-06 16:57:48.919  1708  1725 W Looper  : Dispatch took 305ms on android.ui, h=Handler (com.android.server.am.ActivityManagerService$UiHandler) {ab206dc} cb=null msg=53
04-06 16:57:48.942  1708  1733 W ActivityManager: setHasOverlayUi called on unknown pid: 2654
04-06 16:57:48.942  1708  1733 W ActivityManager: setHasOverlayUi called on unknown pid: 5884
04-06 16:57:48.951  5069  5615 E ActivityThread: Failed to find provider info for instantapp-dev-manager
04-06 16:57:48.968  1708  1725 I ActivityManager: Showing crash dialog for package com.android.chrome u0
04-06 16:57:48.969  1708  1738 I ActivityManager: Force stopping com.android.chrome appid=10043 user=0: pkg removed
04-06 16:57:48.969  1708  1738 I ActivityManager: Killing 6049:com.android.chrome/u0a43 (adj 900): stop com.android.chrome
04-06 16:57:48.986  1708  1738 I ActivityManager:   Force finishing activity ActivityRecord{3bab1fa u0 com.android.chrome/org.chromium.chrome.browser.ChromeTabbedActivity t9 f}
04-06 16:57:48.986  1708  1738 W ActivityManager: Duplicate finish request for ActivityRecord{3bab1fa u0 com.android.chrome/org.chromium.chrome.browser.ChromeTabbedActivity t9 f}
04-06 16:57:49.006  1708  1910 I ActivityManager: Start proc 6069:com.google.android.googlequicksearchbox:search/u0a30 for service com.google.android.googlequicksearchbox/com.google.android.apps.gsa.nowoverlayservice.DrawerOverlayService
04-06 16:57:49.025  1708  1724 W BroadcastQueue: Background execution not allowed: receiving Intent { act=android.intent.action.PACKAGE_REMOVED dat=package:com.android.chrome flg=0x4000010 (has extras) } to com.android.vending/com.google.android.finsky.packagemanager.impl.PackageMonitorReceiverImpl$RegisteredReceiver
04-06 16:57:49.025  1708  1724 W BroadcastQueue: Background execution not allowed: receiving Intent { act=android.intent.action.PACKAGE_REMOVED dat=package:com.android.chrome flg=0x4000010 (has extras) } to com.android.vending/com.google.android.finsky.instantapps.appmanagement.InstantAppRemoveMonitor
04-06 16:57:49.026  1708  1724 W BroadcastQueue: Background execution not allowed: receiving Intent { act=android.intent.action.PACKAGE_REMOVED dat=package:com.android.chrome flg=0x4000010 (has extras) } to com.google.android.gms/.games.chimera.GamesSystemBroadcastReceiverProxy
04-06 16:57:49.026  1708  1724 W BroadcastQueue: Background execution not allowed: receiving Intent { act=android.intent.action.PACKAGE_REMOVED dat=package:com.android.chrome flg=0x4000010 (has extras) } to com.google.android.gms/.photos.autobackup.PhotosAppUninstalledReceiver
04-06 16:57:49.026  1708  1724 W BroadcastQueue: Background execution not allowed: receiving Intent { act=android.intent.action.PACKAGE_REMOVED dat=package:com.android.chrome flg=0x4000010 (has extras) } to com.google.android.gms/.chimera.GmsIntentOperationService$PersistentTrustedReceiver
04-06 16:57:49.029  1708  1724 W BroadcastQueue: Background execution not allowed: receiving Intent { act=android.intent.action.PACKAGE_REMOVED dat=package:com.android.chrome flg=0x4000010 (has extras) } to com.google.android.googlequicksearchbox/com.google.android.apps.gsa.googlequicksearchbox.GelStubAppWatcher
04-06 16:57:49.073  1708  1724 W BroadcastQueue: Background execution not allowed: receiving Intent { act=android.intent.action.PACKAGE_ADDED dat=package:com.android.chrome flg=0x4000010 (has extras) } to com.android.vending/com.google.android.finsky.packagemanager.impl.PackageMonitorReceiverImpl$RegisteredReceiver
04-06 16:57:49.075  1708  1724 W BroadcastQueue: Background execution not allowed: receiving Intent { act=android.intent.action.PACKAGE_ADDED dat=package:com.android.chrome flg=0x4000010 (has extras) } to com.google.android.gms/.games.chimera.GamesSystemBroadcastReceiverProxy
04-06 16:57:49.112  1708  1724 W BroadcastQueue: Background execution not allowed: receiving Intent { act=android.intent.action.PACKAGE_ADDED dat=package:com.android.chrome flg=0x4000010 (has extras) } to com.google.android.gms/.gass.chimera.PackageChangeBroadcastReceiver
04-06 16:57:49.113  1708  1724 W BroadcastQueue: Background execution not allowed: receiving Intent { act=android.intent.action.PACKAGE_ADDED dat=package:com.android.chrome flg=0x4000010 (has extras) } to com.google.android.gms/.chimera.GmsIntentOperationService$PersistentTrustedReceiver
04-06 16:57:49.133  1708  1725 W Looper  : Dispatch took 177ms on android.ui, h=Handler (com.android.server.am.ActivityManagerService$UiHandler) {ab206dc} cb=null msg=1
04-06 16:57:49.146  1708  1724 W BroadcastQueue: Background execution not allowed: receiving Intent { act=android.intent.action.PACKAGE_ADDED dat=package:com.android.chrome flg=0x4000010 (has extras) } to com.google.android.googlequicksearchbox/com.google.android.apps.gsa.googlequicksearchbox.GelStubAppWatcher
04-06 16:57:49.146  1708  1724 W BroadcastQueue: Background execution not allowed: receiving Intent { act=android.intent.action.PACKAGE_REPLACED dat=package:com.android.chrome flg=0x4000010 (has extras) } to com.google.android.apps.photos/.backgroundsignin.BackgroundSignInBroadcastReceiver
04-06 16:57:49.147  1708  1724 W BroadcastQueue: Background execution not allowed: receiving Intent { act=android.intent.action.PACKAGE_REPLACED dat=package:com.android.chrome flg=0x4000010 (has extras) } to com.google.android.apps.photos/.experiments.phenotype.full.PhenotypeAppUpgradeBroadcastReceiver
04-06 16:57:49.148  1708  1724 W BroadcastQueue: Background execution not allowed: receiving Intent { act=android.intent.action.PACKAGE_REPLACED dat=package:com.android.chrome flg=0x4000010 (has extras) } to com.google.android.apps.photos/.notificationchannels.AppUpdateBroadcastReceiver
04-06 16:57:49.148  1708  1724 W BroadcastQueue: Background execution not allowed: receiving Intent { act=android.intent.action.PACKAGE_REPLACED dat=package:com.android.chrome flg=0x4000010 (has extras) } to com.google.android.gms/.gass.chimera.PackageChangeBroadcastReceiver
04-06 16:57:49.148  1708  1724 W BroadcastQueue: Background execution not allowed: receiving Intent { act=android.intent.action.PACKAGE_REPLACED dat=package:com.android.chrome flg=0x4000010 (has extras) } to com.google.android.gms/.chimera.GmsIntentOperationService$PersistentTrustedReceiver
04-06 16:57:49.149  1708  1724 W BroadcastQueue: Background execution not allowed: receiving Intent { act=android.intent.action.PACKAGE_REPLACED dat=package:com.android.chrome flg=0x4000010 (has extras) } to com.google.android.googlequicksearchbox/com.google.android.apps.gsa.googlequicksearchbox.GelStubAppWatcher
04-06 16:57:49.149  1708  1724 W BroadcastQueue: Background execution not allowed: receiving Intent { act=android.intent.action.DROPBOX_ENTRY_ADDED flg=0x10 (has extras) } to com.google.android.gms/.stats.service.DropBoxEntryAddedReceiver
04-06 16:57:49.149  1708  1724 W BroadcastQueue: Background execution not allowed: receiving Intent { act=android.intent.action.DROPBOX_ENTRY_ADDED flg=0x10 (has extras) } to com.google.android.gms/.chimera.GmsIntentOperationService$PersistentTrustedReceiver
04-06 16:57:49.180  1708  1724 I ActivityManager: Start proc 6089:com.android.chrome/u0a43 for broadcast com.android.chrome/org.chromium.chrome.browser.upgrade.PackageReplacedBroadcastReceiver
04-06 16:57:49.233  1708  1708 E ActivityManager: Already have existing proc ProcessRecord{4dfb26b 1914:WebViewLoader-x86/1037} when adding ProcessRecord{55dc1c8 0:WebViewLoader-x86/1037}
04-06 16:57:49.246  1708  1708 I ActivityManager: Start proc 6103:WebViewLoader-x86/1037 [android.webkit.WebViewFactory$RelroFileCreator] for 
04-06 16:57:49.340  1708  1725 W Looper  : Dispatch took 205ms on android.ui, h=Handler (android.view.Choreographer$FrameHandler) {f7ed06c} cb=android.view.Choreographer$FrameDisplayEventReceiver@c07d635 msg=0
04-06 16:57:49.343  1708  1708 I Telecom : DefaultDialerCache: Refreshing default dialer for user 0: now com.google.android.dialer: DDC.oR@AJc
04-06 16:57:49.669  1708  3150 W BroadcastQueue: Background execution not allowed: receiving Intent { act=android.intent.action.DROPBOX_ENTRY_ADDED flg=0x10 (has extras) } to com.google.android.gms/.stats.service.DropBoxEntryAddedReceiver
04-06 16:57:49.673  1708  1724 W BroadcastQueue: Background execution not allowed: receiving Intent { act=android.intent.action.DROPBOX_ENTRY_ADDED flg=0x10 (has extras) } to com.google.android.gms/.chimera.GmsIntentOperationService$PersistentTrustedReceiver
04-06 16:57:50.185  1708  1725 W Looper  : Dispatch took 844ms on android.ui, h=Handler (android.view.Choreographer$FrameHandler) {f7ed06c} cb=android.view.Choreographer$FrameDisplayEventReceiver@c07d635 msg=0
04-06 16:57:50.283  1708  3170 W ActivityManager: Ignoring remove of inactive process: ProcessRecord{3b1e2ab 0:com.android.chrome:sandboxed_process1/u0a43i1}
04-06 16:57:50.341  1708  1877 E TaskPersister: File error accessing recents directory (directory doesn't exist?).
04-06 16:57:50.472  1708  1725 W ViewRootImpl[chrome]: Dropping event due to root view being removed: MotionEvent { action=ACTION_UP, actionButton=0, id[0]=0, x[0]=740.96606, y[0]=1013.9219, toolType[0]=TOOL_TYPE_FINGER, buttonState=0, metaState=0, flags=0x0, edgeFlags=0x0, pointerCount=1, historySize=0, eventTime=309555, downTime=309477, deviceId=0, source=0x1002 }
04-06 16:57:50.677  1708  1784 W AppOps  : Finishing op nesting under-run: uid 1000 pkg android code 24 time=0 duration=0 nesting=0
04-06 16:57:51.295  1708  3124 I ActivityManager: START u0 {act=android.intent.action.MAIN cat=[android.intent.category.LAUNCHER] flg=0x10200000 cmp=com.android.chrome/com.google.android.apps.chrome.Main bnds=[644,1584][851,1794]} from uid 10022
04-06 16:57:51.569  1708  2870 I ActivityManager: START u0 {cmp=com.android.chrome/org.chromium.chrome.browser.firstrun.FirstRunActivity (has extras)} from uid 10043
04-06 16:57:51.727  1708  1877 E TaskPersister: File error accessing recents directory (directory doesn't exist?).
04-06 16:57:52.166  1708  3124 W ActivityManager: Slow operation: 71ms so far, now at startProcess: returned from zygote!
04-06 16:57:52.166  1708  3124 W ActivityManager: Slow operation: 72ms so far, now at startProcess: done updating battery stats
04-06 16:57:52.166  1708  3124 W ActivityManager: Slow operation: 72ms so far, now at startProcess: building log message
04-06 16:57:52.167  1708  3124 I ActivityManager: Start proc 6207:com.android.chrome:sandboxed_process0/u0i2 for webview_service com.android.chrome/org.chromium.content.app.SandboxedProcessService0
04-06 16:57:52.167  1708  3124 W ActivityManager: Slow operation: 72ms so far, now at startProcess: starting to update pids map
04-06 16:57:52.167  1708  3124 W ActivityManager: Slow operation: 72ms so far, now at startProcess: done updating pids map
04-06 16:57:52.167  1708  3124 W ActivityManager: Slow operation: 72ms so far, now at startProcess: done starting proc!
04-06 16:57:55.403  1708  1877 E TaskPersister: File error accessing recents directory (directory doesn't exist?).
04-06 16:57:55.560  1708  3124 I ActivityManager: START u0 {act=android.intent.action.MAIN cat=[android.intent.category.LAUNCHER] flg=0x10200000 cmp=com.android.chrome/com.google.android.apps.chrome.Main bnds=[644,1584][851,1794] (has extras)} from uid 10043
04-06 16:57:55.835  1708  1738 W PackageParser: No actions in intent filter at /data/app/vmdl1899305337.tmp/base.apk Binary XML file line #1734
04-06 16:57:56.223  1708  1911 I ActivityManager: Start proc 6240:com.android.chrome:privileged_process0/u0a43 for service com.android.chrome/org.chromium.content.app.PrivilegedProcessService0
04-06 16:57:56.794  1708  3656 I ActivityManager: Start proc 6280:com.android.chrome:sandboxed_process1/u0i3 for webview_service com.android.chrome/org.chromium.content.app.SandboxedProcessService1
04-06 16:57:59.078  1708  1877 E TaskPersister: File error accessing recents directory (directory doesn't exist?).
04-06 16:58:00.830  1708  1797 I ActivityManager: START u0 {act=android.intent.action.MAIN cat=[android.intent.category.HOME] flg=0x10200000 cmp=com.google.android.apps.nexuslauncher/.NexusLauncherActivity (has extras)} from uid 1000
04-06 16:58:01.296  6069  6158 E ActivityThread: Failed to find provider info for com.google.android.apps.gsa.testing.ui.audio.recorded
04-06 16:58:02.289  1708  1719 I ActivityManager: Killing 6280:com.android.chrome:sandboxed_process1/u0a43i3 (adj 0): isolated not needed
04-06 16:58:02.307  1708  1727 E KernelCpuSpeedReader: Failed to read cpu-freq: /sys/devices/system/cpu/cpu0/cpufreq/stats/time_in_state (No such file or directory)
04-06 16:58:02.308  1708  1727 E KernelUidCpuFreqTimeReader: Failed to read /proc/uid_time_in_state: java.io.FileNotFoundException: /proc/uid_time_in_state (No such file or directory)
04-06 16:58:02.487  1708  1724 I ActivityManager: Force stopping com.google.android.apps.docs appid=10051 user=-1: installPackageLI
04-06 16:58:02.494  1708  1738 W PackageManager: Trying to update system app code path from /system/app/Drive to /data/app/com.google.android.apps.docs-W8YPH7sn9LO0F_PrlJEmlg==
04-06 16:58:02.494  1708  1738 W PackageManager: Code path for com.google.android.apps.docs changing from /system/app/Drive to /data/app/com.google.android.apps.docs-W8YPH7sn9LO0F_PrlJEmlg==
04-06 16:58:02.494  1708  1738 W PackageManager: Resource path for com.google.android.apps.docs changing from /system/app/Drive to /data/app/com.google.android.apps.docs-W8YPH7sn9LO0F_PrlJEmlg==
04-06 16:58:02.609  1708  1738 I ActivityManager: Force stopping com.google.android.apps.docs appid=10051 user=0: pkg removed
04-06 16:58:02.633  1708  1724 W BroadcastQueue: Background execution not allowed: receiving Intent { act=android.intent.action.PACKAGE_REMOVED dat=package:com.google.android.apps.docs flg=0x4000010 (has extras) } to com.android.vending/com.google.android.finsky.packagemanager.impl.PackageMonitorReceiverImpl$RegisteredReceiver
04-06 16:58:02.633  1708  1724 W BroadcastQueue: Background execution not allowed: receiving Intent { act=android.intent.action.PACKAGE_REMOVED dat=package:com.google.android.apps.docs flg=0x4000010 (has extras) } to com.android.vending/com.google.android.finsky.instantapps.appmanagement.InstantAppRemoveMonitor
04-06 16:58:02.633  1708  1724 W BroadcastQueue: Background execution not allowed: receiving Intent { act=android.intent.action.PACKAGE_REMOVED dat=package:com.google.android.apps.docs flg=0x4000010 (has extras) } to com.google.android.gms/.games.chimera.GamesSystemBroadcastReceiverProxy
04-06 16:58:02.683  1708  1724 W BroadcastQueue: Background execution not allowed: receiving Intent { act=android.intent.action.PACKAGE_REMOVED dat=package:com.google.android.apps.docs flg=0x4000010 (has extras) } to com.google.android.gms/.photos.autobackup.PhotosAppUninstalledReceiver
04-06 16:58:02.683  1708  1724 W BroadcastQueue: Background execution not allowed: receiving Intent { act=android.intent.action.PACKAGE_REMOVED dat=package:com.google.android.apps.docs flg=0x4000010 (has extras) } to com.google.android.gms/.chimera.GmsIntentOperationService$PersistentTrustedReceiver
04-06 16:58:02.684  1708  1724 W BroadcastQueue: Background execution not allowed: receiving Intent { act=android.intent.action.PACKAGE_REMOVED dat=package:com.google.android.apps.docs flg=0x4000010 (has extras) } to com.google.android.googlequicksearchbox/com.google.android.apps.gsa.googlequicksearchbox.GelStubAppWatcher
04-06 16:58:02.684  1708  1724 W BroadcastQueue: Background execution not allowed: receiving Intent { act=android.intent.action.PACKAGE_ADDED dat=package:com.google.android.apps.docs flg=0x4000010 (has extras) } to com.android.vending/com.google.android.finsky.packagemanager.impl.PackageMonitorReceiverImpl$RegisteredReceiver
04-06 16:58:02.684  1708  1724 W BroadcastQueue: Background execution not allowed: receiving Intent { act=android.intent.action.PACKAGE_ADDED dat=package:com.google.android.apps.docs flg=0x4000010 (has extras) } to com.google.android.gms/.games.chimera.GamesSystemBroadcastReceiverProxy
04-06 16:58:02.685  1708  1724 W BroadcastQueue: Background execution not allowed: receiving Intent { act=android.intent.action.PACKAGE_ADDED dat=package:com.google.android.apps.docs flg=0x4000010 (has extras) } to com.google.android.gms/.gass.chimera.PackageChangeBroadcastReceiver
04-06 16:58:02.685  1708  1724 W BroadcastQueue: Background execution not allowed: receiving Intent { act=android.intent.action.PACKAGE_ADDED dat=package:com.google.android.apps.docs flg=0x4000010 (has extras) } to com.google.android.gms/.chimera.GmsIntentOperationService$PersistentTrustedReceiver
04-06 16:58:02.685  1708  1724 W BroadcastQueue: Background execution not allowed: receiving Intent { act=android.intent.action.PACKAGE_ADDED dat=package:com.google.android.apps.docs flg=0x4000010 (has extras) } to com.google.android.googlequicksearchbox/com.google.android.apps.gsa.googlequicksearchbox.GelStubAppWatcher
04-06 16:58:02.686  1708  1724 W BroadcastQueue: Background execution not allowed: receiving Intent { act=android.intent.action.PACKAGE_REPLACED dat=package:com.google.android.apps.docs flg=0x4000010 (has extras) } to com.google.android.apps.photos/.backgroundsignin.BackgroundSignInBroadcastReceiver
04-06 16:58:02.686  1708  1724 W BroadcastQueue: Background execution not allowed: receiving Intent { act=android.intent.action.PACKAGE_REPLACED dat=package:com.google.android.apps.docs flg=0x4000010 (has extras) } to com.google.android.apps.photos/.experiments.phenotype.full.PhenotypeAppUpgradeBroadcastReceiver
04-06 16:58:02.686  1708  1724 W BroadcastQueue: Background execution not allowed: receiving Intent { act=android.intent.action.PACKAGE_REPLACED dat=package:com.google.android.apps.docs flg=0x4000010 (has extras) } to com.google.android.apps.photos/.notificationchannels.AppUpdateBroadcastReceiver
04-06 16:58:02.686  1708  1724 W BroadcastQueue: Background execution not allowed: receiving Intent { act=android.intent.action.PACKAGE_REPLACED dat=package:com.google.android.apps.docs flg=0x4000010 (has extras) } to com.google.android.gms/.gass.chimera.PackageChangeBroadcastReceiver
04-06 16:58:02.686  1708  1724 W BroadcastQueue: Background execution not allowed: receiving Intent { act=android.intent.action.PACKAGE_REPLACED dat=package:com.google.android.apps.docs flg=0x4000010 (has extras) } to com.google.android.gms/.chimera.GmsIntentOperationService$PersistentTrustedReceiver
04-06 16:58:02.686  1708  1724 W BroadcastQueue: Background execution not allowed: receiving Intent { act=android.intent.action.PACKAGE_REPLACED dat=package:com.google.android.apps.docs flg=0x4000010 (has extras) } to com.google.android.googlequicksearchbox/com.google.android.apps.gsa.googlequicksearchbox.GelStubAppWatcher
04-06 16:58:02.739  1708  1724 I ActivityManager: Start proc 6325:com.google.android.apps.docs/u0a51 for broadcast com.google.android.apps.docs/.notification.common.NotificationChannelReceiver
04-06 16:58:02.785  1708  1708 I Telecom : DefaultDialerCache: Refreshing default dialer for user 0: now com.google.android.dialer: DDC.oR@AJ0
04-06 16:58:02.920  1708  3125 D VoldConnector: SND -> {43 volume mkdirs /storage/emulated/0/Android/data/com.google.android.apps.docs/cache/}
04-06 16:58:02.922  1708  1802 D VoldConnector: RCV <- {200 43 Command succeeded}
04-06 16:58:06.391  6069  6158 E ActivityThread: Failed to find provider info for com.google.android.apps.gsa.testing.ui.audio.recorded
04-06 16:58:09.473  1708  1708 I Telecom : DefaultDialerCache: Refreshing default dialer for user 0: now com.google.android.dialer: DDC.oR@ALE
04-06 16:58:11.454  6069  6158 E ActivityThread: Failed to find provider info for com.google.android.apps.gsa.testing.ui.audio.recorded
04-06 16:58:13.693  1708  1727 E BatteryStatsService: modem info is invalid: ModemActivityInfo{ mTimestamp=0 mSleepTimeMs=0 mIdleTimeMs=0 mTxTimeMs[]=[0, 0, 0, 0, 0] mRxTimeMs=0 mEnergyUsed=0}
04-06 16:58:16.495  6069  6158 E ActivityThread: Failed to find provider info for com.google.android.apps.gsa.testing.ui.audio.recorded
04-06 16:58:20.348  1708  1797 I ActivityManager: START u0 {act=android.intent.action.MAIN cat=[android.intent.category.HOME] flg=0x10200000 cmp=com.google.android.apps.nexuslauncher/.NexusLauncherActivity (has extras)} from uid 1000
04-06 16:58:21.535  6069  6165 E ActivityThread: Failed to find provider info for com.google.android.apps.gsa.testing.ui.audio.recorded
04-06 16:58:25.642  1708  1724 I ActivityManager: Force stopping com.google.android.apps.maps appid=10063 user=-1: installPackageLI
04-06 16:58:25.642  1708  1724 I ActivityManager: Killing 4892:com.google.android.apps.maps/u0a63 (adj 904): stop com.google.android.apps.maps
04-06 16:58:25.649  1708  1724 I ActivityManager: Killing 3822:com.google.android.configupdater/u0a4 (adj 906): empty #17
04-06 16:58:25.653  1708  1738 W PackageManager: Trying to update system app code path from /system/app/Maps to /data/app/com.google.android.apps.maps-Cx6uZhcijvbiLYc8cO9P2A==
04-06 16:58:25.653  1708  1738 W PackageManager: Code path for com.google.android.apps.maps changing from /system/app/Maps to /data/app/com.google.android.apps.maps-Cx6uZhcijvbiLYc8cO9P2A==
04-06 16:58:25.653  1708  1738 W PackageManager: Resource path for com.google.android.apps.maps changing from /system/app/Maps to /data/app/com.google.android.apps.maps-Cx6uZhcijvbiLYc8cO9P2A==
04-06 16:58:25.721  1708  3657 I ActivityManager: Killing 5147:com.google.android.gms.ui/u0a11 (adj 906): empty #17
04-06 16:58:25.726  1708  1738 I ActivityManager: Force stopping com.google.android.apps.maps appid=10063 user=0: pkg removed
04-06 16:58:25.749  1708  1724 W BroadcastQueue: Background execution not allowed: receiving Intent { act=android.intent.action.PACKAGE_REMOVED dat=package:com.google.android.apps.maps flg=0x4000010 (has extras) } to com.android.vending/com.google.android.finsky.packagemanager.impl.PackageMonitorReceiverImpl$RegisteredReceiver
04-06 16:58:25.750  1708  1724 W BroadcastQueue: Background execution not allowed: receiving Intent { act=android.intent.action.PACKAGE_REMOVED dat=package:com.google.android.apps.maps flg=0x4000010 (has extras) } to com.android.vending/com.google.android.finsky.instantapps.appmanagement.InstantAppRemoveMonitor
04-06 16:58:25.754  1708  1724 W BroadcastQueue: Background execution not allowed: receiving Intent { act=android.intent.action.PACKAGE_REMOVED dat=package:com.google.android.apps.maps flg=0x4000010 (has extras) } to com.google.android.gms/.games.chimera.GamesSystemBroadcastReceiverProxy
04-06 16:58:25.784  1708  1724 W BroadcastQueue: Background execution not allowed: receiving Intent { act=android.intent.action.PACKAGE_REMOVED dat=package:com.google.android.apps.maps flg=0x4000010 (has extras) } to com.google.android.gms/.photos.autobackup.PhotosAppUninstalledReceiver
04-06 16:58:25.785  1708  1724 W BroadcastQueue: Background execution not allowed: receiving Intent { act=android.intent.action.PACKAGE_REMOVED dat=package:com.google.android.apps.maps flg=0x4000010 (has extras) } to com.google.android.gms/.chimera.GmsIntentOperationService$PersistentTrustedReceiver
04-06 16:58:25.789  1708  1724 W BroadcastQueue: Background execution not allowed: receiving Intent { act=android.intent.action.PACKAGE_REMOVED dat=package:com.google.android.apps.maps flg=0x4000010 (has extras) } to com.google.android.googlequicksearchbox/com.google.android.apps.gsa.googlequicksearchbox.GelStubAppWatcher
04-06 16:58:25.790  1708  1724 W BroadcastQueue: Background execution not allowed: receiving Intent { act=android.intent.action.PACKAGE_ADDED dat=package:com.google.android.apps.maps flg=0x4000010 (has extras) } to com.android.vending/com.google.android.finsky.packagemanager.impl.PackageMonitorReceiverImpl$RegisteredReceiver
04-06 16:58:25.790  1708  1724 W BroadcastQueue: Background execution not allowed: receiving Intent { act=android.intent.action.PACKAGE_ADDED dat=package:com.google.android.apps.maps flg=0x4000010 (has extras) } to com.google.android.gms/.games.chimera.GamesSystemBroadcastReceiverProxy
04-06 16:58:25.791  1708  1724 W BroadcastQueue: Background execution not allowed: receiving Intent { act=android.intent.action.PACKAGE_ADDED dat=package:com.google.android.apps.maps flg=0x4000010 (has extras) } to com.google.android.gms/.gass.chimera.PackageChangeBroadcastReceiver
04-06 16:58:25.796  1708  1724 W BroadcastQueue: Background execution not allowed: receiving Intent { act=android.intent.action.PACKAGE_ADDED dat=package:com.google.android.apps.maps flg=0x4000010 (has extras) } to com.google.android.gms/.chimera.GmsIntentOperationService$PersistentTrustedReceiver
04-06 16:58:25.797  1708  1724 W BroadcastQueue: Background execution not allowed: receiving Intent { act=android.intent.action.PACKAGE_ADDED dat=package:com.google.android.apps.maps flg=0x4000010 (has extras) } to com.google.android.googlequicksearchbox/com.google.android.apps.gsa.googlequicksearchbox.GelStubAppWatcher
04-06 16:58:25.798  1708  1724 W BroadcastQueue: Background execution not allowed: receiving Intent { act=android.intent.action.PACKAGE_REPLACED dat=package:com.google.android.apps.maps flg=0x4000010 (has extras) } to com.google.android.apps.photos/.backgroundsignin.BackgroundSignInBroadcastReceiver
04-06 16:58:25.801  1708  1724 W BroadcastQueue: Background execution not allowed: receiving Intent { act=android.intent.action.PACKAGE_REPLACED dat=package:com.google.android.apps.maps flg=0x4000010 (has extras) } to com.google.android.apps.photos/.experiments.phenotype.full.PhenotypeAppUpgradeBroadcastReceiver
04-06 16:58:25.802  1708  1724 W BroadcastQueue: Background execution not allowed: receiving Intent { act=android.intent.action.PACKAGE_REPLACED dat=package:com.google.android.apps.maps flg=0x4000010 (has extras) } to com.google.android.apps.photos/.notificationchannels.AppUpdateBroadcastReceiver
04-06 16:58:25.803  1708  1724 W BroadcastQueue: Background execution not allowed: receiving Intent { act=android.intent.action.PACKAGE_REPLACED dat=package:com.google.android.apps.maps flg=0x4000010 (has extras) } to com.google.android.gms/.gass.chimera.PackageChangeBroadcastReceiver
04-06 16:58:25.803  1708  1724 W BroadcastQueue: Background execution not allowed: receiving Intent { act=android.intent.action.PACKAGE_REPLACED dat=package:com.google.android.apps.maps flg=0x4000010 (has extras) } to com.google.android.gms/.chimera.GmsIntentOperationService$PersistentTrustedReceiver
04-06 16:58:25.803  1708  1724 W BroadcastQueue: Background execution not allowed: receiving Intent { act=android.intent.action.PACKAGE_REPLACED dat=package:com.google.android.apps.maps flg=0x4000010 (has extras) } to com.google.android.googlequicksearchbox/com.google.android.apps.gsa.googlequicksearchbox.GelStubAppWatcher
04-06 16:58:25.825  1708  1724 I ActivityManager: Start proc 6467:com.google.android.apps.maps/u0a63 for broadcast com.google.android.apps.maps/com.google.android.apps.gmm.navigation.service.detection.StartDetectionReceiver
04-06 16:58:25.938  1708  1708 I Telecom : DefaultDialerCache: Refreshing default dialer for user 0: now com.google.android.dialer: DDC.oR@ALQ
04-06 16:58:26.657  6069  6165 E ActivityThread: Failed to find provider info for com.google.android.apps.gsa.testing.ui.audio.recorded
04-06 16:58:31.709  6069  6165 E ActivityThread: Failed to find provider info for com.google.android.apps.gsa.testing.ui.audio.recorded
04-06 16:58:33.404  1708  1738 W PackageParser: No actions in intent filter at /data/app/vmdl1422767099.tmp/base.apk Binary XML file line #1300
04-06 16:58:36.751  6069  6165 E ActivityThread: Failed to find provider info for com.google.android.apps.gsa.testing.ui.audio.recorded
04-06 16:58:38.164  1708  1724 I ActivityManager: Force stopping com.google.android.apps.messaging appid=10066 user=-1: installPackageLI
04-06 16:58:38.164  1708  1724 I ActivityManager: Killing 4374:com.google.android.apps.messaging/u0a66 (adj 904): stop com.google.android.apps.messaging
04-06 16:58:38.172  1708  1738 W PackageManager: Trying to update system app code path from /system/app/PrebuiltBugle to /data/app/com.google.android.apps.messaging-dP5Cj0yZJjqm99viK8xTMQ==
04-06 16:58:38.172  1708  1738 W PackageManager: Code path for com.google.android.apps.messaging changing from /system/app/PrebuiltBugle to /data/app/com.google.android.apps.messaging-dP5Cj0yZJjqm99viK8xTMQ==
04-06 16:58:38.172  1708  1738 W PackageManager: Resource path for com.google.android.apps.messaging changing from /system/app/PrebuiltBugle to /data/app/com.google.android.apps.messaging-dP5Cj0yZJjqm99viK8xTMQ==
04-06 16:58:38.181  1708  1724 I ActivityManager: Killing 4398:com.google.android.apps.messaging:rcs/u0a66 (adj 0): stop com.google.android.apps.messaging
04-06 16:58:38.209  1708  1738 I PackageManager: Removing old permission: com.google.android.apps.messaging.services.ACCESS_JIBESERVICE from package com.google.android.apps.messaging
04-06 16:58:38.261  1708  1738 I ActivityManager: Force stopping com.google.android.apps.messaging appid=10066 user=0: pkg removed
04-06 16:58:38.328  1708  1724 W BroadcastQueue: Background execution not allowed: receiving Intent { act=android.intent.action.PACKAGE_REMOVED dat=package:com.google.android.apps.messaging flg=0x4000010 (has extras) } to com.android.vending/com.google.android.finsky.packagemanager.impl.PackageMonitorReceiverImpl$RegisteredReceiver
04-06 16:58:38.328  1708  1724 W BroadcastQueue: Background execution not allowed: receiving Intent { act=android.intent.action.PACKAGE_REMOVED dat=package:com.google.android.apps.messaging flg=0x4000010 (has extras) } to com.android.vending/com.google.android.finsky.instantapps.appmanagement.InstantAppRemoveMonitor
04-06 16:58:38.328  1708  1724 W BroadcastQueue: Background execution not allowed: receiving Intent { act=android.intent.action.PACKAGE_REMOVED dat=package:com.google.android.apps.messaging flg=0x4000010 (has extras) } to com.google.android.gms/.games.chimera.GamesSystemBroadcastReceiverProxy
04-06 16:58:38.329  1708  1724 W BroadcastQueue: Background execution not allowed: receiving Intent { act=android.intent.action.PACKAGE_REMOVED dat=package:com.google.android.apps.messaging flg=0x4000010 (has extras) } to com.google.android.gms/.photos.autobackup.PhotosAppUninstalledReceiver
04-06 16:58:38.330  1708  1724 W BroadcastQueue: Background execution not allowed: receiving Intent { act=android.intent.action.PACKAGE_REMOVED dat=package:com.google.android.apps.messaging flg=0x4000010 (has extras) } to com.google.android.gms/.chimera.GmsIntentOperationService$PersistentTrustedReceiver
04-06 16:58:38.331  1708  1724 W BroadcastQueue: Background execution not allowed: receiving Intent { act=android.intent.action.PACKAGE_REMOVED dat=package:com.google.android.apps.messaging flg=0x4000010 (has extras) } to com.google.android.googlequicksearchbox/com.google.android.apps.gsa.googlequicksearchbox.GelStubAppWatcher
04-06 16:58:38.333  1708  1724 W BroadcastQueue: Background execution not allowed: receiving Intent { act=android.intent.action.PACKAGE_ADDED dat=package:com.google.android.apps.messaging flg=0x4000010 (has extras) } to com.android.vending/com.google.android.finsky.packagemanager.impl.PackageMonitorReceiverImpl$RegisteredReceiver
04-06 16:58:38.335  1708  1724 W BroadcastQueue: Background execution not allowed: receiving Intent { act=android.intent.action.PACKAGE_ADDED dat=package:com.google.android.apps.messaging flg=0x4000010 (has extras) } to com.google.android.gms/.games.chimera.GamesSystemBroadcastReceiverProxy
04-06 16:58:38.336  1708  1724 W BroadcastQueue: Background execution not allowed: receiving Intent { act=android.intent.action.PACKAGE_ADDED dat=package:com.google.android.apps.messaging flg=0x4000010 (has extras) } to com.google.android.gms/.gass.chimera.PackageChangeBroadcastReceiver
04-06 16:58:38.338  1708  1724 W BroadcastQueue: Background execution not allowed: receiving Intent { act=android.intent.action.PACKAGE_ADDED dat=package:com.google.android.apps.messaging flg=0x4000010 (has extras) } to com.google.android.gms/.chimera.GmsIntentOperationService$PersistentTrustedReceiver
04-06 16:58:38.339  1708  1724 W BroadcastQueue: Background execution not allowed: receiving Intent { act=android.intent.action.PACKAGE_ADDED dat=package:com.google.android.apps.messaging flg=0x4000010 (has extras) } to com.google.android.googlequicksearchbox/com.google.android.apps.gsa.googlequicksearchbox.GelStubAppWatcher
04-06 16:58:38.340  1708  1724 W BroadcastQueue: Background execution not allowed: receiving Intent { act=android.intent.action.PACKAGE_REPLACED dat=package:com.google.android.apps.messaging flg=0x4000010 (has extras) } to com.google.android.apps.photos/.backgroundsignin.BackgroundSignInBroadcastReceiver
04-06 16:58:38.342  1708  1724 W BroadcastQueue: Background execution not allowed: receiving Intent { act=android.intent.action.PACKAGE_REPLACED dat=package:com.google.android.apps.messaging flg=0x4000010 (has extras) } to com.google.android.apps.photos/.experiments.phenotype.full.PhenotypeAppUpgradeBroadcastReceiver
04-06 16:58:38.343  1708  1724 W BroadcastQueue: Background execution not allowed: receiving Intent { act=android.intent.action.PACKAGE_REPLACED dat=package:com.google.android.apps.messaging flg=0x4000010 (has extras) } to com.google.android.apps.photos/.notificationchannels.AppUpdateBroadcastReceiver
04-06 16:58:38.343  1708  1724 W BroadcastQueue: Background execution not allowed: receiving Intent { act=android.intent.action.PACKAGE_REPLACED dat=package:com.google.android.apps.messaging flg=0x4000010 (has extras) } to com.google.android.gms/.gass.chimera.PackageChangeBroadcastReceiver
04-06 16:58:38.347  1708  1724 W BroadcastQueue: Background execution not allowed: receiving Intent { act=android.intent.action.PACKAGE_REPLACED dat=package:com.google.android.apps.messaging flg=0x4000010 (has extras) } to com.google.android.gms/.chimera.GmsIntentOperationService$PersistentTrustedReceiver
04-06 16:58:38.364  1708  1724 W BroadcastQueue: Background execution not allowed: receiving Intent { act=android.intent.action.PACKAGE_REPLACED dat=package:com.google.android.apps.messaging flg=0x4000010 (has extras) } to com.google.android.googlequicksearchbox/com.google.android.apps.gsa.googlequicksearchbox.GelStubAppWatcher
04-06 16:58:38.379  1708  1724 I ActivityManager: Start proc 6599:com.google.android.apps.messaging/u0a66 for broadcast com.google.android.apps.messaging/.shared.receiver.BootAndPackageReplacedReceiver
04-06 16:58:38.399  1708  1708 I Telecom : DefaultDialerCache: Refreshing default dialer for user 0: now com.google.android.dialer: DDC.oR@ALg
04-06 16:58:38.428  1708  1708 I Telecom : DefaultDialerCache: Refreshing default dialer for user 0: now com.google.android.dialer: DDC.oR@ALo
04-06 16:58:39.180  1708  2264 W ActivityManager: Background start not allowed: service Intent { cmp=com.google.android.apps.messaging/.shared.datamodel.action.execution.ActionExecutorImpl$EmptyService } to com.google.android.apps.messaging/.shared.datamodel.action.execution.ActionExecutorImpl$EmptyService from pid=6599 uid=10066 pkg=com.google.android.apps.messaging
04-06 16:58:39.312  1708  2870 I ActivityManager: Start proc 6670:com.google.android.apps.messaging:rcs/u0a66 for broadcast com.google.android.apps.messaging/com.google.android.ims.receiver.AutoStartReceiver
04-06 16:58:39.317  1708  1911 W ActivityManager: Background start not allowed: service Intent { cmp=com.google.android.apps.messaging/.shared.datamodel.action.execution.ActionExecutorImpl$EmptyService } to com.google.android.apps.messaging/.shared.datamodel.action.execution.ActionExecutorImpl$EmptyService from pid=6599 uid=10066 pkg=com.google.android.apps.messaging
04-06 16:58:39.483  1708  1719 W ActivityManager: Background start not allowed: service Intent { cmp=com.google.android.apps.messaging/.shared.datamodel.action.execution.ActionExecutorImpl$EmptyService } to com.google.android.apps.messaging/.shared.datamodel.action.execution.ActionExecutorImpl$EmptyService from pid=6599 uid=10066 pkg=com.google.android.apps.messaging
04-06 16:58:39.864  1708  3124 W ActivityManager: Background start not allowed: service Intent { cmp=com.google.android.apps.messaging/.shared.datamodel.action.execution.ActionExecutorImpl$EmptyService } to com.google.android.apps.messaging/.shared.datamodel.action.execution.ActionExecutorImpl$EmptyService from pid=6599 uid=10066 pkg=com.google.android.apps.messaging
04-06 16:58:40.138  1708  3125 W ActivityManager: Background start not allowed: service Intent { cmp=com.google.android.apps.messaging/.shared.datamodel.action.execution.ActionExecutorImpl$EmptyService } to com.google.android.apps.messaging/.shared.datamodel.action.execution.ActionExecutorImpl$EmptyService from pid=6599 uid=10066 pkg=com.google.android.apps.messaging
04-06 16:58:40.312  1708  3751 W BroadcastQueue: Background execution not allowed: receiving Intent { act=android.server.checkin.CHECKIN flg=0x10 } to com.google.android.gms/.checkin.CheckinServiceTriggerReceiver
04-06 16:58:40.490  1708  3751 W ActivityManager: Background start not allowed: service Intent { cmp=com.google.android.apps.messaging/.shared.datamodel.action.execution.ActionExecutorImpl$EmptyService } to com.google.android.apps.messaging/.shared.datamodel.action.execution.ActionExecutorImpl$EmptyService from pid=6599 uid=10066 pkg=com.google.android.apps.messaging
04-06 16:58:40.850  1708  2419 W ActivityManager: Background start not allowed: service Intent { cmp=com.google.android.apps.messaging/.shared.datamodel.action.execution.ActionExecutorImpl$EmptyService } to com.google.android.apps.messaging/.shared.datamodel.action.execution.ActionExecutorImpl$EmptyService from pid=6599 uid=10066 pkg=com.google.android.apps.messaging
04-06 16:58:40.892  1708  3124 W ActivityManager: Background start not allowed: service Intent { cmp=com.google.android.apps.messaging/.shared.datamodel.action.execution.ActionExecutorImpl$EmptyService } to com.google.android.apps.messaging/.shared.datamodel.action.execution.ActionExecutorImpl$EmptyService from pid=6599 uid=10066 pkg=com.google.android.apps.messaging
04-06 16:58:41.072  1708  1725 W Looper  : Dispatch took 172ms on android.ui, h=Handler (com.android.server.am.ActivityManagerService$UiHandler) {ab206dc} cb=null msg=53
04-06 16:58:41.421  1708  3656 W ActivityManager: Background start not allowed: service Intent { cmp=com.google.android.apps.messaging/.shared.datamodel.action.execution.ActionExecutorImpl$EmptyService } to com.google.android.apps.messaging/.shared.datamodel.action.execution.ActionExecutorImpl$EmptyService from pid=6599 uid=10066 pkg=com.google.android.apps.messaging
04-06 16:58:41.654  1708  2483 W ActivityManager: Background start not allowed: service Intent { cmp=com.google.android.apps.messaging/.shared.datamodel.action.execution.ActionExecutorImpl$EmptyService } to com.google.android.apps.messaging/.shared.datamodel.action.execution.ActionExecutorImpl$EmptyService from pid=6599 uid=10066 pkg=com.google.android.apps.messaging
04-06 16:58:41.825  6069  6165 E ActivityThread: Failed to find provider info for com.google.android.apps.gsa.testing.ui.audio.recorded
04-06 16:58:44.784  1708  1719 W ActivityManager: Background start not allowed: service Intent { cmp=com.google.android.apps.messaging/.shared.datamodel.action.execution.ActionExecutorImpl$EmptyService } to com.google.android.apps.messaging/.shared.datamodel.action.execution.ActionExecutorImpl$EmptyService from pid=6599 uid=10066 pkg=com.google.android.apps.messaging
04-06 16:58:44.786  1708  3124 W ActivityManager: Background start not allowed: service Intent { cmp=com.google.android.apps.messaging/.shared.datamodel.action.execution.ActionExecutorImpl$EmptyService } to com.google.android.apps.messaging/.shared.datamodel.action.execution.ActionExecutorImpl$EmptyService from pid=6599 uid=10066 pkg=com.google.android.apps.messaging
04-06 16:58:46.080  1708  3657 W ActivityManager: Background start not allowed: service Intent { cmp=com.google.android.apps.messaging/.shared.datamodel.action.execution.ActionExecutorImpl$EmptyService } to com.google.android.apps.messaging/.shared.datamodel.action.execution.ActionExecutorImpl$EmptyService from pid=6599 uid=10066 pkg=com.google.android.apps.messaging
04-06 16:58:46.302  1708  3124 W ActivityManager: Background start not allowed: service Intent { cmp=com.google.android.apps.messaging/.shared.datamodel.action.execution.ActionExecutorImpl$EmptyService } to com.google.android.apps.messaging/.shared.datamodel.action.execution.ActionExecutorImpl$EmptyService from pid=6599 uid=10066 pkg=com.google.android.apps.messaging
04-06 16:58:46.889  6069  6165 E ActivityThread: Failed to find provider info for com.google.android.apps.gsa.testing.ui.audio.recorded
04-06 16:58:47.679  1708  1718 I ActivityManager: Start proc 6764:com.google.android.gms.ui/u0a11 for service com.google.android.gms/.chimera.UiIntentOperationService
04-06 16:58:48.080  1708  1738 W PackageParser: No actions in intent filter at /data/app/vmdl211181849.tmp/base.apk Binary XML file line #1854
04-06 16:58:52.006  6069  6165 E ActivityThread: Failed to find provider info for com.google.android.apps.gsa.testing.ui.audio.recorded
04-06 16:58:54.706  1708  1724 I ActivityManager: Force stopping com.google.android.apps.photos appid=10065 user=-1: installPackageLI
04-06 16:58:54.706  1708  1724 I ActivityManager: Killing 5011:com.google.android.apps.photos/u0a65 (adj 902): stop com.google.android.apps.photos
04-06 16:58:54.721  1708  1738 W PackageManager: Trying to update system app code path from /system/app/Photos to /data/app/com.google.android.apps.photos-lmj0YIl8gbYfqr6xSAZbKw==
