04-11 18:48:43.353  1708  1724 W BroadcastQueue: Background execution not allowed: receiving Intent { act=android.intent.action.PACKAGE_REPLACED dat=package:edu.washington.jchou8.hello flg=0x4000010 (has extras) } to com.google.android.gms/.chimera.GmsIntentOperationService$PersistentTrustedReceiver
04-11 18:48:43.353  1708  1724 W BroadcastQueue: Background execution not allowed: receiving Intent { act=android.intent.action.PACKAGE_REPLACED dat=package:edu.washington.jchou8.hello flg=0x4000010 (has extras) } to com.google.android.googlequicksearchbox/com.google.android.apps.gsa.googlequicksearchbox.GelStubAppWatcher
04-11 18:48:43.389  1708  1718 I ActivityManager: START u0 {act=android.intent.action.MAIN cat=[android.intent.category.LAUNCHER] flg=0x10000000 cmp=edu.washington.jchou8.hello/.MainActivity} from uid 2000
04-11 18:48:43.444  1708  1911 I ActivityManager: Start proc 9791:edu.washington.jchou8.hello/u0a83 for activity edu.washington.jchou8.hello/.MainActivity
04-11 18:48:43.531  1708  1708 I Telecom : DefaultDialerCache: Refreshing default dialer for user 0: now com.google.android.dialer: DDC.oR@ASo
04-11 18:48:43.574  1708  3751 W ActivityManager: Slow operation: 57ms so far, now at attachApplicationLocked: after mServices.attachApplicationLocked
04-11 18:48:44.867  1708  1877 E TaskPersister: File error accessing recents directory (directory doesn't exist?).
04-16 17:34:37.045  1708  1708 D ConditionProviders.SCP: onReceive android.intent.action.TIME_SET
04-16 17:34:37.049  1708  1723 I UsageStatsService: Time changed in UsageStats by 427550 seconds
04-16 17:34:37.049  1708  1723 I UsageStatsService: User[0] Flushing usage stats to disk
04-16 17:34:37.055  1708  1708 D ConditionProviders.SCP: notifyCondition condition://android/schedule?days=6.7&start=23.30&end=10.0&exitAtAlarm=false STATE_FALSE reason=!meetsSchedule
04-16 17:34:37.055  1708  1708 D ConditionProviders.SCP: notifyCondition condition://android/schedule?days=1.2.3.4.5&start=22.0&end=7.0&exitAtAlarm=false STATE_FALSE reason=!meetsSchedule
04-16 17:34:37.058  1708  1708 D ConditionProviders.SCP: Scheduling evaluate for Tue Apr 16 22:00:00 PDT 2019 (1555477200000), in +4h25m22s955ms, now=Tue Apr 16 17:34:37 PDT 2019 (1555461277045)
04-16 17:34:37.059  1708  1708 D ConditionProviders.SCP: onReceive ScheduleConditionProvider.EVALUATE
04-16 17:34:37.061  1708  1708 D ConditionProviders.SCP: notifyCondition condition://android/schedule?days=6.7&start=23.30&end=10.0&exitAtAlarm=false STATE_FALSE reason=!meetsSchedule
04-16 17:34:37.061  1708  1708 D ConditionProviders.SCP: notifyCondition condition://android/schedule?days=1.2.3.4.5&start=22.0&end=7.0&exitAtAlarm=false STATE_FALSE reason=!meetsSchedule
04-16 17:34:37.062  1708  1708 D ConditionProviders.SCP: Scheduling evaluate for Tue Apr 16 22:00:00 PDT 2019 (1555477200000), in +4h25m22s941ms, now=Tue Apr 16 17:34:37 PDT 2019 (1555461277059)
04-16 17:34:37.097  1708  2064 D UsbDebuggingManager: Received public key: QAAAAO1K6YAbXUEFa1sxDDFgZVxGor4iUMN7+aRl2Y8OH1fDMIDdiuBDzX3/m9jqlSh60cGsMnk9drsBb+PuuCmuR+49/25TyjtN9XtbCybZoJNSHEpn1HE/8mvtsYx6kGy16Zt/imhRo4ld/s0O/mCWlQV4DWQrdodfMQllJ3iSD3vmi+E9pXQDAVP9bShIhMLjDA4hn6FdXg7LkqM6u1p/lUinRtgtT83mfvEWyHke72pMv9sEfdObExFoRuOXGMd8EOetfizuZgQZRzy4DCOgaIULb6Hza17UvzqUOpGUzS7g0nET+drFNLVL98J+gryHu2lnkQoMBDAd0h5fgvMd6N1WOlvii9aC9lYEhPx9gVN544/e/x2qvsRK50TpxdfoD9u8Mn0qjTJjPFYdGKXPF5v9KzEld3RT6Ns7VKf3xJADquijZPNA5Tthe0NpVjvQ1TSZaL6CO/vBu7UpZb9gay5Fh6MW70d8i/SL7nNgLPVRWMLEEuMUCBLCWoALhqqr0txgRfBExWN2FWgDOPYj/kOCz4M4fb3HDowWyHpmNGmIjkIGCRFDlpLUE7PFPwyXw2DLDMQdRDvmbao9tCstQH1mGWaTTPyRSPPUnEkeBimoGzCcqFz4Z0+o9EIMSuRcMjzOwPnYnhiuMVPsNvcI6T7JQLkpV8gUV3wFe5L9A2OS3pvZIwEAAQA=
04-16 17:34:37.098  1708  1731 I ActivityManager: START u0 {flg=0x10000000 cmp=com.android.systemui/.usb.UsbDebuggingActivity (has extras)} from uid 1000
04-16 17:34:38.153  1708  1723 I UsageStatsDatabase: Time changed by +4d22h45m50s728ms. files deleted: 0 files moved: 8
04-16 17:34:38.170  1708  1723 I UsageStatsService: User[0] Rollover scheduled @ 2019-04-18 00:10:48(1555546248185)
04-16 17:34:41.743  1708  1731 E UsbDebuggingManager: Error writing key:java.io.FileNotFoundException: /data/misc/adb/adb_keys (Permission denied)
04-16 17:34:42.601  1708  2870 W WindowManager: Permission Denial: dismissKeyguard from pid=9862, uid=2000 requires android.permission.CONTROL_KEYGUARD
04-16 17:34:44.828  1708  1877 E TaskPersister: File error accessing recents directory (directory doesn't exist?).
04-16 17:34:45.172  1708  3125 I ActivityManager: Killing 6827:com.google.android.apps.photos/u0a65 (adj 906): empty #17
04-16 17:34:47.043  1708  1727 E BatteryStatsService: modem info is invalid: ModemActivityInfo{ mTimestamp=0 mSleepTimeMs=0 mIdleTimeMs=0 mTxTimeMs[]=[0, 0, 0, 0, 0] mRxTimeMs=0 mEnergyUsed=0}
--------- beginning of main
04-16 17:34:49.972  1708  1719 D AlarmManagerService: Kernel timezone updated to 420 minutes west of GMT
04-16 17:34:49.974  1708  3125 D AlarmManagerService: Setting time of day to sec=1555461373
04-16 17:36:13.005  1708  3125 W AlarmManagerService: Unable to set rtc to 1555461373: No such device
04-16 17:36:13.012  1708  1708 D ConditionProviders.SCP: onReceive android.intent.action.TIME_SET
04-16 17:36:13.015  7626  7661 I chatty  : uid=10027(u0_a27) adkp expire 4 lines
04-16 17:36:13.018  1708  1708 D ConditionProviders.SCP: notifyCondition condition://android/schedule?days=6.7&start=23.30&end=10.0&exitAtAlarm=false STATE_FALSE reason=!meetsSchedule
04-16 17:36:13.018  1708  1723 I UsageStatsService: Time changed in UsageStats by 83 seconds
04-16 17:36:13.018  1708  1708 D ConditionProviders.SCP: notifyCondition condition://android/schedule?days=1.2.3.4.5&start=22.0&end=7.0&exitAtAlarm=false STATE_FALSE reason=!meetsSchedule
04-16 17:36:13.019  1708  1708 D ConditionProviders.SCP: Scheduling evaluate for Tue Apr 16 22:00:00 PDT 2019 (1555477200000), in +4h23m46s988ms, now=Tue Apr 16 17:36:13 PDT 2019 (1555461373012)
04-16 17:36:13.020  1708  1723 I UsageStatsService: User[0] Flushing usage stats to disk
04-16 17:36:13.025  5058  5058 I chatty  : uid=10011(u0_a11) com.google.android.gms expire 34 lines
04-16 17:36:13.032  8833  8833 I AlarmClock: AlarmInitReceiver android.intent.action.TIME_SET
04-16 17:36:13.033  1895  2139 D EGL_emulation: eglMakeCurrent: 0x8ebd72e0: ver 2 0 (tinfo 0x9bc0df70)
04-16 17:36:13.059  8833  9431 I AlarmClock: Connected Dock: null
04-16 17:36:13.063  8833  9431 I AlarmClock: Removing AlarmClockInfo
04-16 17:36:13.066  8833  8833 I AlarmClock: DigitalAppWidgetProvider processing Intent { act=android.intent.action.TIME_SET flg=0x25200010 cmp=com.google.android.deskclock/com.android.alarmclock.DigitalAppWidgetProvider }
04-16 17:36:13.103  5058  9890 I chatty  : uid=10011(u0_a11) com.google.android.gms expire 1 line
04-16 17:36:13.151  7626  9883 I chatty  : uid=10027(u0_a27) com.android.vending expire 25 lines
04-16 17:36:13.153  7626  7626 I chatty  : uid=10027(u0_a27) com.android.vending expire 104 lines
04-16 17:36:13.186  5058  9875 I chatty  : uid=10011(u0_a11) com.google.android.gms expire 1 line
04-16 17:36:13.188  5058  9891 I chatty  : uid=10011(u0_a11) com.google.android.gms expire 2 lines
04-16 17:36:13.189  7626  7650 I chatty  : uid=10027(u0_a27) bgExecutor #0 expire 1 line
04-16 17:36:13.301  9165  9897 I chatty  : uid=10027(u0_a27) expire 6 lines
04-16 17:36:13.333  9165  9165 I chatty  : uid=10027(u0_a27) expire 2 lines
04-16 17:36:13.339  9165  9899 I chatty  : uid=10027(u0_a27) expire 2 lines
04-16 17:36:13.353  7626  9886 I chatty  : uid=10027(u0_a27) com.android.vending expire 1 line
04-16 17:36:13.480  9165  9192 I chatty  : uid=10027(u0_a27) expire 4 lines
04-16 17:36:13.486  1708  1723 I UsageStatsDatabase: Time changed by +1m23s30ms. files deleted: 0 files moved: 8
04-16 17:36:13.488  1708  1723 I UsageStatsService: User[0] Rollover scheduled @ 2019-04-18 00:12:11(1555546331215)
04-16 17:36:13.548  9165  9903 I chatty  : uid=10027(u0_a27) expire 2 lines
04-16 17:36:13.679  9165  9901 I chatty  : uid=10027(u0_a27) expire 1 line
04-16 17:36:14.357  1708  2870 D WificondControl: Scan result ready event
04-16 17:36:14.928  9915  9915 I chatty  : uid=10011(u0_a11) expire 5 lines
04-16 17:36:15.244  5272  5284 I chatty  : uid=10011(u0_a11) com.google.android.gms.unstable expire 2 lines
04-16 17:36:15.475  5272  5272 I chatty  : uid=10011(u0_a11) com.google.android.gms.unstable expire 1 line
04-16 17:36:15.545  5058  5253 I chatty  : uid=10011(u0_a11) highpool[2] expire 1 line
04-16 17:36:15.884  7626  9882 I chatty  : uid=10027(u0_a27) com.android.vending expire 7 lines
04-16 17:36:15.983  7626  7657 I chatty  : uid=10027(u0_a27) libraries-threa expire 1 line
04-16 17:36:16.345  1895  2139 D EGL_emulation: eglMakeCurrent: 0x8ebd72e0: ver 2 0 (tinfo 0x9bc0df70)
04-16 17:36:16.348  1428  4309 W audio_hw_generic: Not supplying enough data to HAL, expected position 3994025 , only wrote 3993840
04-16 17:36:16.403  1708  1797 I ActivityManager: START u0 {act=android.intent.action.MAIN cat=[android.intent.category.HOME] flg=0x10200000 cmp=com.google.android.apps.nexuslauncher/.NexusLauncherActivity (has extras)} from uid 1000
04-16 17:36:16.419  2425  2678 W OpenGLRenderer: Incorrectly called buildLayer on View: ShortcutAndWidgetContainer, destroying layer...
04-16 17:36:16.435  1434  1434 D gralloc_ranchu: gralloc_alloc: Creating ashmem region of size 8298496
04-16 17:36:16.475  9791  9845 D EGL_emulation: eglMakeCurrent: 0x9d97d900: ver 2 0 (tinfo 0xa01f70d0)
04-16 17:36:16.489  1434  1434 D gralloc_ranchu: gralloc_alloc: Creating ashmem region of size 8298496
04-16 17:36:16.507  1434  1434 D gralloc_ranchu: gralloc_alloc: Creating ashmem region of size 8298496
04-16 17:36:16.511  1444  1444 D SurfaceFlinger: duplicate layer name: changing com.google.android.apps.nexuslauncher/com.google.android.apps.nexuslauncher.NexusLauncherActivity to com.google.android.apps.nexuslauncher/com.google.android.apps.nexuslauncher.NexusLauncherActivity#1
04-16 17:36:16.536  1434  1434 D gralloc_ranchu: gralloc_alloc: Creating ashmem region of size 8298496
04-16 17:36:16.567  1434  1434 I chatty  : uid=1000(system) allocator@2.0-s identical 10 lines
04-16 17:36:16.590  7399  7504 D EGL_emulation: eglMakeCurrent: 0xa0487fa0: ver 2 0 (tinfo 0xa0483a10)
04-16 17:36:16.631  2425  2678 D EGL_emulation: eglMakeCurrent: 0xa0485a20: ver 2 0 (tinfo 0xa0483780)
04-16 17:36:16.654  7399  7399 W ThreadPoolDumper: Queue length for executor EventBus is now 11. Perhaps some tasks are too long, or the pool is too small.
04-16 17:36:16.678  7399  7505 W SessionLifecycleManager: Handover failed. Creating new session controller.
04-16 17:36:16.729  7399  7404 I zygote  : Compiler allocated 4MB to compile com.google.android.apps.gsa.search.core.state.d.ad com.google.android.apps.gsa.binaries.velvet.app.ru.cB()
04-16 17:36:16.731  1444  1444 I chatty  : uid=1000(system) /system/bin/surfaceflinger expire 1 line
04-16 17:36:16.845  7399  7463 E sb.v.u.LiteSuggestSourc: On-device lite suggest model loading error.
04-16 17:36:16.965  1435  1461 D hwcomposer: hw_composer sent 197 syncs in 60s
04-16 17:36:17.129  2425  2678 W OpenGLRenderer: Incorrectly called buildLayer on View: ShortcutAndWidgetContainer, destroying layer...
04-16 17:36:17.869  1708  1717 I chatty  : uid=1000(system) HeapTaskDaemon expire 2 lines
04-16 17:36:18.913  1895  2139 D EGL_emulation: eglMakeCurrent: 0x8ebd72e0: ver 2 0 (tinfo 0x9bc0df70)
04-16 17:36:19.072  1895  2139 I chatty  : uid=10029(u0_a29) RenderThread identical 14 lines
04-16 17:36:19.081  1895  2139 D EGL_emulation: eglMakeCurrent: 0x8ebd72e0: ver 2 0 (tinfo 0x9bc0df70)
04-16 17:36:20.638  2382  9924 D DownloadManager: [41] Starting
04-16 17:36:21.559  2382  9924 D NetworkSecurityConfig: No Network Security Config specified, using platform default
04-16 17:36:21.629  2382  9924 W DownloadManager: [41] Stop requested with status 410: Unhandled HTTP response: 410 Gone
04-16 17:36:21.629  2382  9924 D DownloadManager: [41] Finished with status 410
04-16 17:36:21.666  1895  2139 D EGL_emulation: eglMakeCurrent: 0x8ebd72e0: ver 2 0 (tinfo 0x9bc0df70)
04-16 17:36:21.720  1428  1668 W audio_hw_generic: Not supplying enough data to HAL, expected position 4507473 , only wrote 4251600
04-16 17:36:21.880  7399  8728 I EventLogSendingHelper: Sending log events.
04-16 17:36:22.572  1708  1861 I chatty  : uid=1000(system) notification-sq expire 1 line
04-16 17:36:22.624  1428  4309 W audio_hw_generic: Not supplying enough data to HAL, expected position 4251678 , only wrote 4251600
04-16 17:36:22.722  1708  2264 I ActivityManager: START u0 {act=android.settings.APPLICATION_DETAILS_SETTINGS dat=package:edu.washington.jchou8.hello flg=0x10008000 cmp=com.android.settings/.applications.InstalledAppDetails bnds=[54,1247][632,1394]} from uid 1000
04-16 17:36:23.074  9933  9933 I chatty  : uid=1000(system) expire 9 lines
04-16 17:36:23.076  1708  1911 I ActivityManager: Start proc 9933:com.android.settings/1000 for activity com.android.settings/.applications.InstalledAppDetails
04-16 17:36:23.757  2382  9948 D DownloadManager: [42] Starting
04-16 17:36:24.306  7399  7504 D EGL_emulation: eglMakeCurrent: 0xa0487fa0: ver 2 0 (tinfo 0xa0483a10)
04-16 17:36:24.309  2425  2678 D EGL_emulation: eglMakeCurrent: 0xa0485a20: ver 2 0 (tinfo 0xa0483780)
04-16 17:36:24.472  7626  9883 I chatty  : uid=10027(u0_a27) com.android.vending expire 1 line
04-16 17:36:24.483  7626  7626 I chatty  : uid=10027(u0_a27) com.android.vending expire 10 lines
04-16 17:36:24.522  1895  2139 D EGL_emulation: eglMakeCurrent: 0x8ebd72e0: ver 2 0 (tinfo 0x9bc0df70)
04-16 17:36:24.546  2382  9948 D NetworkSecurityConfig: No Network Security Config specified, using platform default
04-16 17:36:24.631  2382  9948 W DownloadManager: [42] Stop requested with status 410: Unhandled HTTP response: 410 Gone
04-16 17:36:24.631  2382  9948 D DownloadManager: [42] Finished with status 410
04-16 17:36:24.663  1895  2139 D EGL_emulation: eglMakeCurrent: 0x8ebd72e0: ver 2 0 (tinfo 0x9bc0df70)
04-16 17:36:25.804  1428  1668 W audio_hw_generic: Not supplying enough data to HAL, expected position 4556275 , only wrote 4404240
04-16 17:36:26.827  9933  9943 I chatty  : uid=1000(system) expire 1 line
04-16 17:36:26.881  7399  8727 I EventLogSendingHelper: Sending log events.
04-16 17:36:26.903  1708  1723 I chatty  : uid=1000(system) android.bg expire 14 lines
04-16 17:36:29.307  9933  9954 I chatty  : uid=1000(system) expire 1 line
04-16 17:36:30.061  9933  9953 I chatty  : uid=1000(system) expire 5 lines
04-16 17:36:31.550  9933  9933 W ContextImpl: Calling a method in the system process without a qualified user: android.app.ContextImpl.bindService:1540 android.content.ContextWrapper.bindService:678 android.content.pm.permission.RuntimePermissionPresenter$RemoteService.processMessage:154 android.content.pm.permission.RuntimePermissionPresenter.getAppPermissions:118 com.android.settingslib.applications.PermissionsSummaryHelper.getPermissionSummary:34 
04-16 17:36:31.638  1708  3657 W ActivityManager: Slow operation: 84ms so far, now at startProcess: returned from zygote!
04-16 17:36:31.638  1708  3657 W ActivityManager: Slow operation: 84ms so far, now at startProcess: done updating battery stats
04-16 17:36:31.638  1708  3657 W ActivityManager: Slow operation: 84ms so far, now at startProcess: building log message
04-16 17:36:31.638  1708  3657 I ActivityManager: Start proc 9957:com.google.android.packageinstaller/u0a17 for service com.google.android.packageinstaller/com.android.packageinstaller.permission.service.RuntimePermissionPresenterServiceImpl
04-16 17:36:31.639  1708  3657 W ActivityManager: Slow operation: 84ms so far, now at startProcess: starting to update pids map
04-16 17:36:31.639  1708  3657 W ActivityManager: Slow operation: 84ms so far, now at startProcess: done updating pids map
04-16 17:36:31.639  1708  3657 W ActivityManager: Slow operation: 85ms so far, now at startProcess: done starting proc!
04-16 17:36:31.639  9957  9957 W zygote  : Unexpected CPU variant for X86 using defaults: x86
04-16 17:36:31.798  1708  3124 W ActivityManager: Slow operation: 78ms so far, now at attachApplicationLocked: before bindApplication
04-16 17:36:31.801  1708  3124 W ActivityManager: Slow operation: 81ms so far, now at attachApplicationLocked: immediately before bindApplication
04-16 17:36:31.803  1708  3124 W ActivityManager: Slow operation: 82ms so far, now at attachApplicationLocked: immediately after bindApplication
04-16 17:36:31.803  1708  3124 W ActivityManager: Slow operation: 82ms so far, now at attachApplicationLocked: after updateLruProcessLocked
04-16 17:36:31.820  1708  3124 W ActivityManager: Slow operation: 100ms so far, now at attachApplicationLocked: after mServices.attachApplicationLocked
04-16 17:36:31.903  9933  9956 I chatty  : uid=1000(system) expire 10 lines
04-16 17:36:33.061  1708  1724 W ActivityManager: Launch timeout has expired, giving up wake lock!
04-16 17:36:33.423  1444  1470 I chatty  : uid=1000(system) Binder:1444_2 expire 1 line
04-16 17:36:33.472  9933  9972 I chatty  : uid=1000(system) expire 9 lines
04-16 17:36:33.573  1442  1442 I qemu-props: start adbd ...
04-16 17:36:33.835  7626  9345 I chatty  : uid=10027(u0_a27) com.android.vending expire 3 lines
04-16 17:36:34.711  7626  7626 I chatty  : uid=10027(u0_a27) com.android.vending expire 13 lines
04-16 17:36:35.021  7626  9882 I chatty  : uid=10027(u0_a27) com.android.vending expire 1 line
04-16 17:36:35.276  1434  1434 I chatty  : uid=1000(system) allocator@2.0-s expire 11 lines
04-16 17:36:35.426  1438  1438 E hw-IPCThreadState: binder thread pool (1 threads) starved for 403 ms
04-16 17:36:36.408  1438  1438 E hw-IPCThreadState: binder thread pool (1 threads) starved for 734 ms
04-16 17:36:36.488  1947  2235 D TelephonyProvider: subIdString = 1 subId = 1
04-16 17:36:36.514  7626  7655 I chatty  : uid=10027(u0_a27) queued-work-loo expire 1 line
04-16 17:36:36.571  1438  1438 E hw-IPCThreadState: binder thread pool (1 threads) starved for 163 ms
04-16 17:36:36.763  1438  1438 E hw-IPCThreadState: binder thread pool (1 threads) starved for 117 ms
04-16 17:36:36.854  1708  1719 I chatty  : uid=1000(system) Binder:1708_2 expire 3 lines
04-16 17:36:36.863  1708  1719 E KernelCpuSpeedReader: Failed to read cpu-freq: /sys/devices/system/cpu/cpu0/cpufreq/stats/time_in_state (No such file or directory)
04-16 17:36:36.917  1708  1719 E KernelUidCpuFreqTimeReader: Failed to read /proc/uid_time_in_state: java.io.FileNotFoundException: /proc/uid_time_in_state (No such file or directory)
04-16 17:36:37.014  1708  1719 E BatteryStatsService: modem info is invalid: ModemActivityInfo{ mTimestamp=0 mSleepTimeMs=0 mIdleTimeMs=0 mTxTimeMs[]=[0, 0, 0, 0, 0] mRxTimeMs=0 mEnergyUsed=0}
04-16 17:36:37.459  9933  9938 I chatty  : uid=1000(system) expire 3 lines
04-16 17:36:39.062  9976  9976 W zygote  : Unexpected CPU variant for X86 using defaults: x86
04-16 17:36:39.065  1708  3752 I ActivityManager: Start proc 9976:android.process.acore/u0a2 for content provider com.android.providers.userdictionary/.UserDictionaryProvider
04-16 17:36:39.089  1708  1723 I chatty  : uid=1000(system) android.bg expire 10 lines
04-16 17:36:39.528  9976  9976 I ContactsPerf: VoicemailContentProvider.onCreate start
04-16 17:36:39.540  9976  9976 I ContactsPerf: VoicemailContentProvider.onCreate finish
04-16 17:36:40.123  9976  9992 D ContactsDatabaseHelper: WAL enabled for contacts2.db: true
04-16 17:36:41.700  9976  9992 I ContactLocale: AddressBook Labels [[en_US]]: [, A, B, C, D, E, F, G, H, I, J, K, L, M, N, O, P, Q, R, S, T, U, V, W, X, Y, Z, , , , , , , , , , , , , , , , , , , , , , , , , , , , , , , , , , , , , , , , , , , , , , , , , , , , , , , , , , , , , , , , , , , , , , , , , , , , , , , , , , , , , , , , , , , , , , , , , , , , , , , , , , , , , , , , , , , , , , , , , , , , , , , , , , , , , , , , , , , , , , , , , , , , , , , , , , , , , , , , , , , , , , , , , , , , , , , , , , , , , , , , , , , #, ]
04-16 17:36:42.801  9976  9992 D ContactsDatabaseHelper: WAL enabled for profile.db: true
04-16 17:36:44.023  1708  1733 I chatty  : uid=1000(system) android.display expire 10 lines
04-16 17:36:44.070  1444  1444 I chatty  : uid=1000(system) /system/bin/surfaceflinger expire 2 lines
04-16 17:36:44.261  9957  9962 I zygote  : Do partial code cache collection, code=0B, data=0B
04-16 17:36:44.265  7399  7501 I PBSessionCacheImpl: Deleted sessionId[221713043975] from persistence.
04-16 17:36:44.272  9957  9962 I zygote  : After code cache collection, code=0B, data=0B
04-16 17:36:44.272  9957  9962 I zygote  : Increasing code cache capacity to 128KB
04-16 17:36:44.295  7399  7505 W SearchServiceCore: Abort, client detached.
04-16 17:36:44.426  7399  7505 I WorkerManager: dispose()
04-16 17:36:44.428  7399  7505 W ThreadPoolDumper: Queue length for executor EventBus is now 11. Perhaps some tasks are too long, or the pool is too small.
04-16 17:36:44.429  7399  7505 I WorkController: WorkProxy is not enqueued because WorkController is disposed: WorkProxy{Name=microdetection::q, WorkerId=microdetection, id=a6a36d}
04-16 17:36:48.642  9933  9956 I chatty  : uid=1000(system) expire 205 lines
04-16 17:36:49.285  5058  5096 I chatty  : uid=10011(u0_a11) queued-work-loo expire 1 line
04-16 17:36:49.285  5058  5058 I chatty  : uid=10011(u0_a11) com.google.android.gms expire 1 line
04-16 17:36:49.841  1708  1724 W BroadcastQueue: Background execution not allowed: receiving Intent { act=android.intent.action.DROPBOX_ENTRY_ADDED flg=0x10 (has extras) } to com.google.android.gms/.stats.service.DropBoxEntryAddedReceiver
04-16 17:36:49.842  1708  1724 W BroadcastQueue: Background execution not allowed: receiving Intent { act=android.intent.action.DROPBOX_ENTRY_ADDED flg=0x10 (has extras) } to com.google.android.gms/.chimera.GmsIntentOperationService$PersistentTrustedReceiver
04-16 17:36:49.922  9933  9956 W ProcStatsManager: No process com.android.chrome:sandboxed_process1/10043 for service org.chromium.content.app.SandboxedProcessService1
04-16 17:36:49.922  9933  9956 W ProcStatsManager: No process com.android.chrome:privileged_process0/10043 for service org.chromium.content.app.PrivilegedProcessService0
04-16 17:36:49.922  9933  9956 W ProcStatsManager: No process com.android.chrome/10043 for service org.chromium.components.background_task_scheduler.BackgroundTaskGcmTaskService
04-16 17:36:49.922  9933  9956 W ProcStatsManager: No process com.android.chrome/10043 for service org.chromium.chrome.browser.customtabs.CustomTabsConnectionService
04-16 17:36:49.922  9933  9956 W ProcStatsManager: No process com.google.android.gms.unstable/10011 for service com.google.android.gms.droidguard.DroidGuardService
04-16 17:36:49.922  9933  9956 W ProcStatsManager: No process com.google.android.gms.ui/10011 for service com.google.android.gms.chimera.UiIntentOperationService
04-16 17:36:49.923  9933  9956 W ProcStatsManager: No process com.google.android.gms.unstable/10011 for service com.google.android.gms.droidguard.DroidGuardService
04-16 17:36:49.923  9933  9956 W ProcStatsManager: No process com.google.android.gms.ui/10011 for service com.google.android.gms.chimera.UiIntentOperationService
04-16 17:36:49.923  9933  9956 W ProcStatsManager: No process com.google.android.videos/10072 for service com.google.android.videos.service.drm.RefreshLicenseTaskService
04-16 17:36:49.923  9933  9956 W ProcStatsManager: No process com.google.android.videos/10072 for service com.google.android.apps.play.movies.common.service.drm.RefreshLicenseTaskService
04-16 17:36:49.923  9933  9956 W ProcStatsManager: No process com.google.android.videos/10072 for service com.google.android.apps.play.movies.common.store.wishlist.UpdateWishlistTaskService
04-16 17:36:49.923  9933  9956 W ProcStatsManager: No process com.google.android.videos/10072 for service com.google.android.apps.play.movies.common.store.pinning.UpdateLastPlaybackTaskService
04-16 17:36:49.923  9933  9956 W ProcStatsManager: No process com.google.android.videos/10072 for service com.google.android.apps.play.movies.common.store.pinning.UnpinnedCleanUpTaskService
04-16 17:36:49.923  9933  9956 W ProcStatsManager: No process com.google.android.videos/10072 for service com.google.android.apps.play.movies.common.FlushLogsTaskService
04-16 17:36:49.923  9933  9956 W ProcStatsManager: No process com.google.android.videos/10072 for service com.google.android.apps.play.movies.common.service.contentnotification.ExpiringRewardNotificationTaskService
04-16 17:36:49.924  9933  9956 W ProcStatsManager: No process com.google.android.videos/10072 for service com.google.android.apps.play.movies.common.store.sync.AccountsChangedTaskService
04-16 17:36:49.924  9933  9956 W ProcStatsManager: No process com.google.android.videos/10072 for service com.google.android.apps.play.movies.common.service.contentnotification.WishlistedMovieNotificationTaskService
04-16 17:36:49.924  9933  9956 W ProcStatsManager: No process com.google.android.videos/10072 for service com.google.android.apps.play.movies.common.service.contentnotification.NewSeasonNotificationTaskService
04-16 17:36:49.924  9933  9956 W ProcStatsManager: No process com.google.android.videos/10072 for service com.google.android.apps.play.movies.common.service.pinning.TransferService
04-16 17:36:49.924  9933  9956 W ProcStatsManager: No process com.google.android.videos/10072 for service com.google.android.apps.play.movies.common.service.indexing.AppIndexingUpdateService
04-16 17:36:49.924  9933  9956 W ProcStatsManager: No process com.google.android.videos/10072 for service com.google.android.apps.play.movies.common.store.usersentiments.UpdateUserSentimentsTaskService
04-16 17:36:49.924  9933  9956 W ProcStatsManager: No process com.google.android.videos/10072 for service com.google.android.apps.play.movies.common.service.restart.LaunchInEnvironmentTaskService
04-16 17:36:49.924  9933  9956 W ProcStatsManager: No process com.google.android.videos/10072 for service com.google.android.apps.play.movies.common.service.player.logging.QoePingService
04-16 17:36:49.924  9933  9956 W ProcStatsManager: No process com.google.android.apps.nexuslauncher:wallpaper_chooser/10022 for service com.android.launcher3.dynamicui.ColorExtractionService
04-16 17:36:49.924  9933  9956 W ProcStatsManager: No process com.google.android.apps.photos/10065 for service com.google.android.apps.photos.dbprocessor.impl.DatabaseProcessorJobService
04-16 17:36:49.924  9933  9956 W ProcStatsManager: No process com.google.android.apps.photos/10065 for service com.google.android.apps.photos.registration.ReachabilityJobService
04-16 17:36:49.924  9933  9956 W ProcStatsManager: No process com.google.android.apps.photos/10065 for service com.google.android.apps.photos.jobqueue.PhotosJobQueueJobsService
04-16 17:36:49.924  9933  9956 W ProcStatsManager: No process com.google.android.apps.photos/10065 for service com.google.android.apps.photos.backgroundsignin.BackgroundSignInJobService
04-16 17:36:49.924  9933  9956 W ProcStatsManager: No process com.google.android.apps.photos/10065 for service com.google.android.apps.photos.actionqueue.OnlineActionJobsService
04-16 17:36:49.924  9933  9956 W ProcStatsManager: No process com.google.android.apps.photos/10065 for service com.google.android.libraries.social.mediamonitor.MediaMonitorJobSchedulerService
04-16 17:36:49.924  9933  9956 W ProcStatsManager: No process com.google.android.apps.photos/10065 for service com.google.android.apps.photos.camerashortcut.CameraShortcutJobSchedulerService
04-16 17:36:49.924  9933  9956 W ProcStatsManager: No process com.google.android.apps.photos/10065 for service com.google.android.apps.photos.search.localclusters.trigger.LocalClusterGcoreGcmTaskService
04-16 17:36:49.924  9933  9956 W ProcStatsManager: No process com.google.android.apps.photos/10065 for service com.google.android.apps.photos.dbprocessor.impl.DatabaseProcessorJobService
04-16 17:36:49.924  9933  9956 W ProcStatsManager: No process com.google.android.apps.photos/10065 for service com.firebase.jobdispatcher.GooglePlayReceiver
04-16 17:36:49.925  9933  9956 W ProcStatsManager: No process com.google.android.apps.photos/10065 for service com.google.android.apps.photos.registration.ReachabilityJobService
04-16 17:36:49.925  9933  9956 W ProcStatsManager: No process com.google.android.apps.photos/10065 for service com.google.android.apps.photos.jobqueue.PhotosJobQueueJobsService
04-16 17:36:49.925  9933  9956 W ProcStatsManager: No process com.google.android.apps.photos/10065 for service com.google.android.apps.photos.account.full.SyncAccountsForLoginService
04-16 17:36:49.925  9933  9956 W ProcStatsManager: No process com.google.android.apps.photos/10065 for service com.google.android.apps.photos.jobqueue.PhotosOfflineJobQueueJobsService
04-16 17:36:49.925  9933  9956 W ProcStatsManager: No process com.google.android.apps.photos/10065 for service com.google.android.apps.photos.backup.core.PhotosBackupGcoreGcmTaskService
04-16 17:36:49.925  9933  9956 W ProcStatsManager: No process com.google.android.apps.photos/10065 for service com.google.android.libraries.social.mediamonitor.MediaMonitorJobSchedulerService
04-16 17:36:49.925  9933  9956 W ProcStatsManager: No process com.google.android.apps.photos/10065 for service com.google.android.libraries.social.notifications.scheduled.GunsScheduledTaskService
04-16 17:36:49.925  9933  9956 W ProcStatsManager: No process com.google.android.apps.photos/10065 for service com.google.android.apps.photos.actionqueue.impl.OnlineActionJobsService
04-16 17:36:49.925  9933  9956 W ProcStatsManager: No process com.google.android.apps.photos/10065 for service com.google.android.apps.photos.metasync.periodic.MetaSyncGcoreGcmTaskService
04-16 17:36:49.925  9933  9956 W ProcStatsManager: No process com.google.android.apps.wallpaper/10073 for service com.google.android.apps.wallpaper.backup.MissingHashCodeGeneratorJobService
04-16 17:36:49.925  9933  9956 W ProcStatsManager: No process com.google.android.apps.wallpaper/10073 for service com.google.android.apps.wallpaper.backdrop.BackdropRotationTask
04-16 17:36:49.931  9933  9938 I zygote  : Do partial code cache collection, code=56KB, data=61KB
04-16 17:36:49.931  9933  9938 I zygote  : After code cache collection, code=56KB, data=61KB
04-16 17:36:49.931  9933  9938 I zygote  : Increasing code cache capacity to 256KB
04-16 17:36:49.953  9933  9956 W TileUtils: Found com.android.settings.backup.BackupSettingsActivity for intent Intent { act=com.android.settings.action.SETTINGS pkg=com.android.settings } missing metadata com.android.settings.category
04-16 17:36:50.019  9933  9933 I Choreographer: Skipped 42 frames!  The application may be doing too much work on its main thread.
04-16 17:36:50.028  1428  4309 W audio_hw_generic: Not supplying enough data to HAL, expected position 4404372 , only wrote 4404240
04-16 17:36:50.123  1708  2264 E UserRestrictionsUtils: Unknown restriction: edu.washington.jchou8.hello
04-16 17:36:50.192  1708  3170 I ActivityManager: START u0 {act=android.intent.action.UNINSTALL_PACKAGE dat=package:edu.washington.jchou8.hello cmp=com.google.android.packageinstaller/com.android.packageinstaller.UninstallerActivity (has extras)} from uid 1000
04-16 17:36:50.736  1708  1724 W ActivityManager: Activity pause timeout for ActivityRecord{2c9b105 u0 com.android.settings/.applications.InstalledAppDetails t22}
04-16 17:36:50.744  1708  1723 I chatty  : uid=1000(system) android.bg expire 12 lines
04-16 17:36:50.840  1444  1512 E SurfaceFlinger: ro.sf.lcd_density must be defined as a build property
04-16 17:36:50.841  9957 10027 D OpenGLRenderer: HWUI GL Pipeline
04-16 17:36:50.865  9957 10027 D         : HostConnection::get() New Host Connection established 0xa01e4bc0, tid 10027
04-16 17:36:50.870  9957 10027 I OpenGLRenderer: Initialized EGL, version 1.4
04-16 17:36:50.870  9957 10027 D OpenGLRenderer: Swap behavior 1
04-16 17:36:50.870  9957 10027 W OpenGLRenderer: Failed to choose config with EGL_SWAP_BEHAVIOR_PRESERVED, retrying without...
04-16 17:36:50.870  9957 10027 D OpenGLRenderer: Swap behavior 0
04-16 17:36:50.877  9957 10027 D EGL_emulation: eglCreateContext: 0x9db7e340: maj 2 min 0 rcv 2
04-16 17:36:50.898  9957 10027 D EGL_emulation: eglMakeCurrent: 0x9db7e340: ver 2 0 (tinfo 0x9d8f4e50)
04-16 17:36:50.924  1444  1444 D SurfaceFlinger: duplicate layer name: changing com.google.android.packageinstaller/com.android.packageinstaller.UninstallerActivity to com.google.android.packageinstaller/com.android.packageinstaller.UninstallerActivity#1
04-16 17:36:51.007  9933  9953 W ResourceType: ResTable_typeSpec entry count inconsistent: given 18, previously 25
04-16 17:36:51.007  9933  9953 W ResourceType: ResTable_typeSpec entry count inconsistent: given 316, previously 454
04-16 17:36:51.018  9957 10027 D EGL_emulation: eglMakeCurrent: 0x9db7e340: ver 2 0 (tinfo 0x9d8f4e50)
04-16 17:36:51.298  5058 10020 I chatty  : uid=10011(u0_a11) com.google.android.gms expire 1 line
04-16 17:36:52.136  9998  9998 D AndroidRuntime: >>>>>> START com.android.internal.os.RuntimeInit uid 2000 <<<<<<
04-16 17:36:52.476  9933  9933 I Choreographer: Skipped 147 frames!  The application may be doing too much work on its main thread.
04-16 17:36:53.177  9933  9933 I Choreographer: Skipped 41 frames!  The application may be doing too much work on its main thread.
04-16 17:36:53.255  1428  1668 W audio_hw_generic: Not supplying enough data to HAL, expected position 4711951 , only wrote 4559040
04-16 17:36:53.671  7626  7650 I chatty  : uid=10027(u0_a27) bgExecutor #0 expire 2 lines
04-16 17:36:54.347  1708  2487 I chatty  : uid=1000(system) Binder:1708_9 expire 5 lines
04-16 17:36:54.599  1708  1738 W PackageParser: Unknown element under <manifest>: uses-sdk at /data/app/vmdl1544779942.tmp/split_lib_resources_apk.apk Binary XML file line #7
04-16 17:36:54.638  1708  1738 I chatty  : uid=1000(system) PackageManager expire 9 lines
04-16 17:36:54.732  9998  9998 W app_process: Unexpected CPU variant for X86 using defaults: x86
04-16 17:36:54.733 10072 10072 W dex2oat : Unexpected CPU variant for X86 using defaults: x86
04-16 17:36:54.734 10072 10072 W dex2oat : Mismatch between dex2oat instruction set features (ISA: X86 Feature string: -ssse3,-sse4.1,-sse4.2,-avx,-avx2,-popcnt) and those of dex2oat executable (ISA: X86 Feature string: ssse3,-sse4.1,-sse4.2,-avx,-avx2,-popcnt) for the command line:
04-16 17:36:54.734 10072 10072 W dex2oat : /system/bin/dex2oat --zip-fd=10 --zip-location=base.apk --input-vdex-fd=-1 --output-vdex-fd=12 --oat-fd=11 --oat-location=/data/app/vmdl1544779942.tmp/oat/x86/base.odex --instruction-set=x86 --instruction-set-variant=x86 --instruction-set-features=default --runtime-arg -Xms64m --runtime-arg -Xmx512m --compiler-filter=quicken --swap-fd=13 --debuggable --classpath-dir=/data/app/vmdl1544779942.tmp
04-16 17:36:54.829 10072 10072 I dex2oat : /system/bin/dex2oat --input-vdex-fd=-1 --output-vdex-fd=12 --compiler-filter=quicken --debuggable --classpath-dir=/data/app/vmdl1544779942.tmp
04-16 17:36:55.083  1708  2077 I ActivityManager: START u0 {flg=0x2000000 cmp=com.google.android.packageinstaller/com.android.packageinstaller.UninstallUninstalling (has extras)} from uid 10017
04-16 17:36:55.087  1428  4309 W audio_hw_generic: Not supplying enough data to HAL, expected position 4559228 , only wrote 4559040
04-16 17:36:55.100  9957 10027 D EGL_emulation: eglMakeCurrent: 0x9db7e340: ver 2 0 (tinfo 0x9d8f4e50)
04-16 17:36:55.308  1444  1444 W SurfaceFlinger: couldn't log to binary event log: overflow.
04-16 17:36:55.565  9998  9998 D AndroidRuntime: Calling main entry com.android.commands.wm.Wm
04-16 17:36:55.603  1444  1444 D SurfaceFlinger: duplicate layer name: changing com.google.android.packageinstaller/com.android.packageinstaller.UninstallUninstalling to com.google.android.packageinstaller/com.android.packageinstaller.UninstallUninstalling#1
04-16 17:36:55.612  1708  3150 W WindowManager: Permission Denial: dismissKeyguard from pid=9998, uid=2000 requires android.permission.CONTROL_KEYGUARD
04-16 17:36:55.617  1434  1434 I chatty  : uid=1000(system) allocator@2.0-s expire 11 lines
04-16 17:36:55.618  9998  9998 D AndroidRuntime: Shutting down VM
04-16 17:36:55.643  9957 10027 D EGL_emulation: eglMakeCurrent: 0x9db7e340: ver 2 0 (tinfo 0x9d8f4e50)
04-16 17:36:56.530 10072 10072 I dex2oat : dex2oat took 1.796s (85.459ms cpu) (threads: 4) arena alloc=11KB (11768B) java alloc=49KB (50280B) native alloc=1126KB (1153448B) free=1433KB (1467992B)
04-16 17:36:57.118  1544  1566 D installd: Applied hard quotas for 10084
04-16 17:36:57.151  1708  1738 V BackupManagerService: restoreAtInstall pkg=edu.washington.jchou8.activityspy token=18 restoreSet=0
04-16 17:36:57.154  1708  1738 V BackupManagerService: Finishing install immediately
04-16 17:36:57.245  1708  1724 I ActivityManager: Force stopping edu.washington.jchou8.hello appid=10083 user=0: deletePackageX
04-16 17:36:57.245  1708  1724 I ActivityManager: Killing 9791:edu.washington.jchou8.hello/u0a83 (adj 700): stop edu.washington.jchou8.hello
04-16 17:36:57.262  1708  1724 I ActivityManager:   Force finishing activity ActivityRecord{7225ddc u0 edu.washington.jchou8.hello/.MainActivity t20}
04-16 17:36:57.320  1708  1733 W ActivityManager: setHasOverlayUi called on unknown pid: 9791
04-16 17:36:57.407  1708  5860 I chatty  : uid=1000(system) RenderThread expire 12 lines
04-16 17:36:57.548  7626  7643 I chatty  : uid=10027(u0_a27) Monitor Thread expire 3 lines
04-16 17:36:58.227  1545  1545 I keystore: clear_uid 10083
04-16 17:36:58.298  1428  1668 W audio_hw_generic: Not supplying enough data to HAL, expected position 4865670 , only wrote 4713120
04-16 17:36:58.434  1544  1790 E         : Couldn't opendir /data/app/vmdl1544779942.tmp: No such file or directory
04-16 17:36:58.435  1544  1790 E installd: Failed to delete /data/app/vmdl1544779942.tmp: No such file or directory
04-16 17:36:58.498  9933  9933 E AppInfoBase: Exception when retrieving package:edu.washington.jchou8.hello
04-16 17:36:58.498  9933  9933 E AppInfoBase: android.content.pm.PackageManager$NameNotFoundException: edu.washington.jchou8.hello
04-16 17:36:58.498  9933  9933 E AppInfoBase: 	at android.app.ApplicationPackageManager.getPackageInfoAsUser(ApplicationPackageManager.java:168)
04-16 17:36:58.498  9933  9933 E AppInfoBase: 	at android.app.ApplicationPackageManager.getPackageInfo(ApplicationPackageManager.java:139)
04-16 17:36:58.498  9933  9933 E AppInfoBase: 	at com.android.settings.applications.AppInfoBase.retrieveAppEntry(AppInfoBase.java:146)
04-16 17:36:58.498  9933  9933 E AppInfoBase: 	at com.android.settings.applications.InstalledAppDetails.refreshUi(InstalledAppDetails.java:694)
04-16 17:36:58.498  9933  9933 E AppInfoBase: 	at com.android.settings.applications.InstalledAppDetails.onActivityResult(InstalledAppDetails.java:576)
04-16 17:36:58.498  9933  9933 E AppInfoBase: 	at android.app.Activity.dispatchActivityResult(Activity.java:7262)
04-16 17:36:58.498  9933  9933 E AppInfoBase: 	at android.app.ActivityThread.deliverResults(ActivityThread.java:4320)
04-16 17:36:58.498  9933  9933 E AppInfoBase: 	at android.app.ActivityThread.handleSendResult(ActivityThread.java:4367)
04-16 17:36:58.498  9933  9933 E AppInfoBase: 	at android.app.ActivityThread.-wrap19(Unknown Source:0)
04-16 17:36:58.498  9933  9933 E AppInfoBase: 	at android.app.ActivityThread$H.handleMessage(ActivityThread.java:1649)
04-16 17:36:58.498  9933  9933 E AppInfoBase: 	at android.os.Handler.dispatchMessage(Handler.java:105)
04-16 17:36:58.498  9933  9933 E AppInfoBase: 	at android.os.Looper.loop(Looper.java:164)
04-16 17:36:58.498  9933  9933 E AppInfoBase: 	at android.app.ActivityThread.main(ActivityThread.java:6541)
04-16 17:36:58.498  9933  9933 E AppInfoBase: 	at java.lang.reflect.Method.invoke(Native Method)
04-16 17:36:58.498  9933  9933 E AppInfoBase: 	at com.android.internal.os.Zygote$MethodAndArgsCaller.run(Zygote.java:240)
04-16 17:36:58.498  9933  9933 E AppInfoBase: 	at com.android.internal.os.ZygoteInit.main(ZygoteInit.java:767)
04-16 17:36:58.500  9933  9933 W InstalledAppDetails: App is not explicitly stopped
04-16 17:36:58.507  9933  9933 W ContextImpl: Calling a method in the system process without a qualified user: android.app.ContextImpl.bindService:1540 android.content.ContextWrapper.bindService:678 android.content.pm.permission.RuntimePermissionPresenter$RemoteService.processMessage:154 android.content.pm.permission.RuntimePermissionPresenter.getAppPermissions:118 com.android.settingslib.applications.PermissionsSummaryHelper.getPermissionSummary:34 
04-16 17:36:58.555  9933  9933 D AppUtils: Have 0 number of activities in preferred list
04-16 17:36:58.571  9957 10027 D EGL_emulation: eglMakeCurrent: 0x9db7e340: ver 2 0 (tinfo 0x9d8f4e50)
04-16 17:36:58.574  1708  1738 I ActivityManager: Force stopping edu.washington.jchou8.hello appid=10083 user=0: pkg removed
04-16 17:36:58.601  2425  2434 I zygote  : Background concurrent copying GC freed 7597(476KB) AllocSpace objects, 5(312KB) LOS objects, 50% free, 2MB/5MB, paused 5.629ms total 24.936ms
04-16 17:36:58.727  1708  1724 W BroadcastQueue: Background execution not allowed: receiving Intent { act=android.intent.action.PACKAGE_REMOVED dat=package:edu.washington.jchou8.hello flg=0x4000010 (has extras) } to com.android.vending/com.google.android.finsky.packagemanager.impl.PackageMonitorReceiverImpl$RegisteredReceiver
04-16 17:36:58.728  1708  1724 W BroadcastQueue: Background execution not allowed: receiving Intent { act=android.intent.action.PACKAGE_REMOVED dat=package:edu.washington.jchou8.hello flg=0x4000010 (has extras) } to com.android.vending/com.google.android.finsky.instantapps.appmanagement.InstantAppRemoveMonitor
04-16 17:36:58.753  1708  1724 W BroadcastQueue: Background execution not allowed: receiving Intent { act=android.intent.action.PACKAGE_REMOVED dat=package:edu.washington.jchou8.hello flg=0x4000010 (has extras) } to com.google.android.gms/.games.chimera.GamesSystemBroadcastReceiverProxy
04-16 17:36:58.754  1708  1724 W BroadcastQueue: Background execution not allowed: receiving Intent { act=android.intent.action.PACKAGE_REMOVED dat=package:edu.washington.jchou8.hello flg=0x4000010 (has extras) } to com.google.android.gms/.photos.autobackup.PhotosAppUninstalledReceiver
04-16 17:36:58.757  1708  1724 W BroadcastQueue: Background execution not allowed: receiving Intent { act=android.intent.action.PACKAGE_REMOVED dat=package:edu.washington.jchou8.hello flg=0x4000010 (has extras) } to com.google.android.gms/.chimera.GmsIntentOperationService$PersistentTrustedReceiver
04-16 17:36:58.758  1708  1724 W BroadcastQueue: Background execution not allowed: receiving Intent { act=android.intent.action.PACKAGE_REMOVED dat=package:edu.washington.jchou8.hello flg=0x4000010 (has extras) } to com.google.android.googlequicksearchbox/com.google.android.apps.gsa.googlequicksearchbox.GelStubAppWatcher
04-16 17:36:58.766  1444  1444 W SurfaceFlinger: couldn't log to binary event log: overflow.
04-16 17:36:58.789  1947  1947 D CarrierSvcBindHelper: No carrier app for: 0
04-16 17:36:58.793 10089 10089 W zygote  : Unexpected CPU variant for X86 using defaults: x86
04-16 17:36:58.796  1708  1724 I ActivityManager: Start proc 10089:com.android.chrome/u0a43 for broadcast com.android.chrome/org.chromium.chrome.browser.browserservices.ClientAppBroadcastReceiver
04-16 17:36:58.837  1708  1798 I chatty  : uid=1000(system) InputReader expire 12 lines
04-16 17:36:59.024  7399  7504 D EGL_emulation: eglMakeCurrent: 0xa0487fa0: ver 2 0 (tinfo 0xa0483a10)
04-16 17:36:59.241  9957  9957 E PermissionPresenter: Error getting package:edu.washington.jchou8.hello
04-16 17:36:59.241  9957  9957 E PermissionPresenter: android.content.pm.PackageManager$NameNotFoundException: edu.washington.jchou8.hello
04-16 17:36:59.241  9957  9957 E PermissionPresenter: 	at android.app.ApplicationPackageManager.getPackageInfoAsUser(ApplicationPackageManager.java:168)
04-16 17:36:59.241  9957  9957 E PermissionPresenter: 	at android.app.ApplicationPackageManager.getPackageInfo(ApplicationPackageManager.java:139)
04-16 17:36:59.241  9957  9957 E PermissionPresenter: 	at com.android.packageinstaller.permission.service.RuntimePermissionPresenterServiceImpl.onGetAppPermissions(RuntimePermissionPresenterServiceImpl.java:43)
04-16 17:36:59.241  9957  9957 E PermissionPresenter: 	at android.permissionpresenterservice.RuntimePermissionPresenterService$MyHandler.handleMessage(RuntimePermissionPresenterService.java:106)
04-16 17:36:59.241  9957  9957 E PermissionPresenter: 	at android.os.Handler.dispatchMessage(Handler.java:105)
04-16 17:36:59.241  9957  9957 E PermissionPresenter: 	at android.os.Looper.loop(Looper.java:164)
04-16 17:36:59.241  9957  9957 E PermissionPresenter: 	at android.app.ActivityThread.main(ActivityThread.java:6541)
04-16 17:36:59.241  9957  9957 E PermissionPresenter: 	at java.lang.reflect.Method.invoke(Native Method)
04-16 17:36:59.241  9957  9957 E PermissionPresenter: 	at com.android.internal.os.Zygote$MethodAndArgsCaller.run(Zygote.java:240)
04-16 17:36:59.241  9957  9957 E PermissionPresenter: 	at com.android.internal.os.ZygoteInit.main(ZygoteInit.java:767)
04-16 17:36:59.791  1895  1895 I Choreographer: Skipped 63 frames!  The application may be doing too much work on its main thread.
04-16 17:36:59.813  7626  7626 I chatty  : uid=10027(u0_a27) com.android.vending expire 3 lines
04-16 17:37:00.235  5069  5069 I chatty  : uid=10011(u0_a11) com.google.android.gms.persistent expire 1 line
04-16 17:37:00.351  1708  1731 E NetdConnector: NDC event {613 IfaceClass idle 1 1590070502640} took too long: 1324ms
04-16 17:37:00.376  1708  1725 W Looper  : Dispatch took 1594ms on android.ui, h=Handler (com.android.server.am.ActivityManagerService$UiHandler) {ab206dc} cb=null msg=53
04-16 17:37:00.380  1708  3752 I ActivityManager: START u0 {act=android.intent.action.MAIN cat=[android.intent.category.LAUNCHER] flg=0x10000000 cmp=edu.washington.jchou8.activityspy/.MainActivity} from uid 2000
04-16 17:37:00.422  1947  1947 D ImsResolver: maybeAddedImsService, packageName: edu.washington.jchou8.activityspy
04-16 17:37:00.431  1708  1910 I ActivityManager: START u0 {act=android.intent.action.MAIN cat=[android.intent.category.HOME] flg=0x10200000 cmp=com.google.android.apps.nexuslauncher/.NexusLauncherActivity} from uid 10029
04-16 17:37:00.432  1947  1947 D CarrierSvcBindHelper: No carrier app for: 0
04-16 17:37:00.439  1895  1895 I Choreographer: Skipped 38 frames!  The application may be doing too much work on its main thread.
04-16 17:37:00.461  2425  2425 I Choreographer: Skipped 93 frames!  The application may be doing too much work on its main thread.
04-16 17:37:00.500  1444  1444 D SurfaceFlinger: duplicate layer name: changing com.google.android.apps.nexuslauncher/com.google.android.apps.nexuslauncher.NexusLauncherActivity to com.google.android.apps.nexuslauncher/com.google.android.apps.nexuslauncher.NexusLauncherActivity#1
04-16 17:37:00.508  1947  1947 D CarrierSvcBindHelper: No carrier app for: 0
04-16 17:37:00.508  1947  1947 D CarrierConfigLoader: mHandler: 9 phoneId: 0
04-16 17:37:00.509  1947  1947 D ImsResolver: maybeAddedImsService, packageName: com.android.settings
04-16 17:37:00.562  2425  2678 D EGL_emulation: eglMakeCurrent: 0xa0485a20: ver 2 0 (tinfo 0xa0483780)
04-16 17:37:00.627  9933  9972 D EGL_emulation: eglMakeCurrent: 0xa0485c00: ver 2 0 (tinfo 0xa0483d70)
04-16 17:37:00.715  1444  1444 E EGL_emulation: tid 1444: eglCreateSyncKHR(1957): error 0x3004 (EGL_BAD_ATTRIBUTE)
04-16 17:37:01.089  7626 10117 I chatty  : uid=10027(u0_a27) com.android.vending expire 1 line
04-16 17:37:01.278  1708  1708 I Telecom : DefaultDialerCache: Refreshing default dialer for user 0: now com.google.android.dialer: DDC.oR@ATM
04-16 17:37:01.283  7399  7399 I Choreographer: Skipped 46 frames!  The application may be doing too much work on its main thread.
04-16 17:37:01.292  7626 10118 I chatty  : uid=10027(u0_a27) com.android.vending expire 1 line
04-16 17:37:02.003  7399  7399 W ThreadPoolDumper: Queue length for executor EventBus is now 11. Perhaps some tasks are too long, or the pool is too small.
04-16 17:37:02.090  7626  7626 I chatty  : uid=10027(u0_a27) com.android.vending expire 2 lines
04-16 17:37:02.200  7399  7505 W SessionLifecycleManager: Handover failed. Creating new session controller.
04-16 17:37:02.563  2425  2519 D SharedPreferencesImpl: Time required to fsync /data/user/0/com.google.android.apps.nexuslauncher/shared_prefs/reflection.private.properties.xml: [<1: 0, <2: 0, <4: 1, <8: 19, <16: 9, <32: 5, <64: 1, <128: 0, <256: 0, <512: 0, <1024: 1, <2048: 0, <4096: 0, <8192: 0, <16384: 0, >=16384: 0]
04-16 17:37:02.735  5058 10111 I chatty  : uid=10011(u0_a11) com.google.android.gms expire 6 lines
04-16 17:37:02.825  1428  4309 W audio_hw_generic: Not supplying enough data to HAL, expected position 4713446 , only wrote 4713120
04-16 17:37:02.846  5058 10121 I chatty  : uid=10011(u0_a11) com.google.android.gms expire 1 line
04-16 17:37:02.927  5058  5096 I chatty  : uid=10011(u0_a11) queued-work-loo expire 1 line
04-16 17:37:02.927  5058  5058 I chatty  : uid=10011(u0_a11) com.google.android.gms expire 1 line
04-16 17:37:02.978  1708  1708 I Telecom : DefaultDialerCache: Refreshing default dialer for user 0: now com.google.android.dialer: DDC.oR@ATQ
04-16 17:37:03.015  1895  2139 D EGL_emulation: eglMakeCurrent: 0x8ebd72e0: ver 2 0 (tinfo 0x9bc0df70)
04-16 17:37:03.034  1895  2139 D EGL_emulation: eglMakeCurrent: 0x8ebd72e0: ver 2 0 (tinfo 0x9bc0df70)
