04-16 19:27:05.571  1895  2139 D EGL_emulation: eglMakeCurrent: 0x8ebd72e0: ver 2 0 (tinfo 0x9bc0df70)
04-16 19:27:05.741  1895  2139 D EGL_emulation: eglMakeCurrent: 0x8ebd72e0: ver 2 0 (tinfo 0x9bc0df70)
04-16 19:27:05.798  1434  1434 D gralloc_ranchu: gralloc_alloc: Creating ashmem region of size 585728
04-16 19:27:05.808  1895  2139 D EGL_emulation: eglMakeCurrent: 0x8ebd72e0: ver 2 0 (tinfo 0x9bc0df70)
04-16 19:27:05.822  1434  1434 D gralloc_ranchu: gralloc_alloc: Creating ashmem region of size 585728
04-16 19:27:05.841  1895  2139 D EGL_emulation: eglMakeCurrent: 0x8ebd72e0: ver 2 0 (tinfo 0x9bc0df70)
04-16 19:27:05.850  1895  1895 E BufferItemConsumer: [unnamed-1895-16] Failed to release buffer: Unknown error -1 (1)
04-16 19:27:05.860  1895  2139 D EGL_emulation: eglMakeCurrent: 0x8ebd72e0: ver 2 0 (tinfo 0x9bc0df70)
04-16 19:27:05.882  1895  2139 D EGL_emulation: eglMakeCurrent: 0x8ebd72e0: ver 2 0 (tinfo 0x9bc0df70)
04-16 19:27:05.891  1434  1434 D gralloc_ranchu: gralloc_alloc: Creating ashmem region of size 585728
04-16 19:27:05.908  1895  2139 D EGL_emulation: eglMakeCurrent: 0x8ebd72e0: ver 2 0 (tinfo 0x9bc0df70)
04-16 19:27:05.915  1434  1434 D gralloc_ranchu: gralloc_alloc: Creating ashmem region of size 8298496
04-16 19:27:05.927  1434  1434 D gralloc_ranchu: gralloc_alloc: Creating ashmem region of size 585728
04-16 19:27:05.929  1434  1434 D gralloc_ranchu: gralloc_alloc: Creating ashmem region of size 8298496
04-16 19:27:05.947  1434  1434 D gralloc_ranchu: gralloc_alloc: Creating ashmem region of size 8298496
04-16 19:27:05.947  1895  2139 D EGL_emulation: eglMakeCurrent: 0x8ebd72e0: ver 2 0 (tinfo 0x9bc0df70)
04-16 19:27:05.967  1895  1895 E BufferItemConsumer: [unnamed-1895-17] Failed to release buffer: Unknown error -1 (1)
04-16 19:27:05.968  1895  2139 D EGL_emulation: eglMakeCurrent: 0x8ebd72e0: ver 2 0 (tinfo 0x9bc0df70)
04-16 19:27:05.989  1895  2139 D EGL_emulation: eglMakeCurrent: 0x8ebd72e0: ver 2 0 (tinfo 0x9bc0df70)
04-16 19:27:06.059  1895  2139 D EGL_emulation: eglMakeCurrent: 0x8ebd72e0: ver 2 0 (tinfo 0x9bc0df70)
04-16 19:27:06.252  1895  7530 I zygote  : Explicit concurrent copying GC freed 2042(210KB) AllocSpace objects, 0(0B) LOS objects, 49% free, 4MB/9MB, paused 960us total 31.379ms
04-16 19:27:06.766  1708  2077 I ActivityManager: START u0 {flg=0x10804000 cmp=com.android.systemui/.recents.RecentsActivity} from uid 10029
04-16 19:27:06.768  1434  1434 D gralloc_ranchu: gralloc_alloc: Creating ashmem region of size 585728
04-16 19:27:06.776  1895  2139 D EGL_emulation: eglMakeCurrent: 0x8ebd72e0: ver 2 0 (tinfo 0x9bc0df70)
04-16 19:27:06.788  1434  1434 D gralloc_ranchu: gralloc_alloc: Creating ashmem region of size 585728
04-16 19:27:06.793  1895  2139 D EGL_emulation: eglMakeCurrent: 0x8ebd72e0: ver 2 0 (tinfo 0x9bc0df70)
04-16 19:27:06.797  1895  1895 E BufferItemConsumer: [unnamed-1895-18] Failed to release buffer: Unknown error -1 (1)
04-16 19:27:06.801  1895  2139 D EGL_emulation: eglMakeCurrent: 0x8ebd72e0: ver 2 0 (tinfo 0x9bc0df70)
04-16 19:27:06.870  1434  1434 D gralloc_ranchu: gralloc_alloc: Creating ashmem region of size 585728
04-16 19:27:06.891  1895  2139 D EGL_emulation: eglMakeCurrent: 0x8ebd72e0: ver 2 0 (tinfo 0x9bc0df70)
04-16 19:27:06.900  1434  1434 D gralloc_ranchu: gralloc_alloc: Creating ashmem region of size 585728
04-16 19:27:06.905  1895  2139 D EGL_emulation: eglMakeCurrent: 0x8ebd72e0: ver 2 0 (tinfo 0x9bc0df70)
04-16 19:27:06.911  1895  1895 E BufferItemConsumer: [unnamed-1895-19] Failed to release buffer: Unknown error -1 (1)
04-16 19:27:06.930  1434  1434 D gralloc_ranchu: gralloc_alloc: Creating ashmem region of size 8298496
04-16 19:27:06.964  1434  1434 D gralloc_ranchu: gralloc_alloc: Creating ashmem region of size 8298496
04-16 19:27:07.004  1895  2139 D EGL_emulation: eglMakeCurrent: 0x8ebd72e0: ver 2 0 (tinfo 0x9bc0df70)
04-16 19:27:07.038  1895  2139 D EGL_emulation: eglMakeCurrent: 0x8ebd72e0: ver 2 0 (tinfo 0x9bc0df70)
04-16 19:27:07.061  1434  1434 D gralloc_ranchu: gralloc_alloc: Creating ashmem region of size 8298496
04-16 19:27:07.091  1444  1444 E EGL_emulation: tid 1444: eglCreateSyncKHR(1957): error 0x3004 (EGL_BAD_ATTRIBUTE)
04-16 19:27:07.137  1895  2139 D EGL_emulation: eglMakeCurrent: 0x8ebd72e0: ver 2 0 (tinfo 0x9bc0df70)
04-16 19:27:07.457  1895  2139 D EGL_emulation: eglMakeCurrent: 0x8ebd72e0: ver 2 0 (tinfo 0x9bc0df70)
04-16 19:27:07.493  1444  2141 E SurfaceFlinger: Failed to find layer (edu.washington.jchou8.activityspy/edu.washington.jchou8.activityspy.MainActivity#0) in layer parent (no-parent).
04-16 19:27:08.727  1708  3125 I ActivityManager: Killing 10913:com.google.android.gms.unstable/u0a11 (adj 906): empty for 1800s
04-16 19:27:08.730  1708  3125 I ActivityManager: Killing 11402:edu.washington.jchou8.activityspy/u0a84 (adj 900): remove task
04-16 19:27:08.736  1708  3656 I ActivityManager: START u0 {act=android.intent.action.MAIN cat=[android.intent.category.HOME] flg=0x10200000 cmp=com.google.android.apps.nexuslauncher/.NexusLauncherActivity} from uid 10029
04-16 19:27:08.776  1434  1434 D gralloc_ranchu: gralloc_alloc: Creating ashmem region of size 8298496
04-16 19:27:08.813  1434  1434 D gralloc_ranchu: gralloc_alloc: Creating ashmem region of size 8298496
04-16 19:27:08.841  1708  1797 I chatty  : uid=1000(system) InputDispatcher expire 2 lines
04-16 19:27:08.845  1708  2870 I chatty  : uid=1000(system) Binder:1708_A expire 1 line
04-16 19:27:08.846  1434  1434 D gralloc_ranchu: gralloc_alloc: Creating ashmem region of size 8298496
04-16 19:27:08.886  1895  2139 D EGL_emulation: eglMakeCurrent: 0x8ebd72e0: ver 2 0 (tinfo 0x9bc0df70)
04-16 19:27:08.901  1708  2419 W WindowManager: Failed looking up window callers=com.android.server.wm.WindowManagerService.windowForClientLocked:5704 com.android.server.wm.WindowState$DeathRecipient.binderDied:2284 android.os.BinderProxy.sendDeathNotice:828 
04-16 19:27:08.901  1708  2419 I WindowManager: WIN DEATH: null
04-16 19:27:08.909  1708  1733 W ActivityManager: setHasOverlayUi called on unknown pid: 11402
04-16 19:27:08.915  1444  1444 D SurfaceFlinger: duplicate layer name: changing com.google.android.apps.nexuslauncher/com.google.android.apps.nexuslauncher.NexusLauncherActivity to com.google.android.apps.nexuslauncher/com.google.android.apps.nexuslauncher.NexusLauncherActivity#1
04-16 19:27:08.916  1895  7530 I zygote  : Explicit concurrent copying GC freed 1157(150KB) AllocSpace objects, 0(0B) LOS objects, 50% free, 4MB/9MB, paused 956us total 26.767ms
04-16 19:27:08.925  1434  1434 D gralloc_ranchu: gralloc_alloc: Creating ashmem region of size 8298496
04-16 19:27:08.935  7399  7504 D EGL_emulation: eglMakeCurrent: 0xa0487fa0: ver 2 0 (tinfo 0xa0483a10)
04-16 19:27:08.966  1434  1434 D gralloc_ranchu: gralloc_alloc: Creating ashmem region of size 8298496
04-16 19:27:08.979  1434  1434 D gralloc_ranchu: gralloc_alloc: Creating ashmem region of size 8298496
04-16 19:27:08.984  7399  7399 W ThreadPoolDumper: Queue length for executor EventBus is now 11. Perhaps some tasks are too long, or the pool is too small.
04-16 19:27:08.998  7399  7505 W SessionLifecycleManager: Handover failed. Creating new session controller.
04-16 19:27:09.014  2425  2678 D EGL_emulation: eglMakeCurrent: 0xa0485a20: ver 2 0 (tinfo 0xa0483780)
04-16 19:27:09.052  7399 11435 E sb.v.u.LiteSuggestSourc: On-device lite suggest model loading error.
04-16 19:27:09.114  1444  1470 E SurfaceFlinger: Failed to find layer (com.android.systemui/com.android.systemui.recents.RecentsActivity#0) in layer parent (no-parent).
04-16 19:27:09.517  2425  2678 W OpenGLRenderer: Incorrectly called buildLayer on View: ShortcutAndWidgetContainer, destroying layer...
04-16 19:27:09.826  1428  1685 W audio_hw_generic: Not supplying enough data to HAL, expected position 7587729 , only wrote 7328880
04-16 19:27:14.076  7399 11465 I EventLogSendingHelper: Sending log events.
04-16 19:27:16.605  1428  4309 W audio_hw_generic: Not supplying enough data to HAL, expected position 7329159 , only wrote 7328880
04-16 19:27:16.999  1895  2139 D EGL_emulation: eglMakeCurrent: 0x8ebd72e0: ver 2 0 (tinfo 0x9bc0df70)
04-16 19:27:17.148  1895  2139 I chatty  : uid=10029(u0_a29) RenderThread identical 32 lines
04-16 19:27:17.157  1895  2139 D EGL_emulation: eglMakeCurrent: 0x8ebd72e0: ver 2 0 (tinfo 0x9bc0df70)
04-16 19:27:17.336  1708  1723 I chatty  : uid=1000(system) android.bg expire 10 lines
04-16 19:27:18.915  7626  7661 I PlayCommon: [437] adkp.d(23): Preparing logs for uploading
04-16 19:27:18.917  7626  7661 W PlayCommon: [437] adkp.a(1): No account for auth token provided
04-16 19:27:18.917  7626  7661 I PlayCommon: [437] adkp.d(114): Connecting to server: https://play.googleapis.com/play/log?format=raw&proto_v2=true
04-16 19:27:18.969  7626  7661 I PlayCommon: [437] adkp.d(162): Successfully uploaded logs.
04-16 19:27:19.076  7399 11421 I EventLogSendingHelper: Sending log events.
04-16 19:27:19.816  1428  1685 W audio_hw_generic: Not supplying enough data to HAL, expected position 7635210 , only wrote 7482960
04-16 19:27:22.787  1708  3124 I ActivityManager: START u0 {act=android.intent.action.MAIN cat=[android.intent.category.LAUNCHER] flg=0x10200000 cmp=edu.washington.jchou8.activityspy/.MainActivity bnds=[24,315][230,593]} from uid 10022
04-16 19:27:22.795  1428  4309 W audio_hw_generic: Not supplying enough data to HAL, expected position 7483196 , only wrote 7482960
04-16 19:27:22.804 11477 11477 I chatty  : uid=10084(u0_a84) expire 204 lines
04-16 19:27:22.808  1708  1910 I ActivityManager: Start proc 11477:edu.washington.jchou8.activityspy/u0a84 for activity edu.washington.jchou8.activityspy/.MainActivity
04-16 19:27:22.830  1434  1434 D gralloc_ranchu: gralloc_alloc: Creating ashmem region of size 8298496
04-16 19:27:22.835 11477 11484 I chatty  : uid=10084(u0_a84) expire 4 lines
04-16 19:27:22.923  7399  7504 D EGL_emulation: eglMakeCurrent: 0xa0487fa0: ver 2 0 (tinfo 0xa0483a10)
04-16 19:27:22.951  2425  2678 D EGL_emulation: eglMakeCurrent: 0xa0485a20: ver 2 0 (tinfo 0xa0483780)
04-16 19:27:23.088  1895  2139 D EGL_emulation: eglMakeCurrent: 0x8ebd72e0: ver 2 0 (tinfo 0x9bc0df70)
04-16 19:27:23.100  1895  2139 D EGL_emulation: eglMakeCurrent: 0x8ebd72e0: ver 2 0 (tinfo 0x9bc0df70)
04-16 19:27:23.129  1895  2139 D EGL_emulation: eglMakeCurrent: 0x8ebd72e0: ver 2 0 (tinfo 0x9bc0df70)
04-16 19:27:23.212  1895  2139 D EGL_emulation: eglMakeCurrent: 0x8ebd72e0: ver 2 0 (tinfo 0x9bc0df70)
04-16 19:27:23.229  1895  2139 D EGL_emulation: eglMakeCurrent: 0x8ebd72e0: ver 2 0 (tinfo 0x9bc0df70)
04-16 19:27:23.245  1895  2139 D EGL_emulation: eglMakeCurrent: 0x8ebd72e0: ver 2 0 (tinfo 0x9bc0df70)
04-16 19:27:23.250  1444  1512 E SurfaceFlinger: ro.sf.lcd_density must be defined as a build property
04-16 19:27:23.252 11477 11494 I chatty  : uid=10084(u0_a84) expire 11 lines
04-16 19:27:23.298  1434  1434 D gralloc_ranchu: gralloc_alloc: Creating ashmem region of size 8298496
04-16 19:27:23.312  1434  1434 D gralloc_ranchu: gralloc_alloc: Creating ashmem region of size 8298496
04-16 19:27:23.338  1434  1434 D gralloc_ranchu: gralloc_alloc: Creating ashmem region of size 8298496
04-16 19:27:23.462  1708  1733 I chatty  : uid=1000(system) android.display expire 1 line
04-16 19:27:23.486  7399 11435 I PBSessionCacheImpl: Deleted sessionId[221713110498] from persistence.
04-16 19:27:23.487  1444  1444 W SurfaceFlinger: couldn't log to binary event log: overflow.
04-16 19:27:23.488  1444  1444 W SurfaceFlinger: couldn't log to binary event log: overflow.
04-16 19:27:23.506  7399  7505 W SearchServiceCore: Abort, client detached.
04-16 19:27:23.511  7399  7505 I WorkerManager: dispose()
04-16 19:27:23.511  7399  7505 W ThreadPoolDumper: Queue length for executor EventBus is now 11. Perhaps some tasks are too long, or the pool is too small.
04-16 19:27:23.516  7399  7505 I WorkController: WorkProxy is not enqueued because WorkController is disposed: WorkProxy{Name=microdetection::q, WorkerId=microdetection, id=4305afe}
04-16 19:27:26.020  1428  1685 W audio_hw_generic: Not supplying enough data to HAL, expected position 7790664 , only wrote 7637760
04-16 19:27:27.021  1428  4309 W audio_hw_generic: Not supplying enough data to HAL, expected position 7637994 , only wrote 7637760
04-16 19:27:27.109  1434  1434 D gralloc_ranchu: gralloc_alloc: Creating ashmem region of size 8298496
04-16 19:27:27.126  1434  1434 D gralloc_ranchu: gralloc_alloc: Creating ashmem region of size 8298496
04-16 19:27:27.144  1444  1444 D SurfaceFlinger: duplicate layer name: changing com.google.android.apps.nexuslauncher/com.google.android.apps.nexuslauncher.NexusLauncherActivity to com.google.android.apps.nexuslauncher/com.google.android.apps.nexuslauncher.NexusLauncherActivity#1
04-16 19:27:27.146  1434  1434 D gralloc_ranchu: gralloc_alloc: Creating ashmem region of size 8298496
04-16 19:27:27.193  1434  1434 D gralloc_ranchu: gralloc_alloc: Creating ashmem region of size 8298496
04-16 19:27:27.195  7399  7504 D EGL_emulation: eglMakeCurrent: 0xa0487fa0: ver 2 0 (tinfo 0xa0483a10)
04-16 19:27:27.245  7399  7505 W SessionLifecycleManager: Handover failed. Creating new session controller.
04-16 19:27:27.245  2425  2678 D EGL_emulation: eglMakeCurrent: 0xa0485a20: ver 2 0 (tinfo 0xa0483780)
04-16 19:27:27.296  7399 11424 E sb.v.u.LiteSuggestSourc: On-device lite suggest model loading error.
04-16 19:27:27.302  1434  1434 D gralloc_ranchu: gralloc_alloc: Creating ashmem region of size 8298496
04-16 19:27:27.329  1444  1444 E EGL_emulation: tid 1444: eglCreateSyncKHR(1957): error 0x3004 (EGL_BAD_ATTRIBUTE)
04-16 19:27:27.427  1895  2139 D EGL_emulation: eglMakeCurrent: 0x8ebd72e0: ver 2 0 (tinfo 0x9bc0df70)
04-16 19:27:27.583  1895  2139 D EGL_emulation: eglMakeCurrent: 0x8ebd72e0: ver 2 0 (tinfo 0x9bc0df70)
04-16 19:27:27.736  2425  2678 W OpenGLRenderer: Incorrectly called buildLayer on View: ShortcutAndWidgetContainer, destroying layer...
04-16 19:27:27.813  1708  5860 I chatty  : uid=1000(system) RenderThread expire 6 lines
04-16 19:27:29.099  5069 10884 E WakeLock: GCM_HB_ALARM release without a matched acquire!
04-16 19:27:29.316  1708  3656 I ActivityManager: START u0 {act=android.intent.action.MAIN cat=[android.intent.category.LAUNCHER] flg=0x10200000 cmp=edu.washington.jchou8.activityspy/.MainActivity bnds=[24,315][230,593]} from uid 10022
04-16 19:27:29.371  1434  1434 D gralloc_ranchu: gralloc_alloc: Creating ashmem region of size 8298496
04-16 19:27:29.450  1434  1434 D gralloc_ranchu: gralloc_alloc: Creating ashmem region of size 8298496
04-16 19:27:29.468  7399  7504 D EGL_emulation: eglMakeCurrent: 0xa0487fa0: ver 2 0 (tinfo 0xa0483a10)
04-16 19:27:29.469  1434  1434 D gralloc_ranchu: gralloc_alloc: Creating ashmem region of size 8298496
04-16 19:27:29.481  1434  1434 D gralloc_ranchu: gralloc_alloc: Creating ashmem region of size 8298496
04-16 19:27:29.549  2425  2678 D EGL_emulation: eglMakeCurrent: 0xa0485a20: ver 2 0 (tinfo 0xa0483780)
04-16 19:27:29.566  1708  1733 I chatty  : uid=1000(system) android.display expire 1 line
04-16 19:27:29.643  1895  2139 D EGL_emulation: eglMakeCurrent: 0x8ebd72e0: ver 2 0 (tinfo 0x9bc0df70)
04-16 19:27:29.809  1895  2139 D EGL_emulation: eglMakeCurrent: 0x8ebd72e0: ver 2 0 (tinfo 0x9bc0df70)
04-16 19:27:29.873  7399 11434 I PBSessionCacheImpl: Deleted sessionId[221713110681] from persistence.
04-16 19:27:29.883  7399  7505 W SearchServiceCore: Abort, client detached.
04-16 19:27:29.888  1444  1444 W SurfaceFlinger: couldn't log to binary event log: overflow.
04-16 19:27:29.889  1444  1444 W SurfaceFlinger: couldn't log to binary event log: overflow.
04-16 19:27:32.333  7399 11453 I EventLogSendingHelper: Sending log events.
04-16 19:27:32.498  1428  1428 W audio_hw_generic: Not supplying enough data to HAL, expected position 8161665 , only wrote 7900560
04-16 19:27:32.695  1708  1723 I chatty  : uid=1000(system) android.bg expire 9 lines
04-16 19:27:37.334  7399 11421 I EventLogSendingHelper: Sending log events.
04-16 19:27:37.342  7399  7505 I WorkerManager: dispose()
04-16 19:27:37.343  7399  7505 W ThreadPoolDumper: Queue length for executor EventBus is now 11. Perhaps some tasks are too long, or the pool is too small.
04-16 19:27:54.090  1442  1442 I qemu-props: start adbd ...
04-16 19:28:00.033  1435  1461 D hwcomposer: hw_composer sent 247 syncs in 60s
04-16 19:28:00.422  1895  2139 D EGL_emulation: eglMakeCurrent: 0x8ebd72e0: ver 2 0 (tinfo 0x9bc0df70)
04-16 19:28:12.374  1708  1723 W android.os.Debug: failed to get memory consumption info: -1
04-16 19:28:16.889  1414  1414 I adbd    : Calling send_auth_request...
04-16 19:28:16.898  1708  3125 D AlarmManagerService: Kernel timezone updated to 420 minutes west of GMT
04-16 19:28:16.903  1708  3170 D AlarmManagerService: Setting time of day to sec=1555477904
04-16 22:11:44.017  1708  3170 W AlarmManagerService: Unable to set rtc to 1555477904: No such device
04-16 22:11:44.022  1708  1708 D ConditionProviders.SCP: onReceive android.intent.action.TIME_SET
04-16 22:11:44.034 11505 11505 W zygote  : Unexpected CPU variant for X86 using defaults: x86
04-16 22:11:44.037  1708  1724 I ActivityManager: Start proc 11505:com.google.android.calendar/u0a44 for broadcast com.google.android.calendar/com.android.calendar.widget.CalendarAppWidgetProvider
04-16 22:11:44.075  1414  1414 I adbd    : Loading keys from /data/misc/adb/adb_keys
04-16 22:11:44.077  1414  1414 I adbd    : Calling send_auth_request...
04-16 22:11:44.078 11518 11518 W zygote  : Unexpected CPU variant for X86 using defaults: x86
04-16 22:11:44.082  1708  2064 D UsbDebuggingManager: Received public key: QAAAAO1K6YAbXUEFa1sxDDFgZVxGor4iUMN7+aRl2Y8OH1fDMIDdiuBDzX3/m9jqlSh60cGsMnk9drsBb+PuuCmuR+49/25TyjtN9XtbCybZoJNSHEpn1HE/8mvtsYx6kGy16Zt/imhRo4ld/s0O/mCWlQV4DWQrdodfMQllJ3iSD3vmi+E9pXQDAVP9bShIhMLjDA4hn6FdXg7LkqM6u1p/lUinRtgtT83mfvEWyHke72pMv9sEfdObExFoRuOXGMd8EOetfizuZgQZRzy4DCOgaIULb6Hza17UvzqUOpGUzS7g0nET+drFNLVL98J+gryHu2lnkQoMBDAd0h5fgvMd6N1WOlvii9aC9lYEhPx9gVN544/e/x2qvsRK50TpxdfoD9u8Mn0qjTJjPFYdGKXPF5v9KzEld3RT6Ns7VKf3xJADquijZPNA5Tthe0NpVjvQ1TSZaL6CO/vBu7UpZb9gay5Fh6MW70d8i/SL7nNgLPVRWMLEEuMUCBLCWoALhqqr0txgRfBExWN2FWgDOPYj/kOCz4M4fb3HDowWyHpmNGmIjkIGCRFDlpLUE7PFPwyXw2DLDMQdRDvmbao9tCstQH1mGWaTTPyRSPPUnEkeBimoGzCcqFz4Z0+o9EIMSuRcMjzOwPnYnhiuMVPsNvcI6T7JQLkpV8gUV3wFe5L9A2OS3pvZIwEAAQA=
04-16 22:11:44.086  1708  1863 I ActivityManager: Start proc 11518:com.android.providers.calendar/u0a3 for content provider com.android.providers.calendar/.CalendarProvider2
04-16 22:11:44.088  1708  1708 D ConditionProviders.SCP: notifyCondition condition://android/schedule?days=6.7&start=23.30&end=10.0&exitAtAlarm=false STATE_FALSE reason=!meetsSchedule
04-16 22:11:44.091  1708  1731 I ActivityManager: START u0 {flg=0x10000000 cmp=com.android.systemui/.usb.UsbDebuggingActivity (has extras)} from uid 1000
04-16 22:11:44.095  1708  1723 I UsageStatsService: Time changed in UsageStats by 9808 seconds
04-16 22:11:44.095  1708  1723 I UsageStatsService: User[0] Flushing usage stats to disk
04-16 22:11:44.096 11477 11477 I chatty  : uid=10084(u0_a84) expire 5 lines
04-16 22:11:44.100  1708  1708 D ConditionProviders.SCP: notifyCondition condition://android/schedule?days=1.2.3.4.5&start=22.0&end=7.0&exitAtAlarm=false STATE_TRUE reason=meetsSchedule
04-16 22:11:44.101  1708  1708 D ConditionProviders.SCP: Scheduling evaluate for Tue Apr 16 23:30:00 PDT 2019 (1555482600000), in +1h18m15s978ms, now=Tue Apr 16 22:11:44 PDT 2019 (1555477904022)
04-16 22:11:44.101  1708  1708 D ConditionProviders.SCP: onReceive ScheduleConditionProvider.EVALUATE
04-16 22:11:44.110  1708  1708 D ConditionProviders.SCP: notifyCondition condition://android/schedule?days=6.7&start=23.30&end=10.0&exitAtAlarm=false STATE_FALSE reason=!meetsSchedule
04-16 22:11:44.110  1708  1708 D ConditionProviders.SCP: notifyCondition condition://android/schedule?days=1.2.3.4.5&start=22.0&end=7.0&exitAtAlarm=false STATE_TRUE reason=meetsSchedule
04-16 22:11:44.111  1708  1708 D ConditionProviders.SCP: Scheduling evaluate for Tue Apr 16 23:30:00 PDT 2019 (1555482600000), in +1h18m15s899ms, now=Tue Apr 16 22:11:44 PDT 2019 (1555477904101)
04-16 22:11:44.308 11505 11505 W Primes  : Primes not initialized, returning default (no-op) Primes instance which will ignore all calls. Please call Primes.initialize(...) before using any Primes API.
04-16 22:11:44.478  1708  1723 I UsageStatsDatabase: Time changed by +2h43m28s30ms. files deleted: 0 files moved: 8
04-16 22:11:44.483  1708  1723 I UsageStatsService: User[0] Rollover scheduled @ 2019-04-18 04:04:58(1555560298707)
04-16 22:11:44.491 11518 11518 I CalendarProvider2: Created com.android.providers.calendar.CalendarAlarmManager@9478749(com.android.providers.calendar.CalendarProvider2@a23084e)
04-16 22:11:44.588  1708  3656 I ActivityManager: Start proc 11566:com.google.android.deskclock/u0a68 for broadcast com.google.android.deskclock/com.android.deskclock.AlarmInitReceiver
04-16 22:11:44.590 11566 11566 W zygote  : Unexpected CPU variant for X86 using defaults: x86
04-16 22:11:44.660  1434  1434 D gralloc_ranchu: gralloc_alloc: Creating ashmem region of size 3813376
04-16 22:11:44.666  1708  3150 W ActivityManager: Slow operation: 56ms so far, now at attachApplicationLocked: after mServices.attachApplicationLocked
04-16 22:11:44.669  1708  3150 W ActivityManager: Slow operation: 59ms so far, now at attachApplicationLocked: after sendPendingBroadcastsLocked
04-16 22:11:44.724  1434  1434 D gralloc_ranchu: gralloc_alloc: Creating ashmem region of size 3813376
04-16 22:11:44.736 11566 11566 W PrimesInit: Primes instant initialization
04-16 22:11:44.737 11566 11586 W Primes  : background initialization
04-16 22:11:44.746 11566 11566 I GAv4    : Google Analytics 11.0.11 is starting up. To enable debug logging on a device run:
04-16 22:11:44.746 11566 11566 I GAv4    :   adb shell setprop log.tag.GAv4 DEBUG
04-16 22:11:44.746 11566 11566 I GAv4    :   adb logcat -s GAv4
04-16 22:11:44.765  1895  1895 I Choreographer: Skipped 34 frames!  The application may be doing too much work on its main thread.
04-16 22:11:44.769  1895  2139 D EGL_emulation: eglMakeCurrent: 0x8ebd72e0: ver 2 0 (tinfo 0x9bc0df70)
04-16 22:11:44.779 11566 11590 W GAv4    : AnalyticsReceiver is not registered or is disabled. Register the receiver for reliable dispatching on non-Google Play devices. See http://goo.gl/8Rd3yj for instructions.
04-16 22:11:44.791 11566 11590 W GAv4    : CampaignTrackingReceiver is not registered, not exported or is disabled. Installation campaign tracking is not possible. See http://goo.gl/8Rd3yj for instructions.
04-16 22:11:44.800 11566 11590 W GAv4    : AnalyticsService not registered in the app manifest. Hits might not be delivered reliably. See http://goo.gl/8Rd3yj for instructions.
04-16 22:11:44.803 11566 11566 I AlarmClock: AlarmInitReceiver android.intent.action.TIME_SET
04-16 22:11:44.815  1895  2139 D EGL_emulation: eglMakeCurrent: 0x8ebd72e0: ver 2 0 (tinfo 0x9bc0df70)
04-16 22:11:44.850  1708  1733 I ActivityManager: Displayed com.android.systemui/.usb.UsbDebuggingActivity: +722ms
04-16 22:11:44.875  1895  2139 D EGL_emulation: eglMakeCurrent: 0x8ebd72e0: ver 2 0 (tinfo 0x9bc0df70)
04-16 22:11:44.877 11566 11594 I AlarmClock: Connected Dock: null
04-16 22:11:44.883 11566 11594 I AlarmClock: Removing AlarmClockInfo
04-16 22:11:44.899 11566 11566 I AlarmClock: DigitalAppWidgetProvider processing Intent { act=android.intent.action.TIME_SET flg=0x25200010 cmp=com.google.android.deskclock/com.android.alarmclock.DigitalAppWidgetProvider }
04-16 22:11:44.903 11566 11586 I PrimesTesting: GserviceFlagsSupplier.get()
04-16 22:11:44.936  5058 11597 I SystemUpdate: [Installation,ReceiverIntentOperation] Received intent: Intent { act=android.intent.action.TIME_SET flg=0x25200010 cmp=com.google.android.gms/.chimera.GmsIntentOperationService$PersistentTrustedReceiver }.
04-16 22:11:44.967  5058 11601 I SystemUpdate: [Execution,InstallationEventIntentOperation] Handling event of type 6.
04-16 22:11:44.977  5058 11597 I SystemUpdate: [Execution,InstallationIntentOperation] Received intent: Intent { act=com.google.android.gms.update.INSTALL_UPDATE cat=[targeted_intent_op_prefix:.update.execution.InstallationIntentOperation] cmp=com.google.android.gms/.chimera.GmsIntentOperationService }.
04-16 22:11:44.987  5058 11597 I SystemUpdate: [Execution,ExecutionManager] Action finished-execution executed for 0.00 seconds.
04-16 22:11:45.070  7626  7643 I Finsky  : [419] ifl.run(3): Stats for Executor: BlockingExecutor igw@2b9cd6[Running, pool size = 0, active threads = 0, queued tasks = 0, completed tasks = 53]
04-16 22:11:45.070  7626  7643 I Finsky  : [419] ifl.run(3): Stats for Executor: LightweightExecutor igw@fdf2b57[Running, pool size = 3, active threads = 0, queued tasks = 0, completed tasks = 61]
04-16 22:11:45.281  7626  7643 I Finsky  : [419] ifl.run(3): Stats for Executor: bgExecutor igw@c125f3[Running, pool size = 4, active threads = 0, queued tasks = 0, completed tasks = 782]
04-16 22:11:47.665  1428  4309 W audio_hw_generic: Not supplying enough data to HAL, expected position 7900920 , only wrote 7900560
04-16 22:11:48.308  1708  1731 E UsbDebuggingManager: Error writing key:java.io.FileNotFoundException: /data/misc/adb/adb_keys (Permission denied)
04-16 22:11:48.413  1434  1434 D gralloc_ranchu: gralloc_alloc: Creating ashmem region of size 2588672
04-16 22:11:48.429  1444  1444 E EGL_emulation: tid 1444: eglCreateSyncKHR(1957): error 0x3004 (EGL_BAD_ATTRIBUTE)
04-16 22:11:48.454  1708  5860 I OpenGLRenderer: Initialized EGL, version 1.4
04-16 22:11:48.454  1708  5860 D OpenGLRenderer: Swap behavior 1
04-16 22:11:48.454  1708  5860 W OpenGLRenderer: Failed to choose config with EGL_SWAP_BEHAVIOR_PRESERVED, retrying without...
04-16 22:11:48.454  1708  5860 D OpenGLRenderer: Swap behavior 0
04-16 22:11:48.477  1708  5860 D EGL_emulation: eglCreateContext: 0x9d97fd60: maj 2 min 0 rcv 2
04-16 22:11:48.492  1895  2139 D EGL_emulation: eglMakeCurrent: 0x8ebd72e0: ver 2 0 (tinfo 0x9bc0df70)
04-16 22:11:48.567  1708  5860 D EGL_emulation: eglMakeCurrent: 0x9d97fd60: ver 2 0 (tinfo 0x9bcfcbc0)
04-16 22:11:48.686  1428  4309 W audio_hw_generic: Not supplying enough data to HAL, expected position 7949550 , only wrote 7949520
04-16 22:11:48.932  1708  1717 I zygote  : NativeAllocBackground concurrent copying GC freed 22744(1728KB) AllocSpace objects, 15(300KB) LOS objects, 37% free, 10MB/16MB, paused 5.824ms total 141.736ms
04-16 22:11:48.988  1428  4309 W audio_hw_generic: Not supplying enough data to HAL, expected position 7964040 , only wrote 7963200
04-16 22:11:49.007  1428  4309 W audio_hw_generic: Not supplying enough data to HAL, expected position 7964113 , only wrote 7963920
04-16 22:11:49.032  1428  4309 W audio_hw_generic: Not supplying enough data to HAL, expected position 7965123 , only wrote 7964640
04-16 22:11:49.102 11505 11531 I zygote  : Waiting for a blocking GC ProfileSaver
04-16 22:11:49.127 11505 11531 I zygote  : WaitForGcToComplete blocked for 24.905ms for cause ProfileSaver
04-16 22:11:49.349 11617 11617 D AndroidRuntime: >>>>>> START com.android.internal.os.RuntimeInit uid 2000 <<<<<<
04-16 22:11:49.405 11617 11617 W app_process: Unexpected CPU variant for X86 using defaults: x86
04-16 22:11:49.427 11617 11617 D AndroidRuntime: Calling main entry com.android.commands.wm.Wm
04-16 22:11:49.432  1708  2483 W WindowManager: Permission Denial: dismissKeyguard from pid=11617, uid=2000 requires android.permission.CONTROL_KEYGUARD
04-16 22:11:49.433 11617 11617 D AndroidRuntime: Shutting down VM
04-16 22:11:50.053  1428  4309 W audio_hw_generic: Not supplying enough data to HAL, expected position 8013615 , only wrote 8013600
04-16 22:11:50.083  1428  4309 W audio_hw_generic: Not supplying enough data to HAL, expected position 8015061 , only wrote 8014320
04-16 22:11:51.480  1428  1668 W audio_hw_generic: Not supplying enough data to HAL, expected position 8147448 , only wrote 8081280
04-16 22:11:54.026  1708  1727 E BatteryStatsService: modem info is invalid: ModemActivityInfo{ mTimestamp=0 mSleepTimeMs=0 mIdleTimeMs=0 mTxTimeMs[]=[0, 0, 0, 0, 0] mRxTimeMs=0 mEnergyUsed=0}
04-16 22:11:55.892  1895  2139 D EGL_emulation: eglMakeCurrent: 0x8ebd72e0: ver 2 0 (tinfo 0x9bc0df70)
04-16 22:11:55.893  1428  4309 W audio_hw_generic: Not supplying enough data to HAL, expected position 8081494 , only wrote 8081280
04-16 22:11:55.953  1708  1797 I ActivityManager: START u0 {act=android.intent.action.MAIN cat=[android.intent.category.HOME] flg=0x10200000 cmp=com.google.android.apps.nexuslauncher/.NexusLauncherActivity (has extras)} from uid 1000
04-16 22:11:56.037  1434  1434 D gralloc_ranchu: gralloc_alloc: Creating ashmem region of size 8298496
04-16 22:11:56.053  1434  1434 D gralloc_ranchu: gralloc_alloc: Creating ashmem region of size 8298496
04-16 22:11:56.100 11477 11494 I chatty  : uid=10084(u0_a84) expire 1 line
04-16 22:11:56.100  1434  1434 D gralloc_ranchu: gralloc_alloc: Creating ashmem region of size 8298496
04-16 22:11:56.102  1444  1444 D SurfaceFlinger: duplicate layer name: changing com.google.android.apps.nexuslauncher/com.google.android.apps.nexuslauncher.NexusLauncherActivity to com.google.android.apps.nexuslauncher/com.google.android.apps.nexuslauncher.NexusLauncherActivity#1
04-16 22:11:56.121  1434  1434 D gralloc_ranchu: gralloc_alloc: Creating ashmem region of size 8298496
04-16 22:11:56.171  1434  1434 D gralloc_ranchu: gralloc_alloc: Creating ashmem region of size 8298496
04-16 22:11:56.172  7399  7504 D EGL_emulation: eglMakeCurrent: 0xa0487fa0: ver 2 0 (tinfo 0xa0483a10)
04-16 22:11:56.230  2425  2678 D EGL_emulation: eglMakeCurrent: 0xa0485a20: ver 2 0 (tinfo 0xa0483780)
04-16 22:11:56.241  7399  7399 W ThreadPoolDumper: Queue length for executor EventBus is now 11. Perhaps some tasks are too long, or the pool is too small.
04-16 22:11:56.369  1434  1434 D gralloc_ranchu: gralloc_alloc: Creating ashmem region of size 8298496
04-16 22:11:56.417  1444  1444 E EGL_emulation: tid 1444: eglCreateSyncKHR(1957): error 0x3004 (EGL_BAD_ATTRIBUTE)
04-16 22:11:56.452  7399  7505 W SessionLifecycleManager: Handover failed. Creating new session controller.
04-16 22:11:56.529  7399 11435 E sb.v.u.LiteSuggestSourc: On-device lite suggest model loading error.
04-16 22:11:56.716  2425  2678 W OpenGLRenderer: Incorrectly called buildLayer on View: ShortcutAndWidgetContainer, destroying layer...
04-16 22:11:59.092  1428  1668 W audio_hw_generic: Not supplying enough data to HAL, expected position 8387526 , only wrote 8234640
04-16 22:11:59.102  1428  4309 W audio_hw_generic: Not supplying enough data to HAL, expected position 8234745 , only wrote 8234640
04-16 22:11:59.173  1708  3750 I ActivityManager: START u0 {flg=0x10804000 cmp=com.android.systemui/.recents.RecentsActivity} from uid 10029
04-16 22:11:59.209  2425  2678 D EGL_emulation: eglMakeCurrent: 0xa0485a20: ver 2 0 (tinfo 0xa0483780)
04-16 22:11:59.235  7399 11434 I PBSessionCacheImpl: Deleted sessionId[221713209371] from persistence.
04-16 22:11:59.249  1434  1434 D gralloc_ranchu: gralloc_alloc: Creating ashmem region of size 8298496
04-16 22:11:59.252  7399  7505 W SearchServiceCore: Abort, client detached.
04-16 22:11:59.260  1434  1434 D gralloc_ranchu: gralloc_alloc: Creating ashmem region of size 8298496
04-16 22:11:59.271  1434  1434 D gralloc_ranchu: gralloc_alloc: Creating ashmem region of size 8298496
04-16 22:11:59.315  1895  2139 D EGL_emulation: eglMakeCurrent: 0x8ebd72e0: ver 2 0 (tinfo 0x9bc0df70)
04-16 22:11:59.339  1895  2139 I chatty  : uid=10029(u0_a29) RenderThread identical 11 lines
04-16 22:11:59.349  1895  2139 D EGL_emulation: eglMakeCurrent: 0x8ebd72e0: ver 2 0 (tinfo 0x9bc0df70)
04-16 22:11:59.386  7399  7504 D EGL_emulation: eglMakeCurrent: 0xa0487fa0: ver 2 0 (tinfo 0xa0483a10)
04-16 22:11:59.424  1895  2139 D EGL_emulation: eglMakeCurrent: 0x8ebd72e0: ver 2 0 (tinfo 0x9bc0df70)
04-16 22:11:59.475  1895  2139 D EGL_emulation: eglMakeCurrent: 0x8ebd72e0: ver 2 0 (tinfo 0x9bc0df70)
04-16 22:11:59.603  1444  1444 W SurfaceFlinger: couldn't log to binary event log: overflow.
04-16 22:11:59.610  1444  1444 W SurfaceFlinger: couldn't log to binary event log: overflow.
04-16 22:11:59.628  1895  2139 D EGL_emulation: eglMakeCurrent: 0x8ebd72e0: ver 2 0 (tinfo 0x9bc0df70)
04-16 22:12:00.173  1895  2139 D EGL_emulation: eglMakeCurrent: 0x8ebd72e0: ver 2 0 (tinfo 0x9bc0df70)
04-16 22:12:00.545  1708  1719 I ActivityManager: Killing 11477:edu.washington.jchou8.activityspy/u0a84 (adj 900): remove task
04-16 22:12:00.553  1708  2419 I ActivityManager: START u0 {act=android.intent.action.MAIN cat=[android.intent.category.HOME] flg=0x10200000 cmp=com.google.android.apps.nexuslauncher/.NexusLauncherActivity} from uid 10029
04-16 22:12:00.578  1708  1797 W InputDispatcher: channel '26757f5 edu.washington.jchou8.activityspy/edu.washington.jchou8.activityspy.MainActivity (server)' ~ Consumer closed input channel or an error occurred.  events=0x9
04-16 22:12:00.579  1708  1797 E InputDispatcher: channel '26757f5 edu.washington.jchou8.activityspy/edu.washington.jchou8.activityspy.MainActivity (server)' ~ Channel is unrecoverably broken and will be disposed!
04-16 22:12:00.590  1708  3752 I WindowManager: WIN DEATH: Window{26757f5 u0 edu.washington.jchou8.activityspy/edu.washington.jchou8.activityspy.MainActivity}
04-16 22:12:00.591  1708  3752 W InputDispatcher: Attempted to unregister already unregistered input channel '26757f5 edu.washington.jchou8.activityspy/edu.washington.jchou8.activityspy.MainActivity (server)'
04-16 22:12:00.704  1434  1434 D gralloc_ranchu: gralloc_alloc: Creating ashmem region of size 8298496
04-16 22:12:00.745  1708  1725 W Looper  : Dispatch took 171ms on android.ui, h=Handler (com.android.server.am.ActivityManagerService$UiHandler) {ab206dc} cb=null msg=53
04-16 22:12:00.770  1708  1733 W ActivityManager: setHasOverlayUi called on unknown pid: 11477
04-16 22:12:00.822  1434  1434 D gralloc_ranchu: gralloc_alloc: Creating ashmem region of size 8298496
04-16 22:12:00.842  1428  4309 W audio_hw_generic: Not supplying enough data to HAL, expected position 8318170 , only wrote 8318160
04-16 22:12:00.861  1895  2139 D EGL_emulation: eglMakeCurrent: 0x8ebd72e0: ver 2 0 (tinfo 0x9bc0df70)
04-16 22:12:00.869  7399  7404 I zygote  : Do partial code cache collection, code=1007KB, data=617KB
04-16 22:12:00.873  7399  7404 I zygote  : After code cache collection, code=1003KB, data=615KB
04-16 22:12:00.873  7399  7404 I zygote  : Increasing code cache capacity to 3MB
04-16 22:12:00.877  1444  1444 D SurfaceFlinger: duplicate layer name: changing com.google.android.apps.nexuslauncher/com.google.android.apps.nexuslauncher.NexusLauncherActivity to com.google.android.apps.nexuslauncher/com.google.android.apps.nexuslauncher.NexusLauncherActivity#1
04-16 22:12:00.887  7399  7504 D EGL_emulation: eglMakeCurrent: 0xa0487fa0: ver 2 0 (tinfo 0xa0483a10)
04-16 22:12:00.929  1434  1434 D gralloc_ranchu: gralloc_alloc: Creating ashmem region of size 8298496
04-16 22:12:00.987  1434  1434 D gralloc_ranchu: gralloc_alloc: Creating ashmem region of size 8298496
04-16 22:12:00.987  1895  7530 I zygote  : Explicit concurrent copying GC freed 3553(284KB) AllocSpace objects, 0(0B) LOS objects, 50% free, 4MB/9MB, paused 9.842ms total 108.607ms
04-16 22:12:00.993  7399  7505 W SessionLifecycleManager: Handover failed. Creating new session controller.
04-16 22:12:01.018  7399 11434 E sb.v.u.LiteSuggestSourc: On-device lite suggest model loading error.
04-16 22:12:01.029  2425  2678 D EGL_emulation: eglMakeCurrent: 0xa0485a20: ver 2 0 (tinfo 0xa0483780)
04-16 22:12:01.268  1428  4309 W audio_hw_generic: Not supplying enough data to HAL, expected position 8338592 , only wrote 8338320
04-16 22:12:01.269  1428  4309 W audio_hw_generic: Not supplying enough data to HAL, expected position 8338364 , only wrote 8338320
04-16 22:12:01.547  2425  2678 W OpenGLRenderer: Incorrectly called buildLayer on View: ShortcutAndWidgetContainer, destroying layer...
04-16 22:12:01.579  7399 11465 I EventLogSendingHelper: Sending log events.
04-16 22:12:01.743  1708  3170 D AlarmManagerService: Kernel timezone updated to 420 minutes west of GMT
04-16 22:12:01.748  1708  2870 D AlarmManagerService: Setting time of day to sec=1555477948
04-16 22:12:28.007  1708  2870 W AlarmManagerService: Unable to set rtc to 1555477948: No such device
04-16 22:12:28.014  1708  1708 D ConditionProviders.SCP: onReceive android.intent.action.TIME_SET
04-16 22:12:28.017  1708  1708 D ConditionProviders.SCP: notifyCondition condition://android/schedule?days=6.7&start=23.30&end=10.0&exitAtAlarm=false STATE_FALSE reason=!meetsSchedule
04-16 22:12:28.017  1708  1708 D ConditionProviders.SCP: notifyCondition condition://android/schedule?days=1.2.3.4.5&start=22.0&end=7.0&exitAtAlarm=false STATE_TRUE reason=meetsSchedule
04-16 22:12:28.019  1708  1708 D ConditionProviders.SCP: Scheduling evaluate for Tue Apr 16 23:30:00 PDT 2019 (1555482600000), in +1h17m31s985ms, now=Tue Apr 16 22:12:28 PDT 2019 (1555477948015)
04-16 22:12:28.024  1708  1723 I UsageStatsService: Time changed in UsageStats by 26 seconds
04-16 22:12:28.026  1708  1723 I UsageStatsService: User[0] Flushing usage stats to disk
04-16 22:12:28.058 11566 11566 I AlarmClock: AlarmInitReceiver android.intent.action.TIME_SET
04-16 22:12:28.065  1895  2139 D EGL_emulation: eglMakeCurrent: 0x8ebd72e0: ver 2 0 (tinfo 0x9bc0df70)
04-16 22:12:28.071  1708  1723 I UsageStatsDatabase: Time changed by +26s258ms. files deleted: 0 files moved: 8
04-16 22:12:28.078 11566 11593 I AlarmClock: Connected Dock: null
04-16 22:12:28.083  1708  1723 I UsageStatsService: User[0] Rollover scheduled @ 2019-04-18 04:05:24(1555560324965)
04-16 22:12:28.086 11566 11593 I AlarmClock: Removing AlarmClockInfo
04-16 22:12:28.095 11566 11566 I AlarmClock: DigitalAppWidgetProvider processing Intent { act=android.intent.action.TIME_SET flg=0x25200010 cmp=com.google.android.deskclock/com.android.alarmclock.DigitalAppWidgetProvider }
04-16 22:12:28.134  5058 11637 I SystemUpdate: [Installation,ReceiverIntentOperation] Received intent: Intent { act=android.intent.action.TIME_SET flg=0x25200010 cmp=com.google.android.gms/.chimera.GmsIntentOperationService$PersistentTrustedReceiver }.
04-16 22:12:28.167  5058 11636 I SystemUpdate: [Execution,InstallationEventIntentOperation] Handling event of type 6.
04-16 22:12:28.178  5058 11640 I SystemUpdate: [Execution,InstallationIntentOperation] Received intent: Intent { act=com.google.android.gms.update.INSTALL_UPDATE cat=[targeted_intent_op_prefix:.update.execution.InstallationIntentOperation] cmp=com.google.android.gms/.chimera.GmsIntentOperationService }.
04-16 22:12:28.180  5058 11640 I SystemUpdate: [Execution,ExecutionManager] Action finished-execution executed for 0.00 seconds.
04-16 22:12:28.593  1428  1668 W audio_hw_generic: Not supplying enough data to HAL, expected position 8439428 , only wrote 8389440
04-16 22:12:29.539  1428  4309 W audio_hw_generic: Not supplying enough data to HAL, expected position 8389607 , only wrote 8389440
04-16 22:12:29.542  1895  2139 D EGL_emulation: eglMakeCurrent: 0x8ebd72e0: ver 2 0 (tinfo 0x9bc0df70)
04-16 22:12:29.614  1708  3751 I ActivityManager: START u0 {flg=0x10804000 cmp=com.android.systemui/.recents.RecentsActivity} from uid 10029
04-16 22:12:29.640  2425  2678 D EGL_emulation: eglMakeCurrent: 0xa0485a20: ver 2 0 (tinfo 0xa0483780)
04-16 22:12:29.656  7399 11434 I PBSessionCacheImpl: Deleted sessionId[221713209372] from persistence.
04-16 22:12:29.671  7399  7505 W SearchServiceCore: Abort, client detached.
04-16 22:12:29.684  1434  1434 D gralloc_ranchu: gralloc_alloc: Creating ashmem region of size 8298496
04-16 22:12:29.706  1434  1434 D gralloc_ranchu: gralloc_alloc: Creating ashmem region of size 8298496
04-16 22:12:29.728  1895  2139 D EGL_emulation: eglMakeCurrent: 0x8ebd72e0: ver 2 0 (tinfo 0x9bc0df70)
04-16 22:12:29.750  1895  2139 D EGL_emulation: eglMakeCurrent: 0x8ebd72e0: ver 2 0 (tinfo 0x9bc0df70)
04-16 22:12:29.765  7399  7504 D EGL_emulation: eglMakeCurrent: 0xa0487fa0: ver 2 0 (tinfo 0xa0483a10)
04-16 22:12:30.000  1444  1444 W SurfaceFlinger: couldn't log to binary event log: overflow.
04-16 22:12:30.001  1444  1444 W SurfaceFlinger: couldn't log to binary event log: overflow.
04-16 22:12:31.411  1895  2139 D EGL_emulation: eglMakeCurrent: 0x8ebd72e0: ver 2 0 (tinfo 0x9bc0df70)
04-16 22:12:31.414  1708  3750 I ActivityManager: START u0 {act=android.intent.action.MAIN cat=[android.intent.category.HOME] flg=0x10200000 cmp=com.google.android.apps.nexuslauncher/.NexusLauncherActivity} from uid 10029
04-16 22:12:31.444  1895  2139 D EGL_emulation: eglMakeCurrent: 0x8ebd72e0: ver 2 0 (tinfo 0x9bc0df70)
04-16 22:12:31.451  1434  1434 D gralloc_ranchu: gralloc_alloc: Creating ashmem region of size 8298496
04-16 22:12:31.475  1434  1434 D gralloc_ranchu: gralloc_alloc: Creating ashmem region of size 8298496
04-16 22:12:31.487  1895  2139 D EGL_emulation: eglMakeCurrent: 0x8ebd72e0: ver 2 0 (tinfo 0x9bc0df70)
04-16 22:12:31.487  1444  1444 D SurfaceFlinger: duplicate layer name: changing com.google.android.apps.nexuslauncher/com.google.android.apps.nexuslauncher.NexusLauncherActivity to com.google.android.apps.nexuslauncher/com.google.android.apps.nexuslauncher.NexusLauncherActivity#1
04-16 22:12:31.515  1434  1434 D gralloc_ranchu: gralloc_alloc: Creating ashmem region of size 8298496
04-16 22:12:31.525  1895  2139 D EGL_emulation: eglMakeCurrent: 0x8ebd72e0: ver 2 0 (tinfo 0x9bc0df70)
04-16 22:12:31.526  1434  1434 D gralloc_ranchu: gralloc_alloc: Creating ashmem region of size 8298496
04-16 22:12:31.526  7399  7504 D EGL_emulation: eglMakeCurrent: 0xa0487fa0: ver 2 0 (tinfo 0xa0483a10)
04-16 22:12:31.551  1434  1434 D gralloc_ranchu: gralloc_alloc: Creating ashmem region of size 8298496
04-16 22:12:31.572  7399  7505 W SessionLifecycleManager: Handover failed. Creating new session controller.
04-16 22:12:31.589  2425  2678 D EGL_emulation: eglMakeCurrent: 0xa0485a20: ver 2 0 (tinfo 0xa0483780)
04-16 22:12:31.591  7399 11465 W ThreadPoolDumper: Queue length for executor EventBus is now 11. Perhaps some tasks are too long, or the pool is too small.
04-16 22:12:31.592  7399 11434 E sb.v.u.LiteSuggestSourc: On-device lite suggest model loading error.
04-16 22:12:31.633  1895  7530 I zygote  : Explicit concurrent copying GC freed 2796(277KB) AllocSpace objects, 0(0B) LOS objects, 50% free, 4MB/9MB, paused 2.563ms total 60.412ms
04-16 22:12:32.094  2425  2678 W OpenGLRenderer: Incorrectly called buildLayer on View: ShortcutAndWidgetContainer, destroying layer...
04-16 22:12:32.839  7399 11421 I EventLogSendingHelper: Sending log events.
04-16 22:12:33.042  1708  1797 I ActivityManager: START u0 {act=android.intent.action.MAIN cat=[android.intent.category.HOME] flg=0x10200000 cmp=com.google.android.apps.nexuslauncher/.NexusLauncherActivity (has extras)} from uid 1000
04-16 22:12:34.185  1895  1895 V DeadZone: consuming errant click: (747.9712,24.925781)
04-16 22:12:35.052  1708  2077 I ActivityManager: START u0 {flg=0x10804000 cmp=com.android.systemui/.recents.RecentsActivity} from uid 10029
04-16 22:12:35.070  2425  2678 D EGL_emulation: eglMakeCurrent: 0xa0485a20: ver 2 0 (tinfo 0xa0483780)
04-16 22:12:35.101  7399 11439 I PBSessionCacheImpl: Deleted sessionId[221713209373] from persistence.
04-16 22:12:35.126  1434  1434 D gralloc_ranchu: gralloc_alloc: Creating ashmem region of size 8298496
04-16 22:12:35.134  7399  7505 W SearchServiceCore: Abort, client detached.
04-16 22:12:35.139  1434  1434 D gralloc_ranchu: gralloc_alloc: Creating ashmem region of size 8298496
04-16 22:12:35.140  7399  7505 I WorkerManager: dispose()
04-16 22:12:35.152  1434  1434 D gralloc_ranchu: gralloc_alloc: Creating ashmem region of size 8298496
04-16 22:12:35.195  1895  2139 D EGL_emulation: eglMakeCurrent: 0x8ebd72e0: ver 2 0 (tinfo 0x9bc0df70)
04-16 22:12:35.220  1895  2139 D EGL_emulation: eglMakeCurrent: 0x8ebd72e0: ver 2 0 (tinfo 0x9bc0df70)
04-16 22:12:35.243  7399  7504 D EGL_emulation: eglMakeCurrent: 0xa0487fa0: ver 2 0 (tinfo 0xa0483a10)
04-16 22:12:35.495  1444  1444 W SurfaceFlinger: couldn't log to binary event log: overflow.
04-16 22:12:35.495  1444  1444 W SurfaceFlinger: couldn't log to binary event log: overflow.
04-16 22:12:36.757  1895  2139 D EGL_emulation: eglMakeCurrent: 0x8ebd72e0: ver 2 0 (tinfo 0x9bc0df70)
04-16 22:12:36.763  1708  2077 I ActivityManager: START u0 {act=android.intent.action.MAIN cat=[android.intent.category.HOME] flg=0x10200000 cmp=com.google.android.apps.nexuslauncher/.NexusLauncherActivity} from uid 10029
04-16 22:12:36.796  1895  2139 I chatty  : uid=10029(u0_a29) RenderThread identical 15 lines
04-16 22:12:36.830  1895  2139 D EGL_emulation: eglMakeCurrent: 0x8ebd72e0: ver 2 0 (tinfo 0x9bc0df70)
04-16 22:12:36.833  1434  1434 D gralloc_ranchu: gralloc_alloc: Creating ashmem region of size 8298496
04-16 22:12:36.841  1895  2139 D EGL_emulation: eglMakeCurrent: 0x8ebd72e0: ver 2 0 (tinfo 0x9bc0df70)
04-16 22:12:36.841  1434  1434 D gralloc_ranchu: gralloc_alloc: Creating ashmem region of size 8298496
04-16 22:12:36.849  1434  1434 D gralloc_ranchu: gralloc_alloc: Creating ashmem region of size 8298496
04-16 22:12:36.851  1444  1444 D SurfaceFlinger: duplicate layer name: changing com.google.android.apps.nexuslauncher/com.google.android.apps.nexuslauncher.NexusLauncherActivity to com.google.android.apps.nexuslauncher/com.google.android.apps.nexuslauncher.NexusLauncherActivity#1
04-16 22:12:36.859  1434  1434 D gralloc_ranchu: gralloc_alloc: Creating ashmem region of size 8298496
04-16 22:12:36.881  1434  1434 D gralloc_ranchu: gralloc_alloc: Creating ashmem region of size 8298496
04-16 22:12:36.889  7399  7504 D EGL_emulation: eglMakeCurrent: 0xa0487fa0: ver 2 0 (tinfo 0xa0483a10)
04-16 22:12:36.903  1895  7530 I zygote  : Explicit concurrent copying GC freed 1339(207KB) AllocSpace objects, 0(0B) LOS objects, 49% free, 4MB/9MB, paused 1.581ms total 42.598ms
04-16 22:12:36.919  2425  2678 D EGL_emulation: eglMakeCurrent: 0xa0485a20: ver 2 0 (tinfo 0xa0483780)
04-16 22:12:36.931  7399  7399 W ThreadPoolDumper: Queue length for executor EventBus is now 11. Perhaps some tasks are too long, or the pool is too small.
04-16 22:12:36.995  7399  7505 W SessionLifecycleManager: Handover failed. Creating new session controller.
04-16 22:12:37.120  7399 11439 E sb.v.u.LiteSuggestSourc: On-device lite suggest model loading error.
04-16 22:12:37.863  1708  1797 I ActivityManager: START u0 {act=android.intent.action.MAIN cat=[android.intent.category.HOME] flg=0x10200000 cmp=com.google.android.apps.nexuslauncher/.NexusLauncherActivity (has extras)} from uid 1000
04-16 22:12:38.358 11163 11215 D NetworkSecurityConfig: No Network Security Config specified, using platform default
04-16 22:12:38.433 11163 11215 W PlayCommon: [570] PlayEventLogger.getAuthToken: No account for auth token provided
04-16 22:12:42.174  7399 11453 I EventLogSendingHelper: Sending log events.
04-16 22:12:42.329  1895  2139 D EGL_emulation: eglMakeCurrent: 0x8ebd72e0: ver 2 0 (tinfo 0x9bc0df70)
04-16 22:12:42.536  1895  2139 D EGL_emulation: eglMakeCurrent: 0x8ebd72e0: ver 2 0 (tinfo 0x9bc0df70)
04-16 22:12:43.221  1428  1668 W audio_hw_generic: Not supplying enough data to HAL, expected position 9701128 , only wrote 9046080
04-16 22:12:40.015  1708  1797 I chatty  : uid=1000(system) InputDispatcher identical 3 lines
04-16 22:12:40.194  1708  1797 I ActivityManager: START u0 {act=android.intent.action.MAIN cat=[android.intent.category.HOME] flg=0x10200000 cmp=com.google.android.apps.nexuslauncher/.NexusLauncherActivity (has extras)} from uid 1000
04-16 22:12:44.044  1708  3124 I ActivityManager: START u0 {act=android.intent.action.MAIN cat=[android.intent.category.LAUNCHER] flg=0x10200000 cmp=edu.washington.jchou8.activityspy/.MainActivity bnds=[24,568][230,846]} from uid 10022
04-16 22:12:44.051  1428  4309 W audio_hw_generic: Not supplying enough data to HAL, expected position 9046204 , only wrote 9046080
04-16 22:12:44.072 11649 11649 I chatty  : uid=10084(u0_a84) expire 198 lines
04-16 22:12:44.074  1708  2419 I ActivityManager: Start proc 11649:edu.washington.jchou8.activityspy/u0a84 for activity edu.washington.jchou8.activityspy/.MainActivity
04-16 22:12:44.084  1708  1723 E memtrack: Couldn't load memtrack module
04-16 22:12:44.084  1708  1723 W android.os.Debug: failed to get memory consumption info: -1
04-16 22:12:44.113  1708  1723 E memtrack: Couldn't load memtrack module
04-16 22:12:44.113  1708  1723 W android.os.Debug: failed to get memory consumption info: -1
04-16 22:12:44.116  1434  1434 D gralloc_ranchu: gralloc_alloc: Creating ashmem region of size 8298496
04-16 22:12:44.252  7399  7504 D EGL_emulation: eglMakeCurrent: 0xa0487fa0: ver 2 0 (tinfo 0xa0483a10)
04-16 22:12:44.417  2425  2678 D EGL_emulation: eglMakeCurrent: 0xa0485a20: ver 2 0 (tinfo 0xa0483780)
04-16 22:12:44.487  1428  4309 W audio_hw_generic: Not supplying enough data to HAL, expected position 9067008 , only wrote 9066960
04-16 22:12:44.496  1895  2139 D EGL_emulation: eglMakeCurrent: 0x8ebd72e0: ver 2 0 (tinfo 0x9bc0df70)
04-16 22:12:44.551  1428  4309 W audio_hw_generic: Not supplying enough data to HAL, expected position 9069989 , only wrote 9069840
04-16 22:12:44.551  1428  4309 W audio_hw_generic: Not supplying enough data to HAL, expected position 9069864 , only wrote 9069840
04-16 22:12:44.569  1428  4309 W audio_hw_generic: Not supplying enough data to HAL, expected position 9070680 , only wrote 9070560
04-16 22:12:44.595  1895  2139 D EGL_emulation: eglMakeCurrent: 0x8ebd72e0: ver 2 0 (tinfo 0x9bc0df70)
04-16 22:12:44.679  1895  2139 D EGL_emulation: eglMakeCurrent: 0x8ebd72e0: ver 2 0 (tinfo 0x9bc0df70)
04-16 22:12:44.935  1444  2140 E SurfaceFlinger: ro.sf.lcd_density must be defined as a build property
