04-16 18:51:36.777  1708  1724 W BroadcastQueue: Background execution not allowed: receiving Intent { act=android.intent.action.PACKAGE_ADDED dat=package:edu.washington.jchou8.activityspy flg=0x4000010 (has extras) } to com.google.android.googlequicksearchbox/com.google.android.apps.gsa.googlequicksearchbox.GelStubAppWatcher
04-16 18:51:36.787  1708  1724 W BroadcastQueue: Background execution not allowed: receiving Intent { act=android.intent.action.PACKAGE_REPLACED dat=package:edu.washington.jchou8.activityspy flg=0x4000010 (has extras) } to com.google.android.apps.photos/.account.full.FetchAccountPropertiesAppUpgradeBroadcastReceiver
04-16 18:51:36.789  1708  1724 W BroadcastQueue: Background execution not allowed: receiving Intent { act=android.intent.action.PACKAGE_REPLACED dat=package:edu.washington.jchou8.activityspy flg=0x4000010 (has extras) } to com.google.android.apps.photos/.account.full.SyncAccountsForLoginBroadcastReceiver
04-16 18:51:36.789  1708  1724 W BroadcastQueue: Background execution not allowed: receiving Intent { act=android.intent.action.PACKAGE_REPLACED dat=package:edu.washington.jchou8.activityspy flg=0x4000010 (has extras) } to com.google.android.apps.photos/.experiments.phenotype.full.PhenotypeAppUpgradeBroadcastReceiver
04-16 18:51:36.801  1708  1724 W BroadcastQueue: Background execution not allowed: receiving Intent { act=android.intent.action.PACKAGE_REPLACED dat=package:edu.washington.jchou8.activityspy flg=0x4000010 (has extras) } to com.google.android.apps.photos/.notificationchannels.AppUpdateBroadcastReceiver
04-16 18:51:36.802  1708  1724 W BroadcastQueue: Background execution not allowed: receiving Intent { act=android.intent.action.PACKAGE_REPLACED dat=package:edu.washington.jchou8.activityspy flg=0x4000010 (has extras) } to com.google.android.gms/.gass.chimera.PackageChangeBroadcastReceiver
04-16 18:51:36.805  1708  2483 I ActivityManager: START u0 {act=android.intent.action.MAIN cat=[android.intent.category.LAUNCHER] flg=0x10000000 cmp=edu.washington.jchou8.activityspy/.MainActivity} from uid 2000
04-16 18:51:36.838  7626  7626 I Finsky  : [2] prq.b(7): Jobs in database: 1-1337 12-1 24-77777777 26-1414141414 
04-16 18:51:36.839  7626  7626 I Finsky  : [2] ppj.a(66): ConstraintMapping: 24-77777777,  -> L: 0ms, D: 78284826ms, C: false, I: true, N: 0
04-16 18:51:36.841  7626  7626 I Finsky  : [2] ppj.a(66): ConstraintMapping: 1-1337, 12-1,  -> L: 14914ms, D: 79413331ms, C: false, I: false, N: 1
04-16 18:51:36.843  7626  7626 I Finsky  : [2] ppj.a(66): ConstraintMapping: 26-1414141414,  -> L: 38733754ms, D: 39633754ms, C: false, I: false, N: 0
04-16 18:51:36.845  7626  7626 I Finsky  : [2] com.google.android.finsky.scheduler.JobSchedulerEngine.a(40): Cancelling existing job with id: 9005
04-16 18:51:36.887 10829 10829 I chatty  : uid=10084(u0_a84) expire 196 lines
04-16 18:51:36.890  1708  1708 I Telecom : DefaultDialerCache: Refreshing default dialer for user 0: now com.google.android.dialer: DDC.oR@AUM
04-16 18:51:36.895  1708  3750 I ActivityManager: Start proc 10829:edu.washington.jchou8.activityspy/u0a84 for activity edu.washington.jchou8.activityspy/.MainActivity
04-16 18:51:36.899  1708  1724 W BroadcastQueue: Background execution not allowed: receiving Intent { act=android.intent.action.PACKAGE_REPLACED dat=package:edu.washington.jchou8.activityspy flg=0x4000010 (has extras) } to com.google.android.gms/.chimera.GmsIntentOperationService$PersistentTrustedReceiver
04-16 18:51:36.900  1708  1724 W BroadcastQueue: Background execution not allowed: receiving Intent { act=android.intent.action.PACKAGE_REPLACED dat=package:edu.washington.jchou8.activityspy flg=0x4000010 (has extras) } to com.google.android.googlequicksearchbox/com.google.android.apps.gsa.googlequicksearchbox.GelStubAppWatcher
04-16 18:51:36.920 10153 10821 I ProvidersCache: Provider returned no roots. Possibly naughty: com.google.android.apps.docs.storage
04-16 18:51:36.920  7626  7626 I Finsky  : [2] com.google.android.finsky.scheduler.JobSchedulerEngine.a(40): Cancelling existing job with id: 9001
04-16 18:51:36.931  7626  7626 I Finsky  : [2] com.google.android.finsky.scheduler.JobSchedulerEngine.a(40): Cancelling existing job with id: 9002
04-16 18:51:36.968  7626  7626 I Finsky  : [2] com.google.android.finsky.scheduler.JobSchedulerEngine.a(14): Throttling wakeup for job 9000 (expected to run in 0 ms) due to recent wakeup
04-16 18:51:36.968  7626  7626 I Finsky  : [2] com.google.android.finsky.scheduler.JobSchedulerEngine.a(4): Scheduling job Id: 9000, L: 30000, D: 78284826, C: false, I: true, N: 0
04-16 18:51:36.971 10153 10659 I ProvidersCache: Provider returned no roots. Possibly naughty: com.google.android.apps.docs.storage
04-16 18:51:36.978  5058 10851 I Auth    : [SupervisedAccountIntentOperation] onHandleIntent(): android.intent.action.PACKAGE_ADDED
04-16 18:51:36.978  5058 10851 I Auth    : [SupervisedAccountIntentOperation] This operation is disabled
04-16 18:51:36.982  5058 10853 I ChromeSync: [Sync,SyncIntentOperation] Handling the intent: Intent { act=android.intent.action.PACKAGE_ADDED dat=package:edu.washington.jchou8.activityspy flg=0x4000010 cmp=com.google.android.gms/.chimera.GmsIntentOperationService (has extras) }.
04-16 18:51:37.020  1708  3656 W ActivityManager: Slow operation: 53ms so far, now at attachApplicationLocked: after mServices.attachApplicationLocked
04-16 18:51:37.050  2425  2678 D EGL_emulation: eglMakeCurrent: 0xa0485a20: ver 2 0 (tinfo 0xa0483780)
04-16 18:51:37.051  7626  7626 I Finsky  : [2] com.google.android.finsky.scheduler.JobSchedulerEngine.a(14): Throttling wakeup for job 9003 (expected to run in 14914 ms) due to recent wakeup
04-16 18:51:37.052  7626  7626 I Finsky  : [2] com.google.android.finsky.scheduler.JobSchedulerEngine.a(4): Scheduling job Id: 9003, L: 30000, D: 79413331, C: false, I: false, N: 1
04-16 18:51:37.061  7399  7504 D EGL_emulation: eglMakeCurrent: 0xa0487fa0: ver 2 0 (tinfo 0xa0483a10)
04-16 18:51:37.083  7626  7626 I Finsky  : [2] com.google.android.finsky.scheduler.JobSchedulerEngine.a(4): Scheduling job Id: 9004, L: 38733754, D: 39633754, C: false, I: false, N: 0
04-16 18:51:37.171  5058 10853 I FontsPackageChangeOp: Package edu.washington.jchou8.activityspy has no metadata
04-16 18:51:37.191  5058 10853 I PeopleContactsSync: triggerPendingContactsCleanup: no accounts
04-16 18:51:37.242  1947  1947 D CarrierSvcBindHelper: No carrier app for: 0
04-16 18:51:37.250  1947  1947 D CarrierSvcBindHelper: No carrier app for: 0
04-16 18:51:37.277  1947  1947 D ImsResolver: maybeAddedImsService, packageName: edu.washington.jchou8.activityspy
04-16 18:51:37.279  1947  1947 D CarrierConfigLoader: mHandler: 9 phoneId: 0
04-16 18:51:37.291  5058  5253 I Icing   : IndexChimeraService.getServiceInterface callingPackage=com.google.android.gms componentName=AppsCorpus serviceId=SEARCH_CORPORA
04-16 18:51:37.291  5058  5139 I Icing   : IndexChimeraService.getServiceInterface callingPackage=com.google.android.gms componentName=AppsCorpus serviceId=SEARCH_QUERIES
04-16 18:51:37.312  5058  5063 I zygote  : Do full code cache collection, code=1518KB, data=974KB
04-16 18:51:37.316  5058  5063 I zygote  : After code cache collection, code=1208KB, data=708KB
04-16 18:51:37.567  1444  1512 E SurfaceFlinger: ro.sf.lcd_density must be defined as a build property
04-16 18:51:37.569 10829 10867 I chatty  : uid=10084(u0_a84) expire 11 lines
04-16 18:51:37.623  5058 10709 I Icing   : Usage reports ok 5, Failed Usage reports 0, indexed 0, rejected 0, imm upload false
04-16 18:51:37.662  5058 10709 I Icing   : Usage reports ok 0, Failed Usage reports 0, indexed 0, rejected 0, imm upload false
04-16 18:51:37.676  1428  1428 W audio_hw_generic: Not supplying enough data to HAL, expected position 6641676 , only wrote 6373440
04-16 18:51:37.741  5058  5139 I Icing   : IndexChimeraService.getServiceInterface callingPackage=com.google.android.gms componentName=AppsCorpus serviceId=SEARCH_CORPORA
04-16 18:51:37.743  5058  5253 I Icing   : IndexChimeraService.getServiceInterface callingPackage=com.google.android.gms componentName=AppsCorpus serviceId=SEARCH_QUERIES
04-16 18:51:37.760  5058 10532 I Icing   : Usage reports ok 0, Failed Usage reports 0, indexed 0, rejected 0, imm upload false
04-16 18:51:37.776  5058 10532 I Icing   : Usage reports ok 0, Failed Usage reports 0, indexed 0, rejected 0, imm upload false
04-16 18:51:37.947  7399  9406 I PBSessionCacheImpl: Deleted sessionId[221713071102] from persistence.
04-16 18:51:37.966  1444  1444 W SurfaceFlinger: couldn't log to binary event log: overflow.
04-16 18:51:37.966  1444  1444 W SurfaceFlinger: couldn't log to binary event log: overflow.
04-16 18:51:37.968  7399  7505 W SearchServiceCore: Abort, client detached.
04-16 18:51:37.972  7399  7505 I WorkerManager: dispose()
04-16 18:51:37.972  7399  7505 W ThreadPoolDumper: Queue length for executor EventBus is now 11. Perhaps some tasks are too long, or the pool is too small.
04-16 18:51:38.666  5058  7438 I Icing   : Indexing com.google.android.gms-apps from com.google.android.gms
04-16 18:51:38.755  5058  7438 I Icing   : Indexing done com.google.android.gms-apps
04-16 18:51:38.779  5058  7438 I Icing   : Indexing com.google.android.gms-apps from com.google.android.gms
04-16 18:51:38.780  5058  7438 I Icing   : Indexing done com.google.android.gms-apps
04-16 18:51:39.550  1708  1708 W WindowManager: removeWindowToken: Attempted to remove non-existing token: android.os.Binder@af0db33
04-16 18:51:41.931  1708  1727 E BatteryStatsService: modem info is invalid: ModemActivityInfo{ mTimestamp=0 mSleepTimeMs=0 mIdleTimeMs=0 mTxTimeMs[]=[0, 0, 0, 0, 0] mRxTimeMs=0 mEnergyUsed=0}
04-16 18:51:53.979  1442  1442 I qemu-props: start adbd ...
04-16 18:52:01.336  1895  2139 D EGL_emulation: eglMakeCurrent: 0x8ebd72e0: ver 2 0 (tinfo 0x9bc0df70)
04-16 18:52:12.030  1708  1723 I chatty  : uid=1000(system) android.bg expire 11 lines
04-16 18:52:12.032  7626  7626 I Finsky  : [2] com.google.android.finsky.scheduler.JobSchedulerEngine$PhoneskyJobSchedulerJobService.onStartJob(3): onJobSchedulerWakeup with jobId 9003
04-16 18:52:12.036  7626  7626 I Finsky  : [2] pqc.a(21): Scheduling fallback job with id: 9034, and delay: 43200000 ms
04-16 18:52:12.039  7626  7626 I Finsky  : [2] pqc.a(5): Scheduling fallback in 64799997 (absolute: 66742702)
04-16 18:52:12.063  7626  7626 I Finsky  : [2] pqk.handleMessage(10): DeviceState: DeviceState{currentTime=1555465932056, isCharging=true, isIdle=false, netAny=true, netNotRoaming=true, netUnmetered=true}
04-16 18:52:12.070  7626 10878 I Finsky  : [554] prq.b(7): Jobs in database: 1-1337 12-1 24-77777777 26-1414141414 
04-16 18:52:12.076  7626  7626 I Finsky  : [2] pqf.a(45): Running job: 12-1
04-16 18:52:12.078  7626  7626 I Finsky  : [2] com.google.android.finsky.contentsync.ContentSyncJob.a(17): ContentSyncJob started
04-16 18:52:12.078  7626  7626 I Finsky  : [2] pqk.handleMessage(81): RunningQueue size: 1, PendingQueue size: 0
04-16 18:52:12.079  7626  7626 I Finsky  : [2] pqk.handleMessage(90): Running queue: 12-1 
04-16 18:52:12.081  7626  7657 I Finsky  : [433] dmk.a(4): Completed 0 account content syncs with 0 successful.
04-16 18:52:12.081  7626  7626 I Finsky  : [2] com.google.android.finsky.contentsync.ContentSyncJob.a(15): Installation state replication succeeded.
04-16 18:52:12.082  7626  7626 I Finsky  : [2] prl.b(15): jobFinished: 12-1. TimeElapsed: 6ms
04-16 18:52:12.083  7626  7626 I Finsky  : [2] pqf.a(10): Job 12-1 finished
04-16 18:52:12.083  7626  7626 I Finsky  : [2] pqk.handleMessage(81): RunningQueue size: 0, PendingQueue size: 0
04-16 18:52:12.083  7626  7626 I Finsky  : [2] pqk.handleMessage(27): Executor finished
04-16 18:52:12.135  7626  7626 I Finsky  : [2] prq.b(7): Jobs in database: 1-1337 24-77777777 26-1414141414 
04-16 18:52:12.136  7626  7626 I Finsky  : [2] ppj.a(66): ConstraintMapping: 24-77777777,  -> L: 0ms, D: 78249529ms, C: false, I: true, N: 0
04-16 18:52:12.137  7626  7626 I Finsky  : [2] ppj.a(66): ConstraintMapping: 1-1337,  -> L: 36178035ms, D: 79378035ms, C: false, I: false, N: 1
04-16 18:52:12.137  7626  7626 I Finsky  : [2] ppj.a(66): ConstraintMapping: 26-1414141414,  -> L: 38698458ms, D: 39598458ms, C: false, I: false, N: 0
04-16 18:52:12.138  7626  7626 I Finsky  : [2] com.google.android.finsky.scheduler.JobSchedulerEngine.a(40): Cancelling existing job with id: 9000
04-16 18:52:12.139  7626  7626 I Finsky  : [2] com.google.android.finsky.scheduler.JobSchedulerEngine.a(40): Cancelling existing job with id: 9004
04-16 18:52:12.141  7626  7626 I Finsky  : [2] com.google.android.finsky.scheduler.JobSchedulerEngine.a(14): Throttling wakeup for job 9001 (expected to run in 0 ms) due to recent wakeup
04-16 18:52:12.141  7626  7626 I Finsky  : [2] com.google.android.finsky.scheduler.JobSchedulerEngine.a(4): Scheduling job Id: 9001, L: 30000, D: 78249529, C: false, I: true, N: 0
04-16 18:52:12.144  7626  7626 I Finsky  : [2] com.google.android.finsky.scheduler.JobSchedulerEngine.a(4): Scheduling job Id: 9002, L: 36178035, D: 79378035, C: false, I: false, N: 1
04-16 18:52:12.146  7626  7626 I Finsky  : [2] com.google.android.finsky.scheduler.JobSchedulerEngine.a(4): Scheduling job Id: 9005, L: 38698458, D: 39598458, C: false, I: false, N: 0
04-16 18:52:17.928  7626  7643 I Finsky  : [419] ifl.run(3): Stats for Executor: BlockingExecutor igw@2b9cd6[Running, pool size = 1, active threads = 0, queued tasks = 0, completed tasks = 50]
04-16 18:52:17.928  7626  7643 I Finsky  : [419] ifl.run(3): Stats for Executor: LightweightExecutor igw@fdf2b57[Running, pool size = 3, active threads = 0, queued tasks = 0, completed tasks = 61]
04-16 18:52:18.140  7626  7643 I Finsky  : [419] ifl.run(3): Stats for Executor: bgExecutor igw@c125f3[Running, pool size = 4, active threads = 0, queued tasks = 0, completed tasks = 768]
04-16 18:52:27.432  1435  1461 D hwcomposer: hw_composer sent 210 syncs in 64s
04-16 18:52:53.981  1442  1442 I qemu-props: start adbd ...
04-16 18:53:42.216  1708  1723 I chatty  : uid=1000(system) android.bg expire 19 lines
04-16 18:53:53.983  1442  1442 I qemu-props: start adbd ...
04-16 18:53:58.276  5069  9416 E WakeLock: GCM_HB_ALARM release without a matched acquire!
04-16 18:53:58.277  5069  9419 V NativeCrypto: Read error: ssl=0xadc2cb18: I/O error during system call, Connection reset by peer
04-16 18:53:58.279  5069  9419 V NativeCrypto: SSL shutdown failed: ssl=0xadc2cb18: I/O error during system call, Broken pipe
04-16 18:53:58.279  5069  9419 E WakeLock: GCM_HB_ALARM release without a matched acquire!
04-16 18:53:58.288  5069  9419 W GCM     : Dropping heartbeat interval to 0 from 550000, good=0 bad=2
04-16 18:53:58.288  1708  2264 D ConnectivityService: reportNetworkConnectivity(101, false) by 10011
04-16 18:53:58.288  1708  2732 I chatty  : uid=1000(system) NetworkMonitorN expire 1 line
04-16 18:53:58.301  1708 10886 I chatty  : uid=1000 system_server expire 2 lines
04-16 18:53:58.306  1708 10883 I chatty  : uid=1000 system_server expire 2 lines
04-16 18:53:58.371  1708  1857 D ConnectivityService: NetworkAgentInfo [WIFI () - 101] validation passed
04-16 18:54:00.028  1435  1461 D hwcomposer: hw_composer sent 34 syncs in 92s
04-16 18:54:08.373  1708  1853 I chatty  : uid=1000(system) WifiStateMachin expire 2 lines
04-16 18:54:15.899  1428  4309 W audio_hw_generic: Not supplying enough data to HAL, expected position 6373815 , only wrote 6373440
04-16 18:54:15.901  1895  2139 D EGL_emulation: eglMakeCurrent: 0x8ebd72e0: ver 2 0 (tinfo 0x9bc0df70)
04-16 18:54:15.961  1708  1797 I ActivityManager: START u0 {act=android.intent.action.MAIN cat=[android.intent.category.HOME] flg=0x10200000 cmp=com.google.android.apps.nexuslauncher/.NexusLauncherActivity (has extras)} from uid 1000
04-16 18:54:16.006  1434  1434 I chatty  : uid=1000(system) allocator@2.0-s expire 17 lines
04-16 18:54:16.045  1444  1444 D SurfaceFlinger: duplicate layer name: changing com.google.android.apps.nexuslauncher/com.google.android.apps.nexuslauncher.NexusLauncherActivity to com.google.android.apps.nexuslauncher/com.google.android.apps.nexuslauncher.NexusLauncherActivity#1
04-16 18:54:16.080  7399  7504 D EGL_emulation: eglMakeCurrent: 0xa0487fa0: ver 2 0 (tinfo 0xa0483a10)
04-16 18:54:16.131  7399  7399 W ThreadPoolDumper: Queue length for executor EventBus is now 11. Perhaps some tasks are too long, or the pool is too small.
04-16 18:54:16.139  7399  7505 W SessionLifecycleManager: Handover failed. Creating new session controller.
04-16 18:54:16.147  2425  2678 D EGL_emulation: eglMakeCurrent: 0xa0485a20: ver 2 0 (tinfo 0xa0483780)
04-16 18:54:16.210  7399 10133 E sb.v.u.LiteSuggestSourc: On-device lite suggest model loading error.
04-16 18:54:16.263  1444  1444 E EGL_emulation: tid 1444: eglCreateSyncKHR(1957): error 0x3004 (EGL_BAD_ATTRIBUTE)
04-16 18:54:16.657  2425  2678 W OpenGLRenderer: Incorrectly called buildLayer on View: ShortcutAndWidgetContainer, destroying layer...
04-16 18:54:17.620  1708  3150 I ActivityManager: START u0 {flg=0x10804000 cmp=com.android.systemui/.recents.RecentsActivity} from uid 10029
04-16 18:54:17.640  2425  2678 D EGL_emulation: eglMakeCurrent: 0xa0485a20: ver 2 0 (tinfo 0xa0483780)
04-16 18:54:17.658  7399  9406 I PBSessionCacheImpl: Deleted sessionId[221713090770] from persistence.
04-16 18:54:17.675  7399  7505 W SearchServiceCore: Abort, client detached.
04-16 18:54:17.780  1895  2139 D EGL_emulation: eglMakeCurrent: 0x8ebd72e0: ver 2 0 (tinfo 0x9bc0df70)
04-16 18:54:17.829  1895  2139 D EGL_emulation: eglMakeCurrent: 0x8ebd72e0: ver 2 0 (tinfo 0x9bc0df70)
04-16 18:54:17.830  7399  7504 D EGL_emulation: eglMakeCurrent: 0xa0487fa0: ver 2 0 (tinfo 0xa0483a10)
04-16 18:54:17.896  1895  2139 D EGL_emulation: eglMakeCurrent: 0x8ebd72e0: ver 2 0 (tinfo 0x9bc0df70)
04-16 18:54:17.954  1895  2139 D EGL_emulation: eglMakeCurrent: 0x8ebd72e0: ver 2 0 (tinfo 0x9bc0df70)
04-16 18:54:18.027  1444  1444 W SurfaceFlinger: couldn't log to binary event log: overflow.
04-16 18:54:18.029  1444  1444 W SurfaceFlinger: couldn't log to binary event log: overflow.
04-16 18:54:18.046  1895  2139 D EGL_emulation: eglMakeCurrent: 0x8ebd72e0: ver 2 0 (tinfo 0x9bc0df70)
04-16 18:54:18.179  1895  2139 D EGL_emulation: eglMakeCurrent: 0x8ebd72e0: ver 2 0 (tinfo 0x9bc0df70)
04-16 18:54:18.769  1895  2139 D EGL_emulation: eglMakeCurrent: 0x8ebd72e0: ver 2 0 (tinfo 0x9bc0df70)
04-16 18:54:18.778  1895  2139 D EGL_emulation: eglMakeCurrent: 0x8ebd72e0: ver 2 0 (tinfo 0x9bc0df70)
04-16 18:54:18.786  1895  1895 E BufferItemConsumer: [unnamed-1895-10] Failed to release buffer: Unknown error -1 (1)
04-16 18:54:18.811  1895  2139 D EGL_emulation: eglMakeCurrent: 0x8ebd72e0: ver 2 0 (tinfo 0x9bc0df70)
04-16 18:54:18.834  1895  2139 D EGL_emulation: eglMakeCurrent: 0x8ebd72e0: ver 2 0 (tinfo 0x9bc0df70)
04-16 18:54:18.862  1895  2139 D EGL_emulation: eglMakeCurrent: 0x8ebd72e0: ver 2 0 (tinfo 0x9bc0df70)
04-16 18:54:18.875  1895  1895 E BufferItemConsumer: [unnamed-1895-11] Failed to release buffer: Unknown error -1 (1)
04-16 18:54:18.892  1895  2139 D EGL_emulation: eglMakeCurrent: 0x8ebd72e0: ver 2 0 (tinfo 0x9bc0df70)
04-16 18:54:18.916 10829 10867 I chatty  : uid=10084(u0_a84) expire 3 lines
04-16 18:54:19.215  1444  2140 E SurfaceFlinger: Failed to find layer (SnapshotStartingWindow for taskId=29#0) in layer parent (no-parent).
04-16 18:54:19.263  1895  2139 D EGL_emulation: eglMakeCurrent: 0x8ebd72e0: ver 2 0 (tinfo 0x9bc0df70)
04-16 18:54:19.301  1895  7530 I zygote  : Explicit concurrent copying GC freed 2409(208KB) AllocSpace objects, 0(0B) LOS objects, 49% free, 4MB/9MB, paused 792us total 33.112ms
04-16 18:54:20.823  1708  1708 W WindowManager: removeWindowToken: Attempted to remove non-existing token: android.os.Binder@2a02f99
04-16 18:54:21.245  7399  8727 I EventLogSendingHelper: Sending log events.
04-16 18:54:21.901  1428  1685 W audio_hw_generic: Not supplying enough data to HAL, expected position 6947661 , only wrote 6661440
04-16 18:54:26.244  7399  8728 I EventLogSendingHelper: Sending log events.
04-16 18:54:26.250  7399  7505 I WorkerManager: dispose()
04-16 18:54:26.250  7399  7505 W ThreadPoolDumper: Queue length for executor EventBus is now 11. Perhaps some tasks are too long, or the pool is too small.
04-16 18:54:53.985  1442  1442 I qemu-props: start adbd ...
04-16 18:55:00.021  1435  1461 D hwcomposer: hw_composer sent 133 syncs in 60s
04-16 18:55:00.423  1895  2139 D EGL_emulation: eglMakeCurrent: 0x8ebd72e0: ver 2 0 (tinfo 0x9bc0df70)
04-16 18:55:17.930  7626  7643 I Finsky  : [419] ifl.run(3): Stats for Executor: BlockingExecutor igw@2b9cd6[Running, pool size = 0, active threads = 0, queued tasks = 0, completed tasks = 50]
04-16 18:55:17.930  7626  7643 I Finsky  : [419] ifl.run(3): Stats for Executor: LightweightExecutor igw@fdf2b57[Running, pool size = 3, active threads = 0, queued tasks = 0, completed tasks = 61]
04-16 18:55:18.142  7626  7643 I Finsky  : [419] ifl.run(3): Stats for Executor: bgExecutor igw@c125f3[Running, pool size = 4, active threads = 0, queued tasks = 0, completed tasks = 769]
04-16 18:55:41.950  2382  9926 W OkHttpClient: A connection to https://play.googleapis.com/ was leaked. Did you forget to close a response body?
04-16 18:55:42.242  1708  1723 I chatty  : uid=1000(system) android.bg expire 15 lines
04-16 18:55:53.992  1442  1442 I qemu-props: start adbd ...
04-16 18:56:00.022  1435  1461 D hwcomposer: hw_composer sent 31 syncs in 60s
04-16 18:56:18.693  5069 10884 E WakeLock: GCM_HB_ALARM release without a matched acquire!
04-16 18:56:53.995  1442  1442 I qemu-props: start adbd ...
04-16 18:57:00.022  1435  1461 D hwcomposer: hw_composer sent 3 syncs in 60s
04-16 18:57:01.682 10913 10913 W zygote  : Unexpected CPU variant for X86 using defaults: x86
04-16 18:57:01.688  1708  2870 I ActivityManager: Start proc 10913:com.google.android.gms.unstable/u0a11 for service com.google.android.gms/.droidguard.DroidGuardService
04-16 18:57:01.835 10913 10913 W DynamiteModule: Local module descriptor class for providerinstaller not found.
04-16 18:57:01.868 10913 10913 W ProviderHelper: Unknown dynamite feature providerinstaller
04-16 18:57:01.871 10913 10913 I DynamiteModule: Considering local module providerinstaller:0 and remote module providerinstaller:0
04-16 18:57:01.880 10913 10913 W ProviderInstaller: Failed to load providerinstaller module: No acceptable module found. Local version is 0 and remote version is 0.
04-16 18:57:01.883 10913 10913 V NativeCrypto: Registering com/google/android/gms/org/conscrypt/NativeCrypto's 284 native methods...
04-16 18:57:01.906 10913 10913 D NetworkSecurityConfig: Using Network Security Config from resource network_security_config debugBuild: false
04-16 18:57:01.908 10913 10913 I ProviderInstaller: Installed default security provider GmsCore_OpenSSL
04-16 18:57:01.914 10913 10913 I FixerFramework: Checking safeboot...
04-16 18:57:01.914 10913 10913 I FixerFramework: Not entering safeboot; wrong process.
04-16 18:57:02.128 10913 10913 W Primes  : Primes not initialized, returning default (no-op) Primes instance which will ignore all calls. Please call Primes.initialize(...) before using any Primes API.
04-16 18:57:02.136 10913 10923 I zygote  : Background concurrent copying GC freed 16303(1316KB) AllocSpace objects, 1(20KB) LOS objects, 49% free, 2MB/4MB, paused 5.404ms total 45.466ms
04-16 18:57:02.296 10913 10924 I zygote  : Deoptimizing java.lang.Object zz.put(java.lang.Object, java.lang.Object) due to JIT inline cache
04-16 18:57:02.296 10913 10936 I zygote  : Deoptimizing java.lang.Object zz.put(java.lang.Object, java.lang.Object) due to JIT inline cache
04-16 18:57:02.764 10944 10944 W dex2oat : Unexpected CPU variant for X86 using defaults: x86
04-16 18:57:02.764 10944 10944 W dex2oat : Mismatch between dex2oat instruction set features (ISA: X86 Feature string: -ssse3,-sse4.1,-sse4.2,-avx,-avx2,-popcnt) and those of dex2oat executable (ISA: X86 Feature string: ssse3,-sse4.1,-sse4.2,-avx,-avx2,-popcnt) for the command line:
04-16 18:57:02.764 10944 10944 W dex2oat : /system/bin/dex2oat --runtime-arg -classpath --runtime-arg & --instruction-set=x86 --instruction-set-features=ssse3,-sse4.1,-sse4.2,-avx,-avx2,-popcnt --runtime-arg -Xrelocate --boot-image=/system/framework/boot.art --runtime-arg -Xms64m --runtime-arg -Xmx512m --instruction-set-variant=x86 --instruction-set-features=default --dex-file=/data/data/com.google.android.gms/app_dg_cache/DF4A67DFCB48451FA6C821D6B1B5551E5D046F5A/the.apk --output-vdex-fd=45 --oat-fd=46 --oat-location=/data/data/com.google.android.gms/app_dg_cache/DF4A67DFCB48451FA6C821D6B1B5551E5D046F5A/oat/x86/the.odex --compiler-filter=quicken
04-16 18:57:02.764 10944 10944 I dex2oat : /system/bin/dex2oat --dex-file=/data/data/com.google.android.gms/app_dg_cache/DF4A67DFCB48451FA6C821D6B1B5551E5D046F5A/the.apk --output-vdex-fd=45 --oat-fd=46 --oat-location=/data/data/com.google.android.gms/app_dg_cache/DF4A67DFCB48451FA6C821D6B1B5551E5D046F5A/oat/x86/the.odex --compiler-filter=quicken
04-16 18:57:02.860 10944 10944 I dex2oat : dex2oat took 97.117ms (71.739ms cpu) (threads: 4) arena alloc=5KB (5824B) java alloc=64KB (65664B) native alloc=1182KB (1211344B) free=2MB (2458672B)
04-16 18:57:02.892 10913 10925 W zygote  : Skipping duplicate class check due to unrecognized classloader
04-16 18:57:02.909 10913 10925 I zygote  : IncrementDisableThreadFlip blocked for 15.719ms
04-16 18:57:02.944 10913 10923 I zygote  : Background concurrent copying GC freed 8216(823KB) AllocSpace objects, 6(1140KB) LOS objects, 49% free, 2MB/5MB, paused 25.578ms total 80.287ms
04-16 18:57:03.024 10913 10925 D         : HostConnection::get() New Host Connection established 0x8c9bba00, tid 10925
04-16 18:57:03.033 10913 10925 D EGL_emulation: eglCreateContext: 0x9d97da20: maj 2 min 0 rcv 2
04-16 18:57:03.047 10913 10925 D EGL_emulation: eglMakeCurrent: 0x9d97da20: ver 2 0 (tinfo 0x8c9bf050)
04-16 18:57:03.111 10913 10925 D EGL_emulation: eglCreateContext: 0x9d97db40: maj 2 min 0 rcv 2
04-16 18:57:03.116 10913 10925 D EGL_emulation: eglMakeCurrent: 0x9d97db40: ver 2 0 (tinfo 0x8c9bf050)
04-16 18:57:03.223 10913 10925 W SystemServiceRegistry: No service published for: persistent_data_block
04-16 18:57:03.213 10913 10913 W Binder:10913_2: type=1400 audit(0.0:83): avc: denied { read } for name="modules" dev="proc" ino=4026532034 scontext=u:r:priv_app:s0:c512,c768 tcontext=u:object_r:proc_modules:s0 tclass=file permissive=0
04-16 18:57:03.313  5069  6570 W Conscrypt: Could not set socket write timeout: java.net.SocketException: Socket closed
04-16 18:57:03.313  5069  6570 W Conscrypt: 	at com.google.android.gms.org.conscrypt.Platform.setSocketWriteTimeout(:com.google.android.gms@16089022@16.0.89 (040700-239467275):2)
04-16 18:57:03.313  5069  6570 W Conscrypt: 	at com.google.android.gms.org.conscrypt.ConscryptFileDescriptorSocket.setSoWriteTimeout(:com.google.android.gms@16089022@16.0.89 (040700-239467275):2)
04-16 18:57:03.336  5069  6570 W Conscrypt: Could not set socket write timeout: java.net.SocketException: Socket closed
04-16 18:57:03.336  5069  6570 W Conscrypt: 	at com.google.android.gms.org.conscrypt.Platform.setSocketWriteTimeout(:com.google.android.gms@16089022@16.0.89 (040700-239467275):2)
04-16 18:57:03.336  5069  6570 W Conscrypt: 	at com.google.android.gms.org.conscrypt.ConscryptFileDescriptorSocket.setSoWriteTimeout(:com.google.android.gms@16089022@16.0.89 (040700-239467275):2)
04-16 18:57:03.503  5069  5180 W Conscrypt: Could not set socket write timeout: java.net.SocketException: Socket closed
04-16 18:57:03.512  5069  5180 W Conscrypt: 	at com.google.android.gms.org.conscrypt.Platform.setSocketWriteTimeout(:com.google.android.gms@16089022@16.0.89 (040700-239467275):2)
04-16 18:57:03.512  5069  5180 W Conscrypt: 	at com.google.android.gms.org.conscrypt.ConscryptFileDescriptorSocket.setSoWriteTimeout(:com.google.android.gms@16089022@16.0.89 (040700-239467275):2)
04-16 18:57:03.536  5069  5180 W Conscrypt: Could not set socket write timeout: java.net.SocketException: Socket closed
04-16 18:57:03.536  5069  5180 W Conscrypt: 	at com.google.android.gms.org.conscrypt.Platform.setSocketWriteTimeout(:com.google.android.gms@16089022@16.0.89 (040700-239467275):2)
04-16 18:57:03.536  5069  5180 W Conscrypt: 	at com.google.android.gms.org.conscrypt.ConscryptFileDescriptorSocket.setSoWriteTimeout(:com.google.android.gms@16089022@16.0.89 (040700-239467275):2)
04-16 18:57:03.571  5069  5180 W GLSUser : [AppCertManager] IOException while requesting key: 
04-16 18:57:03.571  5069  5180 W GLSUser : java.io.IOException: Invalid device key response.
04-16 18:57:03.571  5069  5180 W GLSUser : 	at hzz.a(:com.google.android.gms@16089022@16.0.89 (040700-239467275):14)
04-16 18:57:03.571  5069  5180 W GLSUser : 	at hzz.a(:com.google.android.gms@16089022@16.0.89 (040700-239467275):115)
04-16 18:57:03.571  5069  5180 W GLSUser : 	at hzx.a(:com.google.android.gms@16089022@16.0.89 (040700-239467275):6)
04-16 18:57:03.571  5069  5180 W GLSUser : 	at hzt.a(Unknown Source:0)
04-16 18:57:03.571  5069  5180 W GLSUser : 	at hzs.a(:com.google.android.gms@16089022@16.0.89 (040700-239467275):8)
04-16 18:57:03.571  5069  5180 W GLSUser : 	at com.google.android.gms.auth.account.be.legacy.AuthCronChimeraService.b(:com.google.android.gms@16089022@16.0.89 (040700-239467275):6)
04-16 18:57:03.571  5069  5180 W GLSUser : 	at gyi.call(:com.google.android.gms@16089022@16.0.89 (040700-239467275):3)
04-16 18:57:03.571  5069  5180 W GLSUser : 	at java.util.concurrent.FutureTask.run(FutureTask.java:266)
04-16 18:57:03.571  5069  5180 W GLSUser : 	at rrt.b(:com.google.android.gms@16089022@16.0.89 (040700-239467275):32)
04-16 18:57:03.571  5069  5180 W GLSUser : 	at rrt.run(:com.google.android.gms@16089022@16.0.89 (040700-239467275):21)
04-16 18:57:03.571  5069  5180 W GLSUser : 	at java.util.concurrent.ThreadPoolExecutor.runWorker(ThreadPoolExecutor.java:1162)
04-16 18:57:03.571  5069  5180 W GLSUser : 	at java.util.concurrent.ThreadPoolExecutor$Worker.run(ThreadPoolExecutor.java:636)
04-16 18:57:03.571  5069  5180 W GLSUser : 	at rxx.run(Unknown Source:7)
04-16 18:57:03.571  5069  5180 W GLSUser : 	at java.lang.Thread.run(Thread.java:764)
04-16 18:57:39.151  5069  5080 I zygote  : Deoptimizing void rrs.shutdown() due to JIT inline cache
04-16 18:57:53.998  1442  1442 I qemu-props: start adbd ...
04-16 18:58:00.004  1708  1708 I ActivityManager: Killing 10153:com.android.documentsui/u0a10 (adj 906): empty #17
04-16 18:58:00.031  1435  1461 D hwcomposer: hw_composer sent 3 syncs in 60s
04-16 18:58:08.724  5069 10884 E WakeLock: GCM_HB_ALARM release without a matched acquire!
04-16 18:58:17.932  7626  7643 I Finsky  : [419] ifl.run(3): Stats for Executor: BlockingExecutor igw@2b9cd6[Running, pool size = 0, active threads = 0, queued tasks = 0, completed tasks = 50]
04-16 18:58:17.932  7626  7643 I Finsky  : [419] ifl.run(3): Stats for Executor: LightweightExecutor igw@fdf2b57[Running, pool size = 3, active threads = 0, queued tasks = 0, completed tasks = 61]
04-16 18:58:18.144  7626  7643 I Finsky  : [419] ifl.run(3): Stats for Executor: bgExecutor igw@c125f3[Running, pool size = 4, active threads = 0, queued tasks = 0, completed tasks = 770]
04-16 18:58:54.004  1442  1442 I qemu-props: start adbd ...
04-16 18:59:00.019  1435  1461 D hwcomposer: hw_composer sent 4 syncs in 60s
04-16 18:59:44.495  1708  2483 I chatty  : uid=1000(system) Binder:1708_8 expire 2 lines
04-16 18:59:54.007  1442  1442 I qemu-props: start adbd ...
04-16 18:59:58.745  5069 10884 E WakeLock: GCM_HB_ALARM release without a matched acquire!
04-16 19:00:00.023  1435  1461 D hwcomposer: hw_composer sent 3 syncs in 60s
04-16 19:00:26.774  1708  1727 E BatteryStatsService: modem info is invalid: ModemActivityInfo{ mTimestamp=0 mSleepTimeMs=0 mIdleTimeMs=0 mTxTimeMs[]=[0, 0, 0, 0, 0] mRxTimeMs=0 mEnergyUsed=0}
04-16 19:00:54.014  1442  1442 I qemu-props: start adbd ...
04-16 19:01:00.023  1435  1461 D hwcomposer: hw_composer sent 3 syncs in 60s
04-16 19:01:17.934  7626  7643 I Finsky  : [419] ifl.run(3): Stats for Executor: BlockingExecutor igw@2b9cd6[Running, pool size = 0, active threads = 0, queued tasks = 0, completed tasks = 50]
04-16 19:01:17.934  7626  7643 I Finsky  : [419] ifl.run(3): Stats for Executor: LightweightExecutor igw@fdf2b57[Running, pool size = 3, active threads = 0, queued tasks = 0, completed tasks = 61]
04-16 19:01:18.146  7626  7643 I Finsky  : [419] ifl.run(3): Stats for Executor: bgExecutor igw@c125f3[Running, pool size = 4, active threads = 0, queued tasks = 0, completed tasks = 770]
04-16 19:01:48.769  5069 10884 E WakeLock: GCM_HB_ALARM release without a matched acquire!
04-16 19:01:54.017  1442  1442 I qemu-props: start adbd ...
04-16 19:02:00.024  1435  1461 D hwcomposer: hw_composer sent 3 syncs in 60s
04-16 19:02:18.605  7626  7661 I PlayCommon: [437] adkp.d(23): Preparing logs for uploading
04-16 19:02:18.606  7626  7661 W PlayCommon: [437] adkp.a(1): No account for auth token provided
04-16 19:02:18.606  7626  7661 I PlayCommon: [437] adkp.d(114): Connecting to server: https://play.googleapis.com/play/log?format=raw&proto_v2=true
04-16 19:02:18.672  7626  7661 I PlayCommon: [437] adkp.d(162): Successfully uploaded logs.
04-16 19:02:24.496  1708  3150 I chatty  : uid=1000(system) Binder:1708_D expire 2 lines
04-16 19:02:54.020  1442  1442 I qemu-props: start adbd ...
04-16 19:03:00.008  1708  1723 I chatty  : uid=1000(system) android.bg expire 10 lines
04-16 19:03:00.034  1435  1461 D hwcomposer: hw_composer sent 3 syncs in 60s
04-16 19:03:38.791  5069 10884 E WakeLock: GCM_HB_ALARM release without a matched acquire!
04-16 19:03:48.566  1414  1414 I adbd    : USB disconnect
04-16 19:03:48.566 10829 10836 I chatty  : uid=10084(u0_a84) expire 1 line
04-16 19:03:51.098  1414  1414 I adbd    : Calling send_auth_request...
04-16 19:03:51.112  1414  1414 I adbd    : Loading keys from /data/misc/adb/adb_keys
04-16 19:03:54.023  1442  1442 I qemu-props: start adbd ...
04-16 19:04:00.031  1435  1461 D hwcomposer: hw_composer sent 3 syncs in 60s
04-16 19:04:10.872  1708  1723 I UsageStatsService: User[0] Flushing usage stats to disk
04-16 19:04:17.936  7626  7643 I Finsky  : [419] ifl.run(3): Stats for Executor: BlockingExecutor igw@2b9cd6[Running, pool size = 0, active threads = 0, queued tasks = 0, completed tasks = 50]
04-16 19:04:17.936  7626  7643 I Finsky  : [419] ifl.run(3): Stats for Executor: LightweightExecutor igw@fdf2b57[Running, pool size = 3, active threads = 0, queued tasks = 0, completed tasks = 61]
04-16 19:04:18.148  7626  7643 I Finsky  : [419] ifl.run(3): Stats for Executor: bgExecutor igw@c125f3[Running, pool size = 4, active threads = 0, queued tasks = 0, completed tasks = 771]
04-16 19:04:54.026  1442  1442 I qemu-props: start adbd ...
04-16 19:05:00.032  1435  1461 D hwcomposer: hw_composer sent 2 syncs in 60s
04-16 19:05:28.814  5069 10884 E WakeLock: GCM_HB_ALARM release without a matched acquire!
04-16 19:05:54.028  1442  1442 I qemu-props: start adbd ...
04-16 19:06:00.027  1435  1461 D hwcomposer: hw_composer sent 3 syncs in 60s
04-16 19:06:03.899 11000 11000 W zygote  : Unexpected CPU variant for X86 using defaults: x86
04-16 19:06:03.907  1708  1708 I ActivityManager: Start proc 11000:com.android.vending:instant_app_installer/u0a27 for service com.android.vending/com.google.android.finsky.instantapps.metrics.LogFlushJob
04-16 19:06:04.804 11000 11026 I PlayCommon: [553] adkp.d(23): Preparing logs for uploading
04-16 19:06:04.815 11000 11026 I PlayCommon: [553] adkp.d(206): Connecting to server for timestamp: https://play.googleapis.com/play/log/timestamp
04-16 19:06:04.815 11000 11026 D NetworkSecurityConfig: No Network Security Config specified, using platform default
04-16 19:06:04.882 11000 11026 W PlayCommon: [553] adkp.a(1): No account for auth token provided
04-16 19:06:04.882 11000 11026 I PlayCommon: [553] adkp.d(114): Connecting to server: https://play.googleapis.com/play/log?format=raw&proto_v2=true
04-16 19:06:04.910 11000 11026 I PlayCommon: [553] adkp.d(162): Successfully uploaded logs.
04-16 19:06:54.030  1442  1442 I qemu-props: start adbd ...
04-16 19:07:00.003  1708  1708 I ActivityManager: Killing 10171:com.android.externalstorage/u0a8 (adj 906): empty #17
04-16 19:07:00.033  1435  1461 D hwcomposer: hw_composer sent 2 syncs in 60s
04-16 19:07:17.939  7626  7643 I Finsky  : [419] ifl.run(3): Stats for Executor: BlockingExecutor igw@2b9cd6[Running, pool size = 0, active threads = 0, queued tasks = 0, completed tasks = 50]
04-16 19:07:17.939  7626  7643 I Finsky  : [419] ifl.run(3): Stats for Executor: LightweightExecutor igw@fdf2b57[Running, pool size = 3, active threads = 0, queued tasks = 0, completed tasks = 61]
04-16 19:07:18.150  7626  7643 I Finsky  : [419] ifl.run(3): Stats for Executor: bgExecutor igw@c125f3[Running, pool size = 4, active threads = 0, queued tasks = 0, completed tasks = 771]
04-16 19:07:18.839  5069 10884 E WakeLock: GCM_HB_ALARM release without a matched acquire!
04-16 19:07:54.032  1442  1442 I qemu-props: start adbd ...
04-16 19:08:00.022  1435  1461 D hwcomposer: hw_composer sent 5 syncs in 60s
04-16 19:08:54.035  1442  1442 I qemu-props: start adbd ...
04-16 19:09:00.018  1708  1723 I chatty  : uid=1000(system) android.bg expire 10 lines
04-16 19:09:00.035  1435  1461 D hwcomposer: hw_composer sent 3 syncs in 60s
04-16 19:09:04.971  1708  1727 E BatteryStatsService: modem info is invalid: ModemActivityInfo{ mTimestamp=0 mSleepTimeMs=0 mIdleTimeMs=0 mTxTimeMs[]=[0, 0, 0, 0, 0] mRxTimeMs=0 mEnergyUsed=0}
04-16 19:09:08.860  5069 10884 E WakeLock: GCM_HB_ALARM release without a matched acquire!
04-16 19:09:08.986  5058  7438 I Icing   : Performing maintenance.
04-16 19:09:09.157  5058  7438 I Icing   : updateResources: need to parse abpu{com.google.android.gms}
04-16 19:09:09.221  5058  7438 W Icing   : isOptedInForAppHistory: empty Account Name encountered
04-16 19:09:09.237  5058  7438 I Icing   : Performing maintenance usage 1952621 budget 2354765238 free 99.917% index free 99.984% purge? false target 1648335666
04-16 19:09:09.307  5058  7438 I native  : permission-checker.cc:74 Creating PermissionChecker based on ACL with config_version 1 having 5 permissions defined.
04-16 19:09:09.325  5058  7438 W native  : words-map.cc:29 generic::invalid_argument: Empty URI
04-16 19:09:09.326  5058  7438 W native  : words-map.cc:33 WordsMap was not properly initialized
04-16 19:09:09.328  5058  7438 I Icing   : Starting compaction min disk 99.917% min index 99.984%
04-16 19:09:09.352  5058  7438 I native  : flash-index.cc:1605 Flash index sort hb 30 prefix-hits 56 -> 56 at 18.173ms
04-16 19:09:09.515  5058  7438 I native  : document-store.cc:1628 Scored 41 usage reports, missing_corpora 0 update_failed 10
04-16 19:09:09.675  5058  7438 I native  : flash-index.cc:1286 Compaction done in 84.280ms. Shrunk trie 75 -> 73, index blocks 5 -> 3, Display text 0 -> 0. Allocations:
04-16 19:09:09.675  5058  7438 I native  : Pl@      4080:          0
04-16 19:09:09.675  5058  7438 I native  : Pl@      2040:          0
04-16 19:09:09.675  5058  7438 I native  : Pl@      1020:          0
04-16 19:09:09.675  5058  7438 I native  : Pl@       510:          0
04-16 19:09:09.675  5058  7438 I native  : Pl@       255:          0
04-16 19:09:09.675  5058  7438 I native  : Pl@       125:          0
04-16 19:09:09.675  5058  7438 I native  : Pl@        60:          0
04-16 19:09:09.675  5058  7438 I native  : Pl@        30:         23
04-16 19:09:09.675  5058  7438 I native  : Pl@        10:         50
04-16 19:09:09.675  5058  7438 I native  : 
04-16 19:09:09.686  5058  7438 W native  : words-map.cc:29 generic::invalid_argument: Empty URI
04-16 19:09:09.686  5058  7438 W native  : words-map.cc:33 WordsMap was not properly initialized
04-16 19:09:54.038  1442  1442 I qemu-props: start adbd ...
04-16 19:10:00.025  1435  1461 D hwcomposer: hw_composer sent 2 syncs in 60s
04-16 19:10:17.941  7626  7643 I Finsky  : [419] ifl.run(3): Stats for Executor: BlockingExecutor igw@2b9cd6[Running, pool size = 0, active threads = 0, queued tasks = 0, completed tasks = 50]
04-16 19:10:17.942  7626  7643 I Finsky  : [419] ifl.run(3): Stats for Executor: LightweightExecutor igw@fdf2b57[Running, pool size = 3, active threads = 0, queued tasks = 0, completed tasks = 61]
04-16 19:10:18.152  7626  7643 I Finsky  : [419] ifl.run(3): Stats for Executor: bgExecutor igw@c125f3[Running, pool size = 4, active threads = 0, queued tasks = 0, completed tasks = 772]
04-16 19:10:54.040  1442  1442 I qemu-props: start adbd ...
04-16 19:10:58.883  5069 10884 E WakeLock: GCM_HB_ALARM release without a matched acquire!
04-16 19:10:58.893  1708  1723 I chatty  : uid=1000(system) android.bg expire 10 lines
04-16 19:10:58.993  5058  7438 I EventLogChimeraService: Aggregate from 1554596590443 (log), 1554596590443 (data)
04-16 19:10:59.191  1708  1724 W BroadcastQueue: Background execution not allowed: receiving Intent { act=android.intent.action.DROPBOX_ENTRY_ADDED flg=0x10 (has extras) } to com.google.android.gms/.stats.service.DropBoxEntryAddedReceiver
04-16 19:10:59.191  1708  1724 W BroadcastQueue: Background execution not allowed: receiving Intent { act=android.intent.action.DROPBOX_ENTRY_ADDED flg=0x10 (has extras) } to com.google.android.gms/.chimera.GmsIntentOperationService$PersistentTrustedReceiver
04-16 19:11:00.022  1435  1461 D hwcomposer: hw_composer sent 3 syncs in 60s
04-16 19:11:54.043  1442  1442 I qemu-props: start adbd ...
04-16 19:12:00.022  1435  1461 D hwcomposer: hw_composer sent 3 syncs in 60s
04-16 19:12:48.907  5069 10884 E WakeLock: GCM_HB_ALARM release without a matched acquire!
04-16 19:12:54.047  1442  1442 I qemu-props: start adbd ...
04-16 19:13:00.018  1435  1461 D hwcomposer: hw_composer sent 3 syncs in 60s
04-16 19:13:01.542  1708  1723 I chatty  : uid=1000(system) android.bg expire 12 lines
04-16 19:13:17.945  7626  7643 I Finsky  : [419] ifl.run(3): Stats for Executor: BlockingExecutor igw@2b9cd6[Running, pool size = 0, active threads = 0, queued tasks = 0, completed tasks = 50]
04-16 19:13:17.945  7626  7643 I Finsky  : [419] ifl.run(3): Stats for Executor: LightweightExecutor igw@fdf2b57[Running, pool size = 3, active threads = 0, queued tasks = 0, completed tasks = 61]
04-16 19:13:18.155  7626  7643 I Finsky  : [419] ifl.run(3): Stats for Executor: bgExecutor igw@c125f3[Running, pool size = 4, active threads = 0, queued tasks = 0, completed tasks = 773]
04-16 19:13:54.050  1442  1442 I qemu-props: start adbd ...
04-16 19:14:00.024  1435  1461 D hwcomposer: hw_composer sent 3 syncs in 60s
04-16 19:14:38.929  5069 10884 E WakeLock: GCM_HB_ALARM release without a matched acquire!
04-16 19:14:54.053  1442  1442 I qemu-props: start adbd ...
04-16 19:15:00.027  1435  1461 D hwcomposer: hw_composer sent 3 syncs in 60s
04-16 19:15:54.057  1442  1442 I qemu-props: start adbd ...
04-16 19:16:00.025  1435  1461 D hwcomposer: hw_composer sent 2 syncs in 60s
04-16 19:16:17.947  7626  7643 I Finsky  : [419] ifl.run(3): Stats for Executor: BlockingExecutor igw@2b9cd6[Running, pool size = 0, active threads = 0, queued tasks = 0, completed tasks = 50]
04-16 19:16:17.948  7626  7643 I Finsky  : [419] ifl.run(3): Stats for Executor: LightweightExecutor igw@fdf2b57[Running, pool size = 3, active threads = 0, queued tasks = 0, completed tasks = 61]
04-16 19:16:18.157  7626  7643 I Finsky  : [419] ifl.run(3): Stats for Executor: bgExecutor igw@c125f3[Running, pool size = 4, active threads = 0, queued tasks = 0, completed tasks = 773]
04-16 19:16:28.952  5069 10884 E WakeLock: GCM_HB_ALARM release without a matched acquire!
04-16 19:16:38.952  1708  1723 I ActivityManager: Killing 10237:com.google.android.apps.docs/u0a51 (adj 904): empty for 1808s
04-16 19:16:38.953  1708  1723 I ActivityManager: Killing 2382:android.process.media/u0a9 (adj 904): empty for 1808s
04-16 19:16:38.954  1708  1723 I ActivityManager: Killing 10209:com.android.mtp/u0a9 (adj 906): empty for 1809s
04-16 19:16:39.220  1708  1727 E BatteryStatsService: modem info is invalid: ModemActivityInfo{ mTimestamp=0 mSleepTimeMs=0 mIdleTimeMs=0 mTxTimeMs[]=[0, 0, 0, 0, 0] mRxTimeMs=0 mEnergyUsed=0}
04-16 19:16:54.059  1442  1442 I qemu-props: start adbd ...
04-16 19:17:00.033  1435  1461 D hwcomposer: hw_composer sent 5 syncs in 60s
04-16 19:17:54.062  1442  1442 I qemu-props: start adbd ...
04-16 19:18:00.017  1435  1461 D hwcomposer: hw_composer sent 2 syncs in 60s
04-16 19:18:18.975  5069 10884 E WakeLock: GCM_HB_ALARM release without a matched acquire!
04-16 19:18:24.507  1708  2264 I chatty  : uid=1000(system) Binder:1708_6 expire 1 line
04-16 19:18:54.065  1442  1442 I qemu-props: start adbd ...
04-16 19:19:00.021  1435  1461 D hwcomposer: hw_composer sent 3 syncs in 60s
04-16 19:19:17.950  7626  7643 I Finsky  : [419] ifl.run(3): Stats for Executor: BlockingExecutor igw@2b9cd6[Running, pool size = 0, active threads = 0, queued tasks = 0, completed tasks = 50]
04-16 19:19:17.950  7626  7643 I Finsky  : [419] ifl.run(3): Stats for Executor: LightweightExecutor igw@fdf2b57[Running, pool size = 3, active threads = 0, queued tasks = 0, completed tasks = 61]
04-16 19:19:18.158  7626  7643 I Finsky  : [419] ifl.run(3): Stats for Executor: bgExecutor igw@c125f3[Running, pool size = 4, active threads = 0, queued tasks = 0, completed tasks = 774]
04-16 19:19:49.355  1708  1727 E KernelCpuSpeedReader: Failed to read cpu-freq: /sys/devices/system/cpu/cpu0/cpufreq/stats/time_in_state (No such file or directory)
04-16 19:19:49.356  1708  1727 E BatteryStatsService: modem info is invalid: ModemActivityInfo{ mTimestamp=0 mSleepTimeMs=0 mIdleTimeMs=0 mTxTimeMs[]=[0, 0, 0, 0, 0] mRxTimeMs=0 mEnergyUsed=0}
04-16 19:19:54.068  1442  1442 I qemu-props: start adbd ...
04-16 19:20:00.006  1708  1723 I chatty  : uid=1000(system) android.bg expire 18 lines
04-16 19:20:00.032  1435  1461 D hwcomposer: hw_composer sent 3 syncs in 60s
04-16 19:20:09.004  5069 10884 E WakeLock: GCM_HB_ALARM release without a matched acquire!
04-16 19:20:54.071  1442  1442 I qemu-props: start adbd ...
04-16 19:21:00.023  1435  1461 D hwcomposer: hw_composer sent 2 syncs in 60s
04-16 19:21:54.074  1442  1442 I qemu-props: start adbd ...
04-16 19:21:59.023  1708  1724 I ActivityManager: Killing 4233:com.android.keychain/1000 (adj 904): empty for 1822s
04-16 19:21:59.023  1708  1724 I ActivityManager: Killing 9976:android.process.acore/u0a2 (adj 904): empty for 1824s
04-16 19:21:59.024  1708  1724 I ActivityManager: Killing 10337:com.google.android.deskclock/u0a68 (adj 904): empty for 1826s
04-16 19:21:59.024  1708  1724 I ActivityManager: Killing 10297:com.google.android.calendar/u0a44 (adj 906): empty for 1826s
04-16 19:21:59.031  5069 10884 E WakeLock: GCM_HB_ALARM release without a matched acquire!
04-16 19:22:00.023  1435  1461 D hwcomposer: hw_composer sent 5 syncs in 60s
04-16 19:22:01.560 11086 11086 W zygote  : Unexpected CPU variant for X86 using defaults: x86
04-16 19:22:01.564  1708  1708 I ActivityManager: Start proc 11086:com.google.android.partnersetup/u0a16 for service com.google.android.partnersetup/.InstalledAppJobService
04-16 19:22:01.731  1708  1727 E BatteryStatsService: modem info is invalid: ModemActivityInfo{ mTimestamp=0 mSleepTimeMs=0 mIdleTimeMs=0 mTxTimeMs[]=[0, 0, 0, 0, 0] mRxTimeMs=0 mEnergyUsed=0}
04-16 19:22:01.821  1947  1947 D ImsResolver: maybeAddedImsService, packageName: com.google.android.apps.maps
04-16 19:22:01.832  7626  7626 I Finsky  : [2] com.google.android.finsky.packagemanager.impl.PackageMonitorReceiverImpl.a(4): PackageMonitor received: android.intent.action.PACKAGE_CHANGED
04-16 19:22:01.845  1708  1798 I chatty  : uid=1000(system) InputReader expire 3 lines
04-16 19:22:01.865  1708  1708 I Telecom : DefaultDialerCache: Refreshing default dialer for user 0: now com.google.android.dialer: DDC.oR@AUg
04-16 19:22:01.866  7626  7626 I Finsky  : [2] ngk.b(2): Frosting ID looked up on UI thread. Caller should move to a background thread.
04-16 19:22:01.895  5058 11111 I MS_Utils: version of com.google.android.apps.maps = 1012101040
04-16 19:22:01.929  1947  1947 D CarrierSvcBindHelper: No carrier app for: 0
04-16 19:22:01.932  7626 11108 I Finsky  : [556] ngl.run(16): Wrote row to frosting DB: 131
04-16 19:22:01.939  5058 11109 I MS_Utils: version of com.google.android.apps.maps = 1012101040
04-16 19:22:02.010  2425  2521 W ResourceType: ResTable_typeSpec entry count inconsistent: given 18, previously 25
04-16 19:22:02.012  2425  2521 W ResourceType: ResTable_typeSpec entry count inconsistent: given 316, previously 454
04-16 19:22:02.020  5058  7438 W ResourceType: ResTable_typeSpec entry count inconsistent: given 18, previously 25
04-16 19:22:02.020  5058  7438 W ResourceType: ResTable_typeSpec entry count inconsistent: given 316, previously 454
04-16 19:22:02.066  5058  5235 I Icing   : IndexChimeraService.getServiceInterface callingPackage=com.google.android.gms componentName=AppsCorpus serviceId=SEARCH_CORPORA
04-16 19:22:02.067  5058  5139 I Icing   : IndexChimeraService.getServiceInterface callingPackage=com.google.android.gms componentName=AppsCorpus serviceId=SEARCH_QUERIES
04-16 19:22:02.070  1708  1723 I chatty  : uid=1000(system) android.bg expire 14 lines
04-16 19:22:02.070  1947  1947 D ImsResolver: maybeAddedImsService, packageName: com.google.android.videos
04-16 19:22:02.082  7626  7626 I Finsky  : [2] com.google.android.finsky.packagemanager.impl.PackageMonitorReceiverImpl.a(4): PackageMonitor received: android.intent.action.PACKAGE_CHANGED
04-16 19:22:02.100  1708  1708 I Telecom : DefaultDialerCache: Refreshing default dialer for user 0: now com.google.android.dialer: DDC.oR@AUk
04-16 19:22:02.116  7626  7626 I Finsky  : [2] ngk.b(2): Frosting ID looked up on UI thread. Caller should move to a background thread.
